image-compose-deploy	Set up job	2026-09-12T02:38:24.6508494Z Current runner version: '2.337.0'
image-compose-deploy	Set up job	2026-09-12T02:38:24.6536544Z ##[group]Runner Image Provisioner
image-compose-deploy	Set up job	2026-09-12T02:38:24.6537398Z Hosted Compute Agent
image-compose-deploy	Set up job	2026-09-12T02:38:24.6538152Z Version: 20260828.587
image-compose-deploy	Set up job	2026-09-12T02:38:24.6538765Z Commit: abac92662cab4cc7352de4f9f9d2e2419aad9c29
image-compose-deploy	Set up job	2026-09-12T02:38:24.6539455Z Build Date: 2026-08-28T16:44:25Z
image-compose-deploy	Set up job	2026-09-12T02:38:24.6540087Z Worker ID: {d993023e-b726-4261-8b9f-8732dee51f39}
image-compose-deploy	Set up job	2026-09-12T02:38:24.6540732Z Azure Region: centralus
image-compose-deploy	Set up job	2026-09-12T02:38:24.6541334Z ##[endgroup]
image-compose-deploy	Set up job	2026-09-12T02:38:24.6542980Z ##[group]Operating System
image-compose-deploy	Set up job	2026-09-12T02:38:24.6543669Z Ubuntu
image-compose-deploy	Set up job	2026-09-12T02:38:24.6544211Z 24.04.5
image-compose-deploy	Set up job	2026-09-12T02:38:24.6544668Z LTS
image-compose-deploy	Set up job	2026-09-12T02:38:24.6545169Z ##[endgroup]
image-compose-deploy	Set up job	2026-09-12T02:38:24.6545679Z ##[group]Runner Image
image-compose-deploy	Set up job	2026-09-12T02:38:24.6546211Z Image: ubuntu-24.04
image-compose-deploy	Set up job	2026-09-12T02:38:24.6546756Z Version: 20260907.300.1
image-compose-deploy	Set up job	2026-09-12T02:38:24.6547745Z Included Software: https://github.com/actions/runner-images/blob/ubuntu24/20260907.300/images/ubuntu/Ubuntu2404-Readme.md
image-compose-deploy	Set up job	2026-09-12T02:38:24.6549949Z Image Release: https://github.com/actions/runner-images/releases/tag/ubuntu24%2F20260907.300
image-compose-deploy	Set up job	2026-09-12T02:38:24.6550814Z ##[endgroup]
image-compose-deploy	Set up job	2026-09-12T02:38:24.6551903Z ##[group]GITHUB_TOKEN Permissions
image-compose-deploy	Set up job	2026-09-12T02:38:24.6554615Z Contents: read
image-compose-deploy	Set up job	2026-09-12T02:38:24.6555247Z Metadata: read
image-compose-deploy	Set up job	2026-09-12T02:38:24.6555750Z ##[endgroup]
image-compose-deploy	Set up job	2026-09-12T02:38:24.6557758Z Secret source: Actions
image-compose-deploy	Set up job	2026-09-12T02:38:24.6558607Z Cache mode: write
image-compose-deploy	Set up job	2026-09-12T02:38:24.6559588Z Prepare workflow directory
image-compose-deploy	Set up job	2026-09-12T02:38:24.7086866Z Prepare all required actions
image-compose-deploy	Set up job	2026-09-12T02:38:24.7200932Z Getting action download info
image-compose-deploy	Set up job	2026-09-12T02:38:24.9664543Z Download action repository 'actions/checkout@34e114876b0b11c390a56381ad16ebd13914f8d5' (SHA:34e114876b0b11c390a56381ad16ebd13914f8d5)
image-compose-deploy	Set up job	2026-09-12T02:38:26.7000723Z Download action repository 'actions/setup-node@49933ea5288caeca8642d1e84afbd3f7d6820020' (SHA:49933ea5288caeca8642d1e84afbd3f7d6820020)
image-compose-deploy	Set up job	2026-09-12T02:38:27.3233879Z Download action repository 'actions/upload-artifact@ea165f8d65b6e75b540449e92b4886f43607fa02' (SHA:ea165f8d65b6e75b540449e92b4886f43607fa02)
image-compose-deploy	Set up job	2026-09-12T02:38:27.8412094Z Complete job name: image-compose-deploy
image-compose-deploy	Run actions/checkout@34e114876b0b11c390a56381ad16ebd13914f8d5	2026-09-12T02:38:27.8909687Z Node 20 is being deprecated. This workflow is running with Node 24 by default. If you need to temporarily use Node 20, you can set the ACTIONS_ALLOW_USE_UNSECURE_NODE_VERSION=true environment variable. For more information see: https://github.blog/changelog/2025-09-19-deprecation-of-node-20-on-github-actions-runners/
image-compose-deploy	Run actions/checkout@34e114876b0b11c390a56381ad16ebd13914f8d5	2026-09-12T02:38:27.8916312Z ##[group]Run actions/checkout@34e114876b0b11c390a56381ad16ebd13914f8d5
image-compose-deploy	Run actions/checkout@34e114876b0b11c390a56381ad16ebd13914f8d5	2026-09-12T02:38:27.8916801Z with:
image-compose-deploy	Run actions/checkout@34e114876b0b11c390a56381ad16ebd13914f8d5	2026-09-12T02:38:27.8917072Z   repository: szTheory/keepling
image-compose-deploy	Run actions/checkout@34e114876b0b11c390a56381ad16ebd13914f8d5	2026-09-12T02:38:27.8919167Z   token: ***
image-compose-deploy	Run actions/checkout@34e114876b0b11c390a56381ad16ebd13914f8d5	2026-09-12T02:38:27.8919404Z   ssh-strict: true
image-compose-deploy	Run actions/checkout@34e114876b0b11c390a56381ad16ebd13914f8d5	2026-09-12T02:38:27.8919637Z   ssh-user: git
image-compose-deploy	Run actions/checkout@34e114876b0b11c390a56381ad16ebd13914f8d5	2026-09-12T02:38:27.8919939Z   persist-credentials: true
image-compose-deploy	Run actions/checkout@34e114876b0b11c390a56381ad16ebd13914f8d5	2026-09-12T02:38:27.8920211Z   clean: true
image-compose-deploy	Run actions/checkout@34e114876b0b11c390a56381ad16ebd13914f8d5	2026-09-12T02:38:27.8920467Z   sparse-checkout-cone-mode: true
image-compose-deploy	Run actions/checkout@34e114876b0b11c390a56381ad16ebd13914f8d5	2026-09-12T02:38:27.8920767Z   fetch-depth: 1
image-compose-deploy	Run actions/checkout@34e114876b0b11c390a56381ad16ebd13914f8d5	2026-09-12T02:38:27.8920993Z   fetch-tags: false
image-compose-deploy	Run actions/checkout@34e114876b0b11c390a56381ad16ebd13914f8d5	2026-09-12T02:38:27.8921286Z   show-progress: true
image-compose-deploy	Run actions/checkout@34e114876b0b11c390a56381ad16ebd13914f8d5	2026-09-12T02:38:27.8921543Z   lfs: false
image-compose-deploy	Run actions/checkout@34e114876b0b11c390a56381ad16ebd13914f8d5	2026-09-12T02:38:27.8921875Z   submodules: false
image-compose-deploy	Run actions/checkout@34e114876b0b11c390a56381ad16ebd13914f8d5	2026-09-12T02:38:27.8922117Z   set-safe-directory: true
image-compose-deploy	Run actions/checkout@34e114876b0b11c390a56381ad16ebd13914f8d5	2026-09-12T02:38:27.8922436Z env:
image-compose-deploy	Run actions/checkout@34e114876b0b11c390a56381ad16ebd13914f8d5	2026-09-12T02:38:27.8922881Z   KEEPLING_PHASE2_SEED: 20260901
image-compose-deploy	Run actions/checkout@34e114876b0b11c390a56381ad16ebd13914f8d5	2026-09-12T02:38:27.8923269Z   KEEPLING_FLAKE_POLICY: no-retry; quarantine-requires-owner-issue-expiry
image-compose-deploy	Run actions/checkout@34e114876b0b11c390a56381ad16ebd13914f8d5	2026-09-12T02:38:27.8923698Z   KEEPLING_IMAGE_PLATFORM: linux/amd64
image-compose-deploy	Run actions/checkout@34e114876b0b11c390a56381ad16ebd13914f8d5	2026-09-12T02:38:27.8923976Z ##[endgroup]
image-compose-deploy	Run actions/checkout@34e114876b0b11c390a56381ad16ebd13914f8d5	2026-09-12T02:38:27.9748463Z Syncing repository: szTheory/keepling
image-compose-deploy	Run actions/checkout@34e114876b0b11c390a56381ad16ebd13914f8d5	2026-09-12T02:38:27.9750270Z ##[group]Getting Git version info
image-compose-deploy	Run actions/checkout@34e114876b0b11c390a56381ad16ebd13914f8d5	2026-09-12T02:38:27.9750971Z Working directory is '/home/runner/work/keepling/keepling'
image-compose-deploy	Run actions/checkout@34e114876b0b11c390a56381ad16ebd13914f8d5	2026-09-12T02:38:27.9751929Z [command]/usr/bin/git version
image-compose-deploy	Run actions/checkout@34e114876b0b11c390a56381ad16ebd13914f8d5	2026-09-12T02:38:28.0101231Z git version 2.55.0
image-compose-deploy	Run actions/checkout@34e114876b0b11c390a56381ad16ebd13914f8d5	2026-09-12T02:38:28.0116101Z ##[endgroup]
image-compose-deploy	Run actions/checkout@34e114876b0b11c390a56381ad16ebd13914f8d5	2026-09-12T02:38:28.0127652Z Temporarily overriding HOME='/home/runner/work/_temp/56d23032-5cf1-4b82-a9bd-db1cabe4ce26' before making global git config changes
image-compose-deploy	Run actions/checkout@34e114876b0b11c390a56381ad16ebd13914f8d5	2026-09-12T02:38:28.0129386Z Adding repository directory to the temporary git global config as a safe directory
image-compose-deploy	Run actions/checkout@34e114876b0b11c390a56381ad16ebd13914f8d5	2026-09-12T02:38:28.0133118Z [command]/usr/bin/git config --global --add safe.directory /home/runner/work/keepling/keepling
image-compose-deploy	Run actions/checkout@34e114876b0b11c390a56381ad16ebd13914f8d5	2026-09-12T02:38:28.0283245Z Deleting the contents of '/home/runner/work/keepling/keepling'
image-compose-deploy	Run actions/checkout@34e114876b0b11c390a56381ad16ebd13914f8d5	2026-09-12T02:38:28.0287935Z ##[group]Initializing the repository
image-compose-deploy	Run actions/checkout@34e114876b0b11c390a56381ad16ebd13914f8d5	2026-09-12T02:38:28.0291373Z [command]/usr/bin/git init /home/runner/work/keepling/keepling
image-compose-deploy	Run actions/checkout@34e114876b0b11c390a56381ad16ebd13914f8d5	2026-09-12T02:38:28.0669135Z hint: Using 'master' as the name for the initial branch. This default branch name
image-compose-deploy	Run actions/checkout@34e114876b0b11c390a56381ad16ebd13914f8d5	2026-09-12T02:38:28.0677886Z hint: will change to "main" in Git 3.0. To configure the initial branch name
image-compose-deploy	Run actions/checkout@34e114876b0b11c390a56381ad16ebd13914f8d5	2026-09-12T02:38:28.0678673Z hint: to use in all of your new repositories, which will suppress this warning,
image-compose-deploy	Run actions/checkout@34e114876b0b11c390a56381ad16ebd13914f8d5	2026-09-12T02:38:28.0679351Z hint: call:
image-compose-deploy	Run actions/checkout@34e114876b0b11c390a56381ad16ebd13914f8d5	2026-09-12T02:38:28.0679805Z hint:
image-compose-deploy	Run actions/checkout@34e114876b0b11c390a56381ad16ebd13914f8d5	2026-09-12T02:38:28.0680332Z hint: 	git config --global init.defaultBranch <name>
image-compose-deploy	Run actions/checkout@34e114876b0b11c390a56381ad16ebd13914f8d5	2026-09-12T02:38:28.0680909Z hint:
image-compose-deploy	Run actions/checkout@34e114876b0b11c390a56381ad16ebd13914f8d5	2026-09-12T02:38:28.0681314Z hint: Names commonly chosen instead of 'master' are 'main', 'trunk' and
image-compose-deploy	Run actions/checkout@34e114876b0b11c390a56381ad16ebd13914f8d5	2026-09-12T02:38:28.0682011Z hint: 'development'. The just-created branch can be renamed via this command:
image-compose-deploy	Run actions/checkout@34e114876b0b11c390a56381ad16ebd13914f8d5	2026-09-12T02:38:28.0682521Z hint:
image-compose-deploy	Run actions/checkout@34e114876b0b11c390a56381ad16ebd13914f8d5	2026-09-12T02:38:28.0683106Z hint: 	git branch -m <name>
image-compose-deploy	Run actions/checkout@34e114876b0b11c390a56381ad16ebd13914f8d5	2026-09-12T02:38:28.0684943Z hint:
image-compose-deploy	Run actions/checkout@34e114876b0b11c390a56381ad16ebd13914f8d5	2026-09-12T02:38:28.0685602Z hint: Disable this message with "git config set advice.defaultBranchName false"
image-compose-deploy	Run actions/checkout@34e114876b0b11c390a56381ad16ebd13914f8d5	2026-09-12T02:38:28.0686746Z Initialized empty Git repository in /home/runner/work/keepling/keepling/.git/
image-compose-deploy	Run actions/checkout@34e114876b0b11c390a56381ad16ebd13914f8d5	2026-09-12T02:38:28.0688493Z [command]/usr/bin/git remote add origin https://github.com/szTheory/keepling
image-compose-deploy	Run actions/checkout@34e114876b0b11c390a56381ad16ebd13914f8d5	2026-09-12T02:38:28.0727481Z ##[endgroup]
image-compose-deploy	Run actions/checkout@34e114876b0b11c390a56381ad16ebd13914f8d5	2026-09-12T02:38:28.0728187Z ##[group]Disabling automatic garbage collection
image-compose-deploy	Run actions/checkout@34e114876b0b11c390a56381ad16ebd13914f8d5	2026-09-12T02:38:28.0728967Z [command]/usr/bin/git config --local gc.auto 0
image-compose-deploy	Run actions/checkout@34e114876b0b11c390a56381ad16ebd13914f8d5	2026-09-12T02:38:28.0749781Z ##[endgroup]
image-compose-deploy	Run actions/checkout@34e114876b0b11c390a56381ad16ebd13914f8d5	2026-09-12T02:38:28.0750514Z ##[group]Setting up auth
image-compose-deploy	Run actions/checkout@34e114876b0b11c390a56381ad16ebd13914f8d5	2026-09-12T02:38:28.0754659Z [command]/usr/bin/git config --local --name-only --get-regexp core\.sshCommand
image-compose-deploy	Run actions/checkout@34e114876b0b11c390a56381ad16ebd13914f8d5	2026-09-12T02:38:28.0779097Z [command]/usr/bin/git submodule foreach --recursive sh -c "git config --local --name-only --get-regexp 'core\.sshCommand' && git config --local --unset-all 'core.sshCommand' || :"
image-compose-deploy	Run actions/checkout@34e114876b0b11c390a56381ad16ebd13914f8d5	2026-09-12T02:38:28.1052757Z [command]/usr/bin/git config --local --name-only --get-regexp http\.https\:\/\/github\.com\/\.extraheader
image-compose-deploy	Run actions/checkout@34e114876b0b11c390a56381ad16ebd13914f8d5	2026-09-12T02:38:28.1074666Z [command]/usr/bin/git submodule foreach --recursive sh -c "git config --local --name-only --get-regexp 'http\.https\:\/\/github\.com\/\.extraheader' && git config --local --unset-all 'http.https://github.com/.extraheader' || :"
image-compose-deploy	Run actions/checkout@34e114876b0b11c390a56381ad16ebd13914f8d5	2026-09-12T02:38:28.1220193Z [command]/usr/bin/git config --local --name-only --get-regexp ^includeIf\.gitdir:
image-compose-deploy	Run actions/checkout@34e114876b0b11c390a56381ad16ebd13914f8d5	2026-09-12T02:38:28.1241616Z [command]/usr/bin/git submodule foreach --recursive git config --local --show-origin --name-only --get-regexp remote.origin.url
image-compose-deploy	Run actions/checkout@34e114876b0b11c390a56381ad16ebd13914f8d5	2026-09-12T02:38:28.1388294Z [command]/usr/bin/git config --local http.https://github.com/.extraheader AUTHORIZATION: basic ***
image-compose-deploy	Run actions/checkout@34e114876b0b11c390a56381ad16ebd13914f8d5	2026-09-12T02:38:28.1421933Z ##[endgroup]
image-compose-deploy	Run actions/checkout@34e114876b0b11c390a56381ad16ebd13914f8d5	2026-09-12T02:38:28.1423384Z ##[group]Fetching the repository
image-compose-deploy	Run actions/checkout@34e114876b0b11c390a56381ad16ebd13914f8d5	2026-09-12T02:38:28.1424685Z [command]/usr/bin/git -c protocol.version=2 fetch --no-tags --prune --no-recurse-submodules --depth=1 origin +26628e1771d5b90569b5eec232047456fdda9f2e:refs/remotes/origin/main
image-compose-deploy	Run actions/checkout@34e114876b0b11c390a56381ad16ebd13914f8d5	2026-09-12T02:38:29.4700710Z From https://github.com/szTheory/keepling
image-compose-deploy	Run actions/checkout@34e114876b0b11c390a56381ad16ebd13914f8d5	2026-09-12T02:38:29.4701350Z  * [new ref]         26628e1771d5b90569b5eec232047456fdda9f2e -> origin/main
image-compose-deploy	Run actions/checkout@34e114876b0b11c390a56381ad16ebd13914f8d5	2026-09-12T02:38:29.4703180Z ##[endgroup]
image-compose-deploy	Run actions/checkout@34e114876b0b11c390a56381ad16ebd13914f8d5	2026-09-12T02:38:29.4703733Z ##[group]Determining the checkout info
image-compose-deploy	Run actions/checkout@34e114876b0b11c390a56381ad16ebd13914f8d5	2026-09-12T02:38:29.4704339Z ##[endgroup]
image-compose-deploy	Run actions/checkout@34e114876b0b11c390a56381ad16ebd13914f8d5	2026-09-12T02:38:29.4704800Z [command]/usr/bin/git sparse-checkout disable
image-compose-deploy	Run actions/checkout@34e114876b0b11c390a56381ad16ebd13914f8d5	2026-09-12T02:38:29.4743423Z [command]/usr/bin/git config --local --unset-all extensions.worktreeConfig
image-compose-deploy	Run actions/checkout@34e114876b0b11c390a56381ad16ebd13914f8d5	2026-09-12T02:38:29.4763915Z ##[group]Checking out the ref
image-compose-deploy	Run actions/checkout@34e114876b0b11c390a56381ad16ebd13914f8d5	2026-09-12T02:38:29.4766739Z [command]/usr/bin/git checkout --progress --force -B main refs/remotes/origin/main
image-compose-deploy	Run actions/checkout@34e114876b0b11c390a56381ad16ebd13914f8d5	2026-09-12T02:38:29.6642486Z Switched to a new branch 'main'
image-compose-deploy	Run actions/checkout@34e114876b0b11c390a56381ad16ebd13914f8d5	2026-09-12T02:38:29.6658323Z branch 'main' set up to track 'origin/main'.
image-compose-deploy	Run actions/checkout@34e114876b0b11c390a56381ad16ebd13914f8d5	2026-09-12T02:38:29.6665190Z ##[endgroup]
image-compose-deploy	Run actions/checkout@34e114876b0b11c390a56381ad16ebd13914f8d5	2026-09-12T02:38:29.6693791Z [command]/usr/bin/git log -1 --format=%H
image-compose-deploy	Run actions/checkout@34e114876b0b11c390a56381ad16ebd13914f8d5	2026-09-12T02:38:29.6709525Z 26628e1771d5b90569b5eec232047456fdda9f2e
image-compose-deploy	Run actions/setup-node@49933ea5288caeca8642d1e84afbd3f7d6820020	2026-09-12T02:38:29.6918228Z Node 20 is being deprecated. This workflow is running with Node 24 by default. If you need to temporarily use Node 20, you can set the ACTIONS_ALLOW_USE_UNSECURE_NODE_VERSION=true environment variable. For more information see: https://github.blog/changelog/2025-09-19-deprecation-of-node-20-on-github-actions-runners/
image-compose-deploy	Run actions/setup-node@49933ea5288caeca8642d1e84afbd3f7d6820020	2026-09-12T02:38:29.6919642Z ##[group]Run actions/setup-node@49933ea5288caeca8642d1e84afbd3f7d6820020
image-compose-deploy	Run actions/setup-node@49933ea5288caeca8642d1e84afbd3f7d6820020	2026-09-12T02:38:29.6919954Z with:
image-compose-deploy	Run actions/setup-node@49933ea5288caeca8642d1e84afbd3f7d6820020	2026-09-12T02:38:29.6920190Z   node-version: 24.7.0
image-compose-deploy	Run actions/setup-node@49933ea5288caeca8642d1e84afbd3f7d6820020	2026-09-12T02:38:29.6920414Z   always-auth: false
image-compose-deploy	Run actions/setup-node@49933ea5288caeca8642d1e84afbd3f7d6820020	2026-09-12T02:38:29.6920664Z   check-latest: false
image-compose-deploy	Run actions/setup-node@49933ea5288caeca8642d1e84afbd3f7d6820020	2026-09-12T02:38:29.6922728Z   token: ***
image-compose-deploy	Run actions/setup-node@49933ea5288caeca8642d1e84afbd3f7d6820020	2026-09-12T02:38:29.6922951Z env:
image-compose-deploy	Run actions/setup-node@49933ea5288caeca8642d1e84afbd3f7d6820020	2026-09-12T02:38:29.6923191Z   KEEPLING_PHASE2_SEED: 20260901
image-compose-deploy	Run actions/setup-node@49933ea5288caeca8642d1e84afbd3f7d6820020	2026-09-12T02:38:29.6923513Z   KEEPLING_FLAKE_POLICY: no-retry; quarantine-requires-owner-issue-expiry
image-compose-deploy	Run actions/setup-node@49933ea5288caeca8642d1e84afbd3f7d6820020	2026-09-12T02:38:29.6923924Z   KEEPLING_IMAGE_PLATFORM: linux/amd64
image-compose-deploy	Run actions/setup-node@49933ea5288caeca8642d1e84afbd3f7d6820020	2026-09-12T02:38:29.6924181Z ##[endgroup]
image-compose-deploy	Run actions/setup-node@49933ea5288caeca8642d1e84afbd3f7d6820020	2026-09-12T02:38:29.7962310Z Attempting to download 24.7.0...
image-compose-deploy	Run actions/setup-node@49933ea5288caeca8642d1e84afbd3f7d6820020	2026-09-12T02:38:29.8064003Z (node:1915) [DEP0040] DeprecationWarning: The `punycode` module is deprecated. Please use a userland alternative instead.
image-compose-deploy	Run actions/setup-node@49933ea5288caeca8642d1e84afbd3f7d6820020	2026-09-12T02:38:29.8074035Z (Use `node --trace-deprecation ...` to show where the warning was created)
image-compose-deploy	Run actions/setup-node@49933ea5288caeca8642d1e84afbd3f7d6820020	2026-09-12T02:38:30.4988806Z Acquiring 24.7.0 - x64 from https://github.com/actions/node-versions/releases/download/24.7.0-17283839804/node-24.7.0-linux-x64.tar.gz
image-compose-deploy	Run actions/setup-node@49933ea5288caeca8642d1e84afbd3f7d6820020	2026-09-12T02:38:31.0563740Z Extracting ...
image-compose-deploy	Run actions/setup-node@49933ea5288caeca8642d1e84afbd3f7d6820020	2026-09-12T02:38:31.0739582Z [command]/usr/bin/tar xz --strip 1 --warning=no-unknown-keyword --overwrite -C /home/runner/work/_temp/1e8737b6-7ac2-4f9b-830b-c90fa7096d41 -f /home/runner/work/_temp/d7a3938f-c8e1-4ef6-a30b-ce7d00cc03dd
image-compose-deploy	Run actions/setup-node@49933ea5288caeca8642d1e84afbd3f7d6820020	2026-09-12T02:38:32.1620632Z Adding to the cache ...
image-compose-deploy	Run actions/setup-node@49933ea5288caeca8642d1e84afbd3f7d6820020	2026-09-12T02:38:40.9904204Z ##[group]Environment details
image-compose-deploy	Run actions/setup-node@49933ea5288caeca8642d1e84afbd3f7d6820020	2026-09-12T02:38:41.5274258Z node: v24.7.0
image-compose-deploy	Run actions/setup-node@49933ea5288caeca8642d1e84afbd3f7d6820020	2026-09-12T02:38:41.5275180Z npm: 11.5.1
image-compose-deploy	Run actions/setup-node@49933ea5288caeca8642d1e84afbd3f7d6820020	2026-09-12T02:38:41.5275607Z yarn: 1.22.22
image-compose-deploy	Run actions/setup-node@49933ea5288caeca8642d1e84afbd3f7d6820020	2026-09-12T02:38:41.5276602Z ##[endgroup]
image-compose-deploy	Install locked JavaScript inputs	2026-09-12T02:38:41.5407677Z ##[group]Run corepack enable && pnpm install --frozen-lockfile
image-compose-deploy	Install locked JavaScript inputs	2026-09-12T02:38:41.5408149Z ^[[36;1mcorepack enable && pnpm install --frozen-lockfile^[[0m
image-compose-deploy	Install locked JavaScript inputs	2026-09-12T02:38:41.5433401Z shell: /usr/bin/bash -e {0}
image-compose-deploy	Install locked JavaScript inputs	2026-09-12T02:38:41.5433766Z env:
image-compose-deploy	Install locked JavaScript inputs	2026-09-12T02:38:41.5434045Z   KEEPLING_PHASE2_SEED: 20260901
image-compose-deploy	Install locked JavaScript inputs	2026-09-12T02:38:41.5434410Z   KEEPLING_FLAKE_POLICY: no-retry; quarantine-requires-owner-issue-expiry
image-compose-deploy	Install locked JavaScript inputs	2026-09-12T02:38:41.5434815Z   KEEPLING_IMAGE_PLATFORM: linux/amd64
image-compose-deploy	Install locked JavaScript inputs	2026-09-12T02:38:41.5435066Z ##[endgroup]
image-compose-deploy	Install locked JavaScript inputs	2026-09-12T02:38:41.6317932Z ! Corepack is about to download https://registry.npmjs.org/pnpm/-/pnpm-10.33.0.tgz
image-compose-deploy	Install locked JavaScript inputs	2026-09-12T02:38:42.4233675Z Scope: all 4 workspace projects
image-compose-deploy	Install locked JavaScript inputs	2026-09-12T02:38:42.4824561Z Lockfile is up to date, resolution step is skipped
image-compose-deploy	Install locked JavaScript inputs	2026-09-12T02:38:42.5965344Z Packages: +910
image-compose-deploy	Install locked JavaScript inputs	2026-09-12T02:38:42.5966481Z ++++++++++++++++++++++++++++++++++++++++++++++++++++++++++++++++++++++++++++++++
image-compose-deploy	Install locked JavaScript inputs	2026-09-12T02:38:42.7275574Z Progress: resolved 0, reused 0, downloaded 1, added 0
image-compose-deploy	Install locked JavaScript inputs	2026-09-12T02:38:43.7294829Z Progress: resolved 0, reused 0, downloaded 61, added 26
image-compose-deploy	Install locked JavaScript inputs	2026-09-12T02:38:44.7280123Z Progress: resolved 0, reused 0, downloaded 221, added 158
image-compose-deploy	Install locked JavaScript inputs	2026-09-12T02:38:45.7278196Z Progress: resolved 0, reused 0, downloaded 346, added 357
image-compose-deploy	Install locked JavaScript inputs	2026-09-12T02:38:46.7275776Z Progress: resolved 0, reused 0, downloaded 525, added 502
image-compose-deploy	Install locked JavaScript inputs	2026-09-12T02:38:46.8554284Z Packages are hard linked from the content-addressable store to the virtual store.
image-compose-deploy	Install locked JavaScript inputs	2026-09-12T02:38:46.8555513Z   Content-addressable store is at: /home/runner/.local/share/pnpm/store/v10
image-compose-deploy	Install locked JavaScript inputs	2026-09-12T02:38:46.8556200Z   Virtual store is at:             node_modules/.pnpm
image-compose-deploy	Install locked JavaScript inputs	2026-09-12T02:38:47.7284515Z Progress: resolved 0, reused 0, downloaded 785, added 807
image-compose-deploy	Install locked JavaScript inputs	2026-09-12T02:38:48.0950266Z Progress: resolved 0, reused 0, downloaded 868, added 910, done
image-compose-deploy	Install locked JavaScript inputs	2026-09-12T02:38:48.7740608Z 
image-compose-deploy	Install locked JavaScript inputs	2026-09-12T02:38:48.8414085Z Done in 6.6s using pnpm v10.33.0
image-compose-deploy	Run exact image, Compose, and deploy lane	2026-09-12T02:38:48.8657735Z ##[group]Run set -o pipefail
image-compose-deploy	Run exact image, Compose, and deploy lane	2026-09-12T02:38:48.8658067Z ^[[36;1mset -o pipefail^[[0m
image-compose-deploy	Run exact image, Compose, and deploy lane	2026-09-12T02:38:48.8658491Z ^[[36;1m./tooling/test-phase-2.sh --lane image-compose-deploy | tee "$RUNNER_TEMP/image-compose-deploy.txt"^[[0m
image-compose-deploy	Run exact image, Compose, and deploy lane	2026-09-12T02:38:48.8659043Z ^[[36;1m./tooling/verify-privacy.sh "$RUNNER_TEMP/image-compose-deploy.txt"^[[0m
image-compose-deploy	Run exact image, Compose, and deploy lane	2026-09-12T02:38:48.8679178Z shell: /usr/bin/bash -e {0}
image-compose-deploy	Run exact image, Compose, and deploy lane	2026-09-12T02:38:48.8679498Z env:
image-compose-deploy	Run exact image, Compose, and deploy lane	2026-09-12T02:38:48.8679732Z   KEEPLING_PHASE2_SEED: 20260901
image-compose-deploy	Run exact image, Compose, and deploy lane	2026-09-12T02:38:48.8680076Z   KEEPLING_FLAKE_POLICY: no-retry; quarantine-requires-owner-issue-expiry
image-compose-deploy	Run exact image, Compose, and deploy lane	2026-09-12T02:38:48.8680494Z   KEEPLING_IMAGE_PLATFORM: linux/amd64
image-compose-deploy	Run exact image, Compose, and deploy lane	2026-09-12T02:38:48.8680743Z ##[endgroup]
image-compose-deploy	Run exact image, Compose, and deploy lane	2026-09-12T02:38:49.1468740Z lane=image-compose-deploy status=RUNNING command=./tooling/verify-image.sh && ./tooling/verify-compose.sh && ./tooling/verify-deploy.sh --local cases=3 seed=none inputs_sha256=4a11ad7e1d15aee198423172b470685e28977660b9a88d197d2cfda4c76d7c1a
image-compose-deploy	Run exact image, Compose, and deploy lane	2026-09-12T02:40:38.1903454Z #0 building with "default" instance using docker driver
image-compose-deploy	Run exact image, Compose, and deploy lane	2026-09-12T02:40:38.1905433Z 
image-compose-deploy	Run exact image, Compose, and deploy lane	2026-09-12T02:40:38.1910822Z #1 [internal] load build definition from Dockerfile
image-compose-deploy	Run exact image, Compose, and deploy lane	2026-09-12T02:40:38.1917097Z #1 transferring dockerfile: 2.19kB done
image-compose-deploy	Run exact image, Compose, and deploy lane	2026-09-12T02:40:38.1917716Z #1 DONE 0.1s
image-compose-deploy	Run exact image, Compose, and deploy lane	2026-09-12T02:40:38.1918002Z 
image-compose-deploy	Run exact image, Compose, and deploy lane	2026-09-12T02:40:38.1918522Z #2 resolve image config for docker-image://docker.io/docker/dockerfile:1.7
image-compose-deploy	Run exact image, Compose, and deploy lane	2026-09-12T02:40:38.1920513Z #2 ...
image-compose-deploy	Run exact image, Compose, and deploy lane	2026-09-12T02:40:38.1920866Z 
image-compose-deploy	Run exact image, Compose, and deploy lane	2026-09-12T02:40:38.1921478Z #3 [auth] docker/dockerfile:pull token for registry-1.docker.io
image-compose-deploy	Run exact image, Compose, and deploy lane	2026-09-12T02:40:38.1921915Z #3 DONE 0.0s
image-compose-deploy	Run exact image, Compose, and deploy lane	2026-09-12T02:40:38.1922356Z 
image-compose-deploy	Run exact image, Compose, and deploy lane	2026-09-12T02:40:38.1923191Z #2 resolve image config for docker-image://docker.io/docker/dockerfile:1.7
image-compose-deploy	Run exact image, Compose, and deploy lane	2026-09-12T02:40:38.1923980Z #2 DONE 1.1s
image-compose-deploy	Run exact image, Compose, and deploy lane	2026-09-12T02:40:38.1924250Z 
image-compose-deploy	Run exact image, Compose, and deploy lane	2026-09-12T02:40:38.1925552Z #4 docker-image://docker.io/docker/dockerfile:1.7@sha256:a57df69d0ea827fb7266491f2813635de6f17269be881f696fbfdf2d83dda33e
image-compose-deploy	Run exact image, Compose, and deploy lane	2026-09-12T02:40:38.1926856Z #4 resolve docker.io/docker/dockerfile:1.7@sha256:a57df69d0ea827fb7266491f2813635de6f17269be881f696fbfdf2d83dda33e done
image-compose-deploy	Run exact image, Compose, and deploy lane	2026-09-12T02:40:38.1928056Z #4 sha256:a57df69d0ea827fb7266491f2813635de6f17269be881f696fbfdf2d83dda33e 8.40kB / 8.40kB done
image-compose-deploy	Run exact image, Compose, and deploy lane	2026-09-12T02:40:38.1929206Z #4 sha256:b5f3b260a9678e1d83d2fce86eeddf79420b79147eaba2a25986f47133d73720 482B / 482B done
image-compose-deploy	Run exact image, Compose, and deploy lane	2026-09-12T02:40:38.1931618Z #4 sha256:68ebc061390d9a7d6e194f9d58309c754a53cb8b4e3b0d89593920f42f4a9da4 1.26kB / 1.26kB done
image-compose-deploy	Run exact image, Compose, and deploy lane	2026-09-12T02:40:38.1933181Z #4 sha256:96918c57e42509b97f10c074d80672ecdbd3bb7dcd38c1bd95960cf291207416 0B / 11.98MB 0.1s
image-compose-deploy	Run exact image, Compose, and deploy lane	2026-09-12T02:40:38.1934322Z #4 sha256:96918c57e42509b97f10c074d80672ecdbd3bb7dcd38c1bd95960cf291207416 11.98MB / 11.98MB 0.3s
image-compose-deploy	Run exact image, Compose, and deploy lane	2026-09-12T02:40:38.1935336Z #4 sha256:96918c57e42509b97f10c074d80672ecdbd3bb7dcd38c1bd95960cf291207416 11.98MB / 11.98MB 0.3s done
image-compose-deploy	Run exact image, Compose, and deploy lane	2026-09-12T02:40:38.1937728Z #4 extracting sha256:96918c57e42509b97f10c074d80672ecdbd3bb7dcd38c1bd95960cf291207416 0.1s
image-compose-deploy	Run exact image, Compose, and deploy lane	2026-09-12T02:40:38.1938519Z #4 extracting sha256:96918c57e42509b97f10c074d80672ecdbd3bb7dcd38c1bd95960cf291207416 0.2s done
image-compose-deploy	Run exact image, Compose, and deploy lane	2026-09-12T02:40:38.1939427Z #4 DONE 0.7s
image-compose-deploy	Run exact image, Compose, and deploy lane	2026-09-12T02:40:38.1939647Z 
image-compose-deploy	Run exact image, Compose, and deploy lane	2026-09-12T02:40:38.1939896Z #5 [auth] library/elixir:pull token for registry-1.docker.io
image-compose-deploy	Run exact image, Compose, and deploy lane	2026-09-12T02:40:38.1940274Z #5 DONE 0.0s
image-compose-deploy	Run exact image, Compose, and deploy lane	2026-09-12T02:40:38.1940435Z 
image-compose-deploy	Run exact image, Compose, and deploy lane	2026-09-12T02:40:38.1940703Z #6 [auth] library/debian:pull token for registry-1.docker.io
image-compose-deploy	Run exact image, Compose, and deploy lane	2026-09-12T02:40:38.1941065Z #6 DONE 0.0s
image-compose-deploy	Run exact image, Compose, and deploy lane	2026-09-12T02:40:38.1941194Z 
image-compose-deploy	Run exact image, Compose, and deploy lane	2026-09-12T02:40:38.1941806Z #7 [internal] load metadata for docker.io/library/elixir:1.20.2-otp-29@sha256:c915d900894e1d664cd8ed72fd2c38fce72b612cc1757d57f86a0cc62e62dd79
image-compose-deploy	Run exact image, Compose, and deploy lane	2026-09-12T02:40:38.1942401Z #7 ...
image-compose-deploy	Run exact image, Compose, and deploy lane	2026-09-12T02:40:38.1942705Z 
image-compose-deploy	Run exact image, Compose, and deploy lane	2026-09-12T02:40:38.1943256Z #8 [internal] load metadata for docker.io/library/debian:trixie-slim@sha256:d7e12182ce18b85b93007c1dedf31f2d29e01ccf3182cc4017c709b6259bc132
image-compose-deploy	Run exact image, Compose, and deploy lane	2026-09-12T02:40:38.1944111Z #8 DONE 0.6s
image-compose-deploy	Run exact image, Compose, and deploy lane	2026-09-12T02:40:38.1944209Z 
image-compose-deploy	Run exact image, Compose, and deploy lane	2026-09-12T02:40:38.1944621Z #7 [internal] load metadata for docker.io/library/elixir:1.20.2-otp-29@sha256:c915d900894e1d664cd8ed72fd2c38fce72b612cc1757d57f86a0cc62e62dd79
image-compose-deploy	Run exact image, Compose, and deploy lane	2026-09-12T02:40:38.1945295Z #7 DONE 0.6s
image-compose-deploy	Run exact image, Compose, and deploy lane	2026-09-12T02:40:38.1945421Z 
image-compose-deploy	Run exact image, Compose, and deploy lane	2026-09-12T02:40:38.1945531Z #9 [internal] load .dockerignore
image-compose-deploy	Run exact image, Compose, and deploy lane	2026-09-12T02:40:38.1945822Z #9 transferring context: 2B done
image-compose-deploy	Run exact image, Compose, and deploy lane	2026-09-12T02:40:38.1946165Z #9 DONE 0.1s
image-compose-deploy	Run exact image, Compose, and deploy lane	2026-09-12T02:40:38.1946259Z 
image-compose-deploy	Run exact image, Compose, and deploy lane	2026-09-12T02:40:38.1946394Z #10 [internal] load build context
image-compose-deploy	Run exact image, Compose, and deploy lane	2026-09-12T02:40:38.1946638Z #10 DONE 0.0s
image-compose-deploy	Run exact image, Compose, and deploy lane	2026-09-12T02:40:38.1946760Z 
image-compose-deploy	Run exact image, Compose, and deploy lane	2026-09-12T02:40:38.1947132Z #11 [builder  1/10] FROM docker.io/library/elixir:1.20.2-otp-29@sha256:c915d900894e1d664cd8ed72fd2c38fce72b612cc1757d57f86a0cc62e62dd79
image-compose-deploy	Run exact image, Compose, and deploy lane	2026-09-12T02:40:38.1947920Z #11 resolve docker.io/library/elixir:1.20.2-otp-29@sha256:c915d900894e1d664cd8ed72fd2c38fce72b612cc1757d57f86a0cc62e62dd79
image-compose-deploy	Run exact image, Compose, and deploy lane	2026-09-12T02:40:38.1948924Z #11 resolve docker.io/library/elixir:1.20.2-otp-29@sha256:c915d900894e1d664cd8ed72fd2c38fce72b612cc1757d57f86a0cc62e62dd79 0.5s done
image-compose-deploy	Run exact image, Compose, and deploy lane	2026-09-12T02:40:38.1949373Z #11 ...
image-compose-deploy	Run exact image, Compose, and deploy lane	2026-09-12T02:40:38.1949479Z 
image-compose-deploy	Run exact image, Compose, and deploy lane	2026-09-12T02:40:38.1949606Z #10 [internal] load build context
image-compose-deploy	Run exact image, Compose, and deploy lane	2026-09-12T02:40:38.1950040Z #10 transferring context: 669.68kB 0.0s done
image-compose-deploy	Run exact image, Compose, and deploy lane	2026-09-12T02:40:38.1950347Z #10 DONE 0.1s
image-compose-deploy	Run exact image, Compose, and deploy lane	2026-09-12T02:40:38.1950548Z 
image-compose-deploy	Run exact image, Compose, and deploy lane	2026-09-12T02:40:38.1950913Z #11 [builder  1/10] FROM docker.io/library/elixir:1.20.2-otp-29@sha256:c915d900894e1d664cd8ed72fd2c38fce72b612cc1757d57f86a0cc62e62dd79
image-compose-deploy	Run exact image, Compose, and deploy lane	2026-09-12T02:40:38.1951712Z #11 sha256:c915d900894e1d664cd8ed72fd2c38fce72b612cc1757d57f86a0cc62e62dd79 7.57kB / 7.57kB done
image-compose-deploy	Run exact image, Compose, and deploy lane	2026-09-12T02:40:38.1952308Z #11 sha256:1da3cb2f93f2ca3c5bdaf4c024a7f1ebd717938d20c858e4be4b9aa81fc8608c 1.05MB / 49.31MB 0.2s
image-compose-deploy	Run exact image, Compose, and deploy lane	2026-09-12T02:40:38.1953154Z #11 sha256:68b64c51cda3d04397bcf5742a29a9a1ba7adcfd18a376bacb8d114ed64cbd5a 0B / 25.64MB 0.2s
image-compose-deploy	Run exact image, Compose, and deploy lane	2026-09-12T02:40:38.1953813Z #11 sha256:aa8b8392aa3e4a34a2c7f4503ba348361c49707737a40713598f958fe50e88f5 2.48kB / 2.48kB done
image-compose-deploy	Run exact image, Compose, and deploy lane	2026-09-12T02:40:38.1954578Z #11 sha256:108020e11833c8a93d29f9b65efb2f1c6652edb04344dbbbd54e663a838c5337 7.56kB / 7.56kB done
image-compose-deploy	Run exact image, Compose, and deploy lane	2026-09-12T02:40:38.1955157Z #11 sha256:1da3cb2f93f2ca3c5bdaf4c024a7f1ebd717938d20c858e4be4b9aa81fc8608c 17.83MB / 49.31MB 0.3s
image-compose-deploy	Run exact image, Compose, and deploy lane	2026-09-12T02:40:38.1955835Z #11 sha256:68b64c51cda3d04397bcf5742a29a9a1ba7adcfd18a376bacb8d114ed64cbd5a 7.34MB / 25.64MB 0.3s
image-compose-deploy	Run exact image, Compose, and deploy lane	2026-09-12T02:40:38.1956419Z #11 sha256:1da3cb2f93f2ca3c5bdaf4c024a7f1ebd717938d20c858e4be4b9aa81fc8608c 41.94MB / 49.31MB 0.4s
image-compose-deploy	Run exact image, Compose, and deploy lane	2026-09-12T02:40:38.1957058Z #11 sha256:68b64c51cda3d04397bcf5742a29a9a1ba7adcfd18a376bacb8d114ed64cbd5a 25.64MB / 25.64MB 0.4s
image-compose-deploy	Run exact image, Compose, and deploy lane	2026-09-12T02:40:38.1957689Z #11 sha256:1da3cb2f93f2ca3c5bdaf4c024a7f1ebd717938d20c858e4be4b9aa81fc8608c 49.31MB / 49.31MB 0.5s
image-compose-deploy	Run exact image, Compose, and deploy lane	2026-09-12T02:40:38.1958371Z #11 sha256:68b64c51cda3d04397bcf5742a29a9a1ba7adcfd18a376bacb8d114ed64cbd5a 25.64MB / 25.64MB 0.8s done
image-compose-deploy	Run exact image, Compose, and deploy lane	2026-09-12T02:40:38.1959159Z #11 sha256:ec935196e6a095bdd6ac865248321ea4fd33424071fe14264cd33900f8ae6212 0B / 67.80MB 1.4s
image-compose-deploy	Run exact image, Compose, and deploy lane	2026-09-12T02:40:38.1959816Z #11 sha256:1da3cb2f93f2ca3c5bdaf4c024a7f1ebd717938d20c858e4be4b9aa81fc8608c 49.31MB / 49.31MB 1.5s done
image-compose-deploy	Run exact image, Compose, and deploy lane	2026-09-12T02:40:38.1960582Z #11 sha256:ec935196e6a095bdd6ac865248321ea4fd33424071fe14264cd33900f8ae6212 10.49MB / 67.80MB 1.6s
image-compose-deploy	Run exact image, Compose, and deploy lane	2026-09-12T02:40:38.1961176Z #11 sha256:d74736caedd40737be802d27bfe1d5d0e10377ddb1c7b4103391e0bbff5152e0 6.29MB / 236.32MB 1.6s
image-compose-deploy	Run exact image, Compose, and deploy lane	2026-09-12T02:40:38.1961831Z #11 sha256:ec935196e6a095bdd6ac865248321ea4fd33424071fe14264cd33900f8ae6212 22.02MB / 67.80MB 1.7s
image-compose-deploy	Run exact image, Compose, and deploy lane	2026-09-12T02:40:38.1962411Z #11 sha256:d74736caedd40737be802d27bfe1d5d0e10377ddb1c7b4103391e0bbff5152e0 37.75MB / 236.32MB 1.7s
image-compose-deploy	Run exact image, Compose, and deploy lane	2026-09-12T02:40:38.1963257Z #11 sha256:ec935196e6a095bdd6ac865248321ea4fd33424071fe14264cd33900f8ae6212 49.28MB / 67.80MB 1.8s
image-compose-deploy	Run exact image, Compose, and deploy lane	2026-09-12T02:40:38.1963975Z #11 sha256:d74736caedd40737be802d27bfe1d5d0e10377ddb1c7b4103391e0bbff5152e0 66.06MB / 236.32MB 1.8s
image-compose-deploy	Run exact image, Compose, and deploy lane	2026-09-12T02:40:38.1964816Z #11 sha256:ec935196e6a095bdd6ac865248321ea4fd33424071fe14264cd33900f8ae6212 67.80MB / 67.80MB 1.9s
image-compose-deploy	Run exact image, Compose, and deploy lane	2026-09-12T02:40:38.1965389Z #11 sha256:d74736caedd40737be802d27bfe1d5d0e10377ddb1c7b4103391e0bbff5152e0 95.42MB / 236.32MB 1.9s
image-compose-deploy	Run exact image, Compose, and deploy lane	2026-09-12T02:40:38.1966256Z #11 sha256:e95e90bc1b3f01da147d9aedcae442b6ad1edf7f8fa2e56747d15bca21cee2d0 0B / 293.74MB 1.9s
image-compose-deploy	Run exact image, Compose, and deploy lane	2026-09-12T02:40:38.1966916Z #11 extracting sha256:1da3cb2f93f2ca3c5bdaf4c024a7f1ebd717938d20c858e4be4b9aa81fc8608c
image-compose-deploy	Run exact image, Compose, and deploy lane	2026-09-12T02:40:38.1967498Z #11 sha256:d74736caedd40737be802d27bfe1d5d0e10377ddb1c7b4103391e0bbff5152e0 158.33MB / 236.32MB 2.1s
image-compose-deploy	Run exact image, Compose, and deploy lane	2026-09-12T02:40:38.1968151Z #11 sha256:e95e90bc1b3f01da147d9aedcae442b6ad1edf7f8fa2e56747d15bca21cee2d0 47.19MB / 293.74MB 2.1s
image-compose-deploy	Run exact image, Compose, and deploy lane	2026-09-12T02:40:38.1968768Z #11 sha256:d74736caedd40737be802d27bfe1d5d0e10377ddb1c7b4103391e0bbff5152e0 186.65MB / 236.32MB 2.2s
image-compose-deploy	Run exact image, Compose, and deploy lane	2026-09-12T02:40:38.1969536Z #11 sha256:e95e90bc1b3f01da147d9aedcae442b6ad1edf7f8fa2e56747d15bca21cee2d0 71.30MB / 293.74MB 2.2s
image-compose-deploy	Run exact image, Compose, and deploy lane	2026-09-12T02:40:38.1970133Z #11 sha256:d74736caedd40737be802d27bfe1d5d0e10377ddb1c7b4103391e0bbff5152e0 214.96MB / 236.32MB 2.3s
image-compose-deploy	Run exact image, Compose, and deploy lane	2026-09-12T02:40:38.1970884Z #11 sha256:e95e90bc1b3f01da147d9aedcae442b6ad1edf7f8fa2e56747d15bca21cee2d0 103.81MB / 293.74MB 2.3s
image-compose-deploy	Run exact image, Compose, and deploy lane	2026-09-12T02:40:38.1971542Z #11 sha256:d74736caedd40737be802d27bfe1d5d0e10377ddb1c7b4103391e0bbff5152e0 236.32MB / 236.32MB 2.4s
image-compose-deploy	Run exact image, Compose, and deploy lane	2026-09-12T02:40:38.1972297Z #11 sha256:e95e90bc1b3f01da147d9aedcae442b6ad1edf7f8fa2e56747d15bca21cee2d0 132.12MB / 293.74MB 2.4s
image-compose-deploy	Run exact image, Compose, and deploy lane	2026-09-12T02:40:38.1973123Z #11 sha256:e95e90bc1b3f01da147d9aedcae442b6ad1edf7f8fa2e56747d15bca21cee2d0 174.06MB / 293.74MB 2.5s
image-compose-deploy	Run exact image, Compose, and deploy lane	2026-09-12T02:40:38.1973718Z #11 sha256:e95e90bc1b3f01da147d9aedcae442b6ad1edf7f8fa2e56747d15bca21cee2d0 218.10MB / 293.74MB 2.6s
image-compose-deploy	Run exact image, Compose, and deploy lane	2026-09-12T02:40:38.1974440Z #11 sha256:e95e90bc1b3f01da147d9aedcae442b6ad1edf7f8fa2e56747d15bca21cee2d0 246.42MB / 293.74MB 2.7s
image-compose-deploy	Run exact image, Compose, and deploy lane	2026-09-12T02:40:38.1975275Z #11 sha256:e95e90bc1b3f01da147d9aedcae442b6ad1edf7f8fa2e56747d15bca21cee2d0 293.74MB / 293.74MB 2.9s
image-compose-deploy	Run exact image, Compose, and deploy lane	2026-09-12T02:40:38.1975984Z #11 sha256:ec935196e6a095bdd6ac865248321ea4fd33424071fe14264cd33900f8ae6212 67.80MB / 67.80MB 3.2s done
image-compose-deploy	Run exact image, Compose, and deploy lane	2026-09-12T02:40:38.1976733Z #11 extracting sha256:1da3cb2f93f2ca3c5bdaf4c024a7f1ebd717938d20c858e4be4b9aa81fc8608c 1.9s done
image-compose-deploy	Run exact image, Compose, and deploy lane	2026-09-12T02:40:38.1977323Z #11 sha256:e6b3d37cf17b1b8d46c3acd665b3d7f9277d7385807caeaee09152afcf027ac0 0B / 191.52kB 6.9s
image-compose-deploy	Run exact image, Compose, and deploy lane	2026-09-12T02:40:38.1978067Z #11 sha256:e6b3d37cf17b1b8d46c3acd665b3d7f9277d7385807caeaee09152afcf027ac0 191.52kB / 191.52kB 7.3s
image-compose-deploy	Run exact image, Compose, and deploy lane	2026-09-12T02:40:38.1978854Z #11 sha256:d74736caedd40737be802d27bfe1d5d0e10377ddb1c7b4103391e0bbff5152e0 236.32MB / 236.32MB 7.3s done
image-compose-deploy	Run exact image, Compose, and deploy lane	2026-09-12T02:40:38.1979487Z #11 extracting sha256:68b64c51cda3d04397bcf5742a29a9a1ba7adcfd18a376bacb8d114ed64cbd5a
image-compose-deploy	Run exact image, Compose, and deploy lane	2026-09-12T02:40:38.1979935Z #11 ...
image-compose-deploy	Run exact image, Compose, and deploy lane	2026-09-12T02:40:38.1980118Z 
image-compose-deploy	Run exact image, Compose, and deploy lane	2026-09-12T02:40:38.1980659Z #12 [runtime 1/4] FROM docker.io/library/debian:trixie-slim@sha256:d7e12182ce18b85b93007c1dedf31f2d29e01ccf3182cc4017c709b6259bc132
image-compose-deploy	Run exact image, Compose, and deploy lane	2026-09-12T02:40:38.1981488Z #12 resolve docker.io/library/debian:trixie-slim@sha256:d7e12182ce18b85b93007c1dedf31f2d29e01ccf3182cc4017c709b6259bc132 0.4s done
image-compose-deploy	Run exact image, Compose, and deploy lane	2026-09-12T02:40:38.1982312Z #12 sha256:d7e12182ce18b85b93007c1dedf31f2d29e01ccf3182cc4017c709b6259bc132 8.97kB / 8.97kB done
image-compose-deploy	Run exact image, Compose, and deploy lane	2026-09-12T02:40:38.1983109Z #12 sha256:abc9cb88a5587630d7f915f47b23b0668fe250fbfc6457aa4d52b534c1bbf73f 1.02kB / 1.02kB done
image-compose-deploy	Run exact image, Compose, and deploy lane	2026-09-12T02:40:38.1983811Z #12 sha256:e426a54f50cc4cf82dd5cab8ba8426ed02c391840cb5a62dfd987542dbabea3b 451B / 451B done
image-compose-deploy	Run exact image, Compose, and deploy lane	2026-09-12T02:40:38.1984502Z #12 sha256:6310eb16bf4251731feab01e8f633bf5e2d75a657ccad97f420b1f83cce457be 29.79MB / 29.79MB 1.3s done
image-compose-deploy	Run exact image, Compose, and deploy lane	2026-09-12T02:40:38.1985208Z #12 extracting sha256:6310eb16bf4251731feab01e8f633bf5e2d75a657ccad97f420b1f83cce457be 1.7s done
image-compose-deploy	Run exact image, Compose, and deploy lane	2026-09-12T02:40:38.1985642Z #12 DONE 8.3s
image-compose-deploy	Run exact image, Compose, and deploy lane	2026-09-12T02:40:38.1985792Z 
image-compose-deploy	Run exact image, Compose, and deploy lane	2026-09-12T02:40:38.1986354Z #11 [builder  1/10] FROM docker.io/library/elixir:1.20.2-otp-29@sha256:c915d900894e1d664cd8ed72fd2c38fce72b612cc1757d57f86a0cc62e62dd79
image-compose-deploy	Run exact image, Compose, and deploy lane	2026-09-12T02:40:38.1987200Z #11 sha256:fa93ad7600e715d1c85b0f873360db763298335fc5b63732cdc7ece1289d4ac1 0B / 828.10kB 7.7s
image-compose-deploy	Run exact image, Compose, and deploy lane	2026-09-12T02:40:38.1987656Z #11 ...
image-compose-deploy	Run exact image, Compose, and deploy lane	2026-09-12T02:40:38.1987780Z 
image-compose-deploy	Run exact image, Compose, and deploy lane	2026-09-12T02:40:38.1988399Z #13 [runtime 2/4] RUN groupadd --system --gid 10001 keepling     && useradd --system --uid 10001 --gid keepling --home-dir /app --shell /usr/sbin/nologin keepling
image-compose-deploy	Run exact image, Compose, and deploy lane	2026-09-12T02:40:38.1989172Z #13 0.867 useradd warning: keepling's uid 10001 is greater than SYS_UID_MAX 999
image-compose-deploy	Run exact image, Compose, and deploy lane	2026-09-12T02:40:38.1989514Z #13 DONE 4.3s
image-compose-deploy	Run exact image, Compose, and deploy lane	2026-09-12T02:40:38.1989672Z 
image-compose-deploy	Run exact image, Compose, and deploy lane	2026-09-12T02:40:38.1990099Z #11 [builder  1/10] FROM docker.io/library/elixir:1.20.2-otp-29@sha256:c915d900894e1d664cd8ed72fd2c38fce72b612cc1757d57f86a0cc62e62dd79
image-compose-deploy	Run exact image, Compose, and deploy lane	2026-09-12T02:40:38.1990941Z #11 sha256:fa93ad7600e715d1c85b0f873360db763298335fc5b63732cdc7ece1289d4ac1 828.10kB / 828.10kB 7.9s done
image-compose-deploy	Run exact image, Compose, and deploy lane	2026-09-12T02:40:38.1991637Z #11 sha256:3fb01c15f1c9fdca8014d0f7f75646b4b5816d888962f37554ed912841545213 8.13MB / 8.13MB 7.9s done
image-compose-deploy	Run exact image, Compose, and deploy lane	2026-09-12T02:40:38.1992155Z #11 ...
image-compose-deploy	Run exact image, Compose, and deploy lane	2026-09-12T02:40:38.1992303Z 
image-compose-deploy	Run exact image, Compose, and deploy lane	2026-09-12T02:40:38.1992415Z #14 [runtime 3/4] WORKDIR /app
image-compose-deploy	Run exact image, Compose, and deploy lane	2026-09-12T02:40:38.1992847Z #14 DONE 0.4s
image-compose-deploy	Run exact image, Compose, and deploy lane	2026-09-12T02:40:38.1992982Z 
image-compose-deploy	Run exact image, Compose, and deploy lane	2026-09-12T02:40:38.1993421Z #11 [builder  1/10] FROM docker.io/library/elixir:1.20.2-otp-29@sha256:c915d900894e1d664cd8ed72fd2c38fce72b612cc1757d57f86a0cc62e62dd79
image-compose-deploy	Run exact image, Compose, and deploy lane	2026-09-12T02:40:38.1994150Z #11 extracting sha256:68b64c51cda3d04397bcf5742a29a9a1ba7adcfd18a376bacb8d114ed64cbd5a 5.1s done
image-compose-deploy	Run exact image, Compose, and deploy lane	2026-09-12T02:40:38.1994774Z #11 extracting sha256:ec935196e6a095bdd6ac865248321ea4fd33424071fe14264cd33900f8ae6212
image-compose-deploy	Run exact image, Compose, and deploy lane	2026-09-12T02:40:38.1995375Z #11 extracting sha256:ec935196e6a095bdd6ac865248321ea4fd33424071fe14264cd33900f8ae6212 2.7s done
image-compose-deploy	Run exact image, Compose, and deploy lane	2026-09-12T02:40:38.1996050Z #11 extracting sha256:d74736caedd40737be802d27bfe1d5d0e10377ddb1c7b4103391e0bbff5152e0
image-compose-deploy	Run exact image, Compose, and deploy lane	2026-09-12T02:40:38.1996645Z #11 extracting sha256:d74736caedd40737be802d27bfe1d5d0e10377ddb1c7b4103391e0bbff5152e0 5.2s
image-compose-deploy	Run exact image, Compose, and deploy lane	2026-09-12T02:40:38.1997238Z #11 extracting sha256:d74736caedd40737be802d27bfe1d5d0e10377ddb1c7b4103391e0bbff5152e0 5.6s done
image-compose-deploy	Run exact image, Compose, and deploy lane	2026-09-12T02:40:38.1997859Z #11 extracting sha256:e95e90bc1b3f01da147d9aedcae442b6ad1edf7f8fa2e56747d15bca21cee2d0
image-compose-deploy	Run exact image, Compose, and deploy lane	2026-09-12T02:40:38.1998465Z #11 extracting sha256:e95e90bc1b3f01da147d9aedcae442b6ad1edf7f8fa2e56747d15bca21cee2d0 5.5s
image-compose-deploy	Run exact image, Compose, and deploy lane	2026-09-12T02:40:38.1999165Z #11 extracting sha256:e95e90bc1b3f01da147d9aedcae442b6ad1edf7f8fa2e56747d15bca21cee2d0 10.6s
image-compose-deploy	Run exact image, Compose, and deploy lane	2026-09-12T02:40:38.1999802Z #11 extracting sha256:e95e90bc1b3f01da147d9aedcae442b6ad1edf7f8fa2e56747d15bca21cee2d0 14.0s done
image-compose-deploy	Run exact image, Compose, and deploy lane	2026-09-12T02:40:38.2000390Z #11 extracting sha256:e6b3d37cf17b1b8d46c3acd665b3d7f9277d7385807caeaee09152afcf027ac0
image-compose-deploy	Run exact image, Compose, and deploy lane	2026-09-12T02:40:38.2000994Z #11 extracting sha256:e6b3d37cf17b1b8d46c3acd665b3d7f9277d7385807caeaee09152afcf027ac0 done
image-compose-deploy	Run exact image, Compose, and deploy lane	2026-09-12T02:40:38.2001599Z #11 extracting sha256:fa93ad7600e715d1c85b0f873360db763298335fc5b63732cdc7ece1289d4ac1 done
image-compose-deploy	Run exact image, Compose, and deploy lane	2026-09-12T02:40:38.2002270Z #11 extracting sha256:3fb01c15f1c9fdca8014d0f7f75646b4b5816d888962f37554ed912841545213 0.1s
image-compose-deploy	Run exact image, Compose, and deploy lane	2026-09-12T02:40:38.2002974Z #11 extracting sha256:3fb01c15f1c9fdca8014d0f7f75646b4b5816d888962f37554ed912841545213 0.3s done
image-compose-deploy	Run exact image, Compose, and deploy lane	2026-09-12T02:40:38.2003366Z #11 DONE 50.3s
image-compose-deploy	Run exact image, Compose, and deploy lane	2026-09-12T02:40:38.2003558Z 
image-compose-deploy	Run exact image, Compose, and deploy lane	2026-09-12T02:40:38.2003690Z #15 [builder  2/10] WORKDIR /build
image-compose-deploy	Run exact image, Compose, and deploy lane	2026-09-12T02:40:38.2004005Z #15 DONE 0.1s
image-compose-deploy	Run exact image, Compose, and deploy lane	2026-09-12T02:40:38.2004137Z 
image-compose-deploy	Run exact image, Compose, and deploy lane	2026-09-12T02:40:38.2004918Z #16 [builder  3/10] RUN test "$(elixir -e 'IO.write(System.version())')" = "1.20.2"     && test "$(erl -noshell -eval 'io:format("~s", [erlang:system_info(otp_release)]), halt().')" = "29"     && test "$(cat /usr/local/lib/erlang/releases/29/OTP_VERSION)" = "29.0.5"
image-compose-deploy	Run exact image, Compose, and deploy lane	2026-09-12T02:40:38.2005668Z #16 DONE 0.8s
image-compose-deploy	Run exact image, Compose, and deploy lane	2026-09-12T02:40:38.2005845Z 
image-compose-deploy	Run exact image, Compose, and deploy lane	2026-09-12T02:40:38.2006071Z #17 [builder  4/10] RUN mix local.hex --force && mix local.rebar --force
image-compose-deploy	Run exact image, Compose, and deploy lane	2026-09-12T02:40:38.2006451Z #17 0.826 * creating /root/.mix/archives/hex-2.5.1
image-compose-deploy	Run exact image, Compose, and deploy lane	2026-09-12T02:40:38.2006923Z #17 1.462 * creating /root/.mix/elixir/1-20-otp-29/rebar3
image-compose-deploy	Run exact image, Compose, and deploy lane	2026-09-12T02:40:38.2007220Z #17 DONE 1.7s
image-compose-deploy	Run exact image, Compose, and deploy lane	2026-09-12T02:40:38.2007361Z 
image-compose-deploy	Run exact image, Compose, and deploy lane	2026-09-12T02:40:38.2007634Z #18 [builder  5/10] COPY mix.exs mix.lock ./
image-compose-deploy	Run exact image, Compose, and deploy lane	2026-09-12T02:40:38.2007909Z #18 DONE 0.2s
image-compose-deploy	Run exact image, Compose, and deploy lane	2026-09-12T02:40:38.2008036Z 
image-compose-deploy	Run exact image, Compose, and deploy lane	2026-09-12T02:40:38.2008322Z #19 [builder  6/10] COPY config/config.exs config/prod.exs config/runtime.exs config/
image-compose-deploy	Run exact image, Compose, and deploy lane	2026-09-12T02:40:38.2008777Z #19 DONE 0.2s
image-compose-deploy	Run exact image, Compose, and deploy lane	2026-09-12T02:40:38.2008920Z 
image-compose-deploy	Run exact image, Compose, and deploy lane	2026-09-12T02:40:38.2009164Z #20 [builder  7/10] RUN mix deps.get --only prod && mix deps.compile
image-compose-deploy	Run exact image, Compose, and deploy lane	2026-09-12T02:40:38.2009516Z #20 1.005 Resolving Hex dependencies...
image-compose-deploy	Run exact image, Compose, and deploy lane	2026-09-12T02:40:38.2009890Z #20 1.079 Resolution completed in 0.071s
image-compose-deploy	Run exact image, Compose, and deploy lane	2026-09-12T02:40:38.2010159Z #20 1.089 Unchanged:
image-compose-deploy	Run exact image, Compose, and deploy lane	2026-09-12T02:40:38.2010505Z #20 1.089   argon2_elixir 4.1.3
image-compose-deploy	Run exact image, Compose, and deploy lane	2026-09-12T02:40:38.2010806Z #20 1.090   bandit 1.12.5
image-compose-deploy	Run exact image, Compose, and deploy lane	2026-09-12T02:40:38.2011052Z #20 1.090   certifi 2.15.0
image-compose-deploy	Run exact image, Compose, and deploy lane	2026-09-12T02:40:38.2011358Z #20 1.090   comeonin 5.5.1
image-compose-deploy	Run exact image, Compose, and deploy lane	2026-09-12T02:40:38.2011653Z #20 1.090   db_connection 2.10.2
image-compose-deploy	Run exact image, Compose, and deploy lane	2026-09-12T02:40:38.2011896Z #20 1.090   decimal 3.1.1
image-compose-deploy	Run exact image, Compose, and deploy lane	2026-09-12T02:40:38.2012275Z #20 1.090   dns_cluster 0.2.0
image-compose-deploy	Run exact image, Compose, and deploy lane	2026-09-12T02:40:38.2012525Z #20 1.090   ecto 3.14.2
image-compose-deploy	Run exact image, Compose, and deploy lane	2026-09-12T02:40:38.2012929Z #20 1.090   ecto_sql 3.14.0
image-compose-deploy	Run exact image, Compose, and deploy lane	2026-09-12T02:40:38.2013213Z #20 1.090   elixir_make 0.10.0
image-compose-deploy	Run exact image, Compose, and deploy lane	2026-09-12T02:40:38.2013446Z #20 1.090   expo 1.1.1
image-compose-deploy	Run exact image, Compose, and deploy lane	2026-09-12T02:40:38.2013772Z #20 1.090   gettext 1.0.2
image-compose-deploy	Run exact image, Compose, and deploy lane	2026-09-12T02:40:38.2014109Z #20 1.090   hackney 1.25.0 VULNERABLE!
image-compose-deploy	Run exact image, Compose, and deploy lane	2026-09-12T02:40:38.2014423Z #20 1.090     EEF-CVE-2026-47075 (MEDIUM)
image-compose-deploy	Run exact image, Compose, and deploy lane	2026-09-12T02:40:38.2014802Z #20 1.090     aka: CVE-2026-47075, GHSA-j9wq-vxxc-94wf
image-compose-deploy	Run exact image, Compose, and deploy lane	2026-09-12T02:40:38.2015236Z #20 1.090     CR/LF injection in query parameter in hackney
image-compose-deploy	Run exact image, Compose, and deploy lane	2026-09-12T02:40:38.2015644Z #20 1.090     https://osv.dev/vulnerability/EEF-CVE-2026-47075
image-compose-deploy	Run exact image, Compose, and deploy lane	2026-09-12T02:40:38.2015963Z #20 1.090 
image-compose-deploy	Run exact image, Compose, and deploy lane	2026-09-12T02:40:38.2016217Z #20 1.090     EEF-CVE-2026-47071 (HIGH)
image-compose-deploy	Run exact image, Compose, and deploy lane	2026-09-12T02:40:38.2016550Z #20 1.090     aka: CVE-2026-47071, GHSA-gp9c-pm5m-5cxr
image-compose-deploy	Run exact image, Compose, and deploy lane	2026-09-12T02:40:38.2016902Z #20 1.090     SOCKS5 TLS upgrade ignores caller timeout in hackney
image-compose-deploy	Run exact image, Compose, and deploy lane	2026-09-12T02:40:38.2017382Z #20 1.090     https://osv.dev/vulnerability/EEF-CVE-2026-47071
image-compose-deploy	Run exact image, Compose, and deploy lane	2026-09-12T02:40:38.2017688Z #20 1.090 
image-compose-deploy	Run exact image, Compose, and deploy lane	2026-09-12T02:40:38.2017974Z #20 1.090     EEF-CVE-2026-47069 (LOW)
image-compose-deploy	Run exact image, Compose, and deploy lane	2026-09-12T02:40:38.2018301Z #20 1.090     aka: CVE-2026-47069, GHSA-mp55-p8c9-rfw2
image-compose-deploy	Run exact image, Compose, and deploy lane	2026-09-12T02:40:38.2018658Z #20 1.090     CRLF injection in cookie domain/path options in hackney
image-compose-deploy	Run exact image, Compose, and deploy lane	2026-09-12T02:40:38.2019063Z #20 1.090     https://osv.dev/vulnerability/EEF-CVE-2026-47069
image-compose-deploy	Run exact image, Compose, and deploy lane	2026-09-12T02:40:38.2019347Z #20 1.090 
image-compose-deploy	Run exact image, Compose, and deploy lane	2026-09-12T02:40:38.2019625Z #20 1.090     EEF-CVE-2026-47076 (MEDIUM)
image-compose-deploy	Run exact image, Compose, and deploy lane	2026-09-12T02:40:38.2019960Z #20 1.090     aka: CVE-2026-47076, GHSA-pj7v-xfvx-wmjq
image-compose-deploy	Run exact image, Compose, and deploy lane	2026-09-12T02:40:38.2020324Z #20 1.090     SSRF allowlist bypass via percent-encoded host in hackney
image-compose-deploy	Run exact image, Compose, and deploy lane	2026-09-12T02:40:38.2020737Z #20 1.090     https://osv.dev/vulnerability/EEF-CVE-2026-47076
image-compose-deploy	Run exact image, Compose, and deploy lane	2026-09-12T02:40:38.2021082Z #20 1.090   hammer 7.4.1
image-compose-deploy	Run exact image, Compose, and deploy lane	2026-09-12T02:40:38.2021363Z #20 1.090   hpax 1.0.4
image-compose-deploy	Run exact image, Compose, and deploy lane	2026-09-12T02:40:38.2021696Z Phase 2 lane failed: image-compose-deploy
image-compose-deploy	Run exact image, Compose, and deploy lane	2026-09-12T02:40:38.2030626Z ##[error]Process completed with exit code 1.
image-compose-deploy	Post Run actions/checkout@34e114876b0b11c390a56381ad16ebd13914f8d5	2026-09-12T02:40:38.2145929Z Node 20 is being deprecated. This workflow is running with Node 24 by default. If you need to temporarily use Node 20, you can set the ACTIONS_ALLOW_USE_UNSECURE_NODE_VERSION=true environment variable. For more information see: https://github.blog/changelog/2025-09-19-deprecation-of-node-20-on-github-actions-runners/
image-compose-deploy	Post Run actions/checkout@34e114876b0b11c390a56381ad16ebd13914f8d5	2026-09-12T02:40:38.2146925Z Post job cleanup.
image-compose-deploy	Post Run actions/checkout@34e114876b0b11c390a56381ad16ebd13914f8d5	2026-09-12T02:40:38.2812540Z [command]/usr/bin/git version
image-compose-deploy	Post Run actions/checkout@34e114876b0b11c390a56381ad16ebd13914f8d5	2026-09-12T02:40:38.2843321Z git version 2.55.0
image-compose-deploy	Post Run actions/checkout@34e114876b0b11c390a56381ad16ebd13914f8d5	2026-09-12T02:40:38.2871840Z Temporarily overriding HOME='/home/runner/work/_temp/ed00eb68-64be-44b5-84b6-489eae1fbea3' before making global git config changes
image-compose-deploy	Post Run actions/checkout@34e114876b0b11c390a56381ad16ebd13914f8d5	2026-09-12T02:40:38.2873430Z Adding repository directory to the temporary git global config as a safe directory
image-compose-deploy	Post Run actions/checkout@34e114876b0b11c390a56381ad16ebd13914f8d5	2026-09-12T02:40:38.2875270Z [command]/usr/bin/git config --global --add safe.directory /home/runner/work/keepling/keepling
image-compose-deploy	Post Run actions/checkout@34e114876b0b11c390a56381ad16ebd13914f8d5	2026-09-12T02:40:38.2907333Z [command]/usr/bin/git config --local --name-only --get-regexp core\.sshCommand
image-compose-deploy	Post Run actions/checkout@34e114876b0b11c390a56381ad16ebd13914f8d5	2026-09-12T02:40:38.2935512Z [command]/usr/bin/git submodule foreach --recursive sh -c "git config --local --name-only --get-regexp 'core\.sshCommand' && git config --local --unset-all 'core.sshCommand' || :"
image-compose-deploy	Post Run actions/checkout@34e114876b0b11c390a56381ad16ebd13914f8d5	2026-09-12T02:40:38.3088115Z [command]/usr/bin/git config --local --name-only --get-regexp http\.https\:\/\/github\.com\/\.extraheader
image-compose-deploy	Post Run actions/checkout@34e114876b0b11c390a56381ad16ebd13914f8d5	2026-09-12T02:40:38.3109172Z http.https://github.com/.extraheader
image-compose-deploy	Post Run actions/checkout@34e114876b0b11c390a56381ad16ebd13914f8d5	2026-09-12T02:40:38.3118681Z [command]/usr/bin/git config --local --unset-all http.https://github.com/.extraheader
image-compose-deploy	Post Run actions/checkout@34e114876b0b11c390a56381ad16ebd13914f8d5	2026-09-12T02:40:38.3141320Z [command]/usr/bin/git submodule foreach --recursive sh -c "git config --local --name-only --get-regexp 'http\.https\:\/\/github\.com\/\.extraheader' && git config --local --unset-all 'http.https://github.com/.extraheader' || :"
image-compose-deploy	Post Run actions/checkout@34e114876b0b11c390a56381ad16ebd13914f8d5	2026-09-12T02:40:38.3286696Z [command]/usr/bin/git config --local --name-only --get-regexp ^includeIf\.gitdir:
image-compose-deploy	Post Run actions/checkout@34e114876b0b11c390a56381ad16ebd13914f8d5	2026-09-12T02:40:38.3308812Z [command]/usr/bin/git submodule foreach --recursive git config --local --show-origin --name-only --get-regexp remote.origin.url
image-compose-deploy	Complete job	2026-09-12T02:40:38.3886247Z Cleaning up orphan processes
image-compose-deploy	Complete job	2026-09-12T02:40:38.4097178Z ##[warning]Node.js 20 is deprecated. The following actions target Node.js 20 but are being forced to run on Node.js 24: actions/checkout@34e114876b0b11c390a56381ad16ebd13914f8d5, actions/setup-node@49933ea5288caeca8642d1e84afbd3f7d6820020. For more information see: https://github.blog/changelog/2025-09-19-deprecation-of-node-20-on-github-actions-runners/
