desktop-package	Set up job	﻿2026-09-13T19:29:07.2096270Z Current runner version: '2.337.0'
desktop-package	Set up job	2026-09-13T19:29:07.2122070Z ##[group]Runner Image Provisioner
desktop-package	Set up job	2026-09-13T19:29:07.2122910Z Hosted Compute Agent
desktop-package	Set up job	2026-09-13T19:29:07.2123450Z Version: 20260828.587
desktop-package	Set up job	2026-09-13T19:29:07.2124050Z Commit: abac92662cab4cc7352de4f9f9d2e2419aad9c29
desktop-package	Set up job	2026-09-13T19:29:07.2124670Z Build Date: 2026-08-28T16:44:25Z
desktop-package	Set up job	2026-09-13T19:29:07.2125290Z Worker ID: {b254ea6c-167f-4eae-91a6-3831e1cd245d}
desktop-package	Set up job	2026-09-13T19:29:07.2125910Z Azure Region: westus
desktop-package	Set up job	2026-09-13T19:29:07.2126430Z ##[endgroup]
desktop-package	Set up job	2026-09-13T19:29:07.2127530Z ##[group]Operating System
desktop-package	Set up job	2026-09-13T19:29:07.2128100Z macOS
desktop-package	Set up job	2026-09-13T19:29:07.2128580Z 15.7.9
desktop-package	Set up job	2026-09-13T19:29:07.2129070Z 24G830
desktop-package	Set up job	2026-09-13T19:29:07.2129550Z ##[endgroup]
desktop-package	Set up job	2026-09-13T19:29:07.2130060Z ##[group]Runner Image
desktop-package	Set up job	2026-09-13T19:29:07.2130610Z Image: macos-15-arm64
desktop-package	Set up job	2026-09-13T19:29:07.2131120Z Version: 20260907.0337.1
desktop-package	Set up job	2026-09-13T19:29:07.2132190Z Included Software: https://github.com/actions/runner-images/blob/macos-15-arm64/20260907.0337/images/macos/macos-15-arm64-Readme.md
desktop-package	Set up job	2026-09-13T19:29:07.2133580Z Image Release: https://github.com/actions/runner-images/releases/tag/macos-15-arm64%2F20260907.0337
desktop-package	Set up job	2026-09-13T19:29:07.2134400Z ##[endgroup]
desktop-package	Set up job	2026-09-13T19:29:07.2135410Z ##[group]GITHUB_TOKEN Permissions
desktop-package	Set up job	2026-09-13T19:29:07.2137060Z Contents: read
desktop-package	Set up job	2026-09-13T19:29:07.2137580Z Metadata: read
desktop-package	Set up job	2026-09-13T19:29:07.2138070Z ##[endgroup]
desktop-package	Set up job	2026-09-13T19:29:07.2140110Z Secret source: Actions
desktop-package	Set up job	2026-09-13T19:29:07.2141660Z Cache mode: write
desktop-package	Set up job	2026-09-13T19:29:07.2142320Z Prepare workflow directory
desktop-package	Set up job	2026-09-13T19:29:07.2518680Z Prepare all required actions
desktop-package	Set up job	2026-09-13T19:29:07.2554350Z Getting action download info
desktop-package	Set up job	2026-09-13T19:29:07.5493010Z Download action repository 'actions/checkout@34e114876b0b11c390a56381ad16ebd13914f8d5' (SHA:34e114876b0b11c390a56381ad16ebd13914f8d5)
desktop-package	Set up job	2026-09-13T19:29:07.9124950Z Download action repository 'actions/setup-node@49933ea5288caeca8642d1e84afbd3f7d6820020' (SHA:49933ea5288caeca8642d1e84afbd3f7d6820020)
desktop-package	Set up job	2026-09-13T19:29:08.0601090Z Download action repository 'actions/upload-artifact@ea165f8d65b6e75b540449e92b4886f43607fa02' (SHA:ea165f8d65b6e75b540449e92b4886f43607fa02)
desktop-package	Set up job	2026-09-13T19:29:08.3286240Z Complete job name: desktop-package
desktop-package	Run actions/checkout@34e114876b0b11c390a56381ad16ebd13914f8d5	﻿2026-09-13T19:29:08.3834710Z Node 20 is being deprecated. This workflow is running with Node 24 by default. If you need to temporarily use Node 20, you can set the ACTIONS_ALLOW_USE_UNSECURE_NODE_VERSION=true environment variable. For more information see: https://github.blog/changelog/2025-09-19-deprecation-of-node-20-on-github-actions-runners/
desktop-package	Run actions/checkout@34e114876b0b11c390a56381ad16ebd13914f8d5	2026-09-13T19:29:08.3842040Z ##[group]Run actions/checkout@34e114876b0b11c390a56381ad16ebd13914f8d5
desktop-package	Run actions/checkout@34e114876b0b11c390a56381ad16ebd13914f8d5	2026-09-13T19:29:08.3842970Z with:
desktop-package	Run actions/checkout@34e114876b0b11c390a56381ad16ebd13914f8d5	2026-09-13T19:29:08.3843490Z   repository: szTheory/keepling
desktop-package	Run actions/checkout@34e114876b0b11c390a56381ad16ebd13914f8d5	2026-09-13T19:29:08.3846810Z   token: ***
desktop-package	Run actions/checkout@34e114876b0b11c390a56381ad16ebd13914f8d5	2026-09-13T19:29:08.3847300Z   ssh-strict: true
desktop-package	Run actions/checkout@34e114876b0b11c390a56381ad16ebd13914f8d5	2026-09-13T19:29:08.3847810Z   ssh-user: git
desktop-package	Run actions/checkout@34e114876b0b11c390a56381ad16ebd13914f8d5	2026-09-13T19:29:08.3848430Z   persist-credentials: true
desktop-package	Run actions/checkout@34e114876b0b11c390a56381ad16ebd13914f8d5	2026-09-13T19:29:08.3848970Z   clean: true
desktop-package	Run actions/checkout@34e114876b0b11c390a56381ad16ebd13914f8d5	2026-09-13T19:29:08.3849460Z   sparse-checkout-cone-mode: true
desktop-package	Run actions/checkout@34e114876b0b11c390a56381ad16ebd13914f8d5	2026-09-13T19:29:08.3850090Z   fetch-depth: 1
desktop-package	Run actions/checkout@34e114876b0b11c390a56381ad16ebd13914f8d5	2026-09-13T19:29:08.3850660Z   fetch-tags: false
desktop-package	Run actions/checkout@34e114876b0b11c390a56381ad16ebd13914f8d5	2026-09-13T19:29:08.3851170Z   show-progress: true
desktop-package	Run actions/checkout@34e114876b0b11c390a56381ad16ebd13914f8d5	2026-09-13T19:29:08.3851680Z   lfs: false
desktop-package	Run actions/checkout@34e114876b0b11c390a56381ad16ebd13914f8d5	2026-09-13T19:29:08.3852190Z   submodules: false
desktop-package	Run actions/checkout@34e114876b0b11c390a56381ad16ebd13914f8d5	2026-09-13T19:29:08.3852700Z   set-safe-directory: true
desktop-package	Run actions/checkout@34e114876b0b11c390a56381ad16ebd13914f8d5	2026-09-13T19:29:08.3853360Z env:
desktop-package	Run actions/checkout@34e114876b0b11c390a56381ad16ebd13914f8d5	2026-09-13T19:29:08.3853920Z   KEEPLING_DESKTOP_ARTIFACT_ROOT: keepling-desktop-package
desktop-package	Run actions/checkout@34e114876b0b11c390a56381ad16ebd13914f8d5	2026-09-13T19:29:08.3854580Z ##[endgroup]
desktop-package	Run actions/checkout@34e114876b0b11c390a56381ad16ebd13914f8d5	2026-09-13T19:29:08.8274820Z Syncing repository: szTheory/keepling
desktop-package	Run actions/checkout@34e114876b0b11c390a56381ad16ebd13914f8d5	2026-09-13T19:29:08.8277060Z ##[group]Getting Git version info
desktop-package	Run actions/checkout@34e114876b0b11c390a56381ad16ebd13914f8d5	2026-09-13T19:29:08.8277790Z Working directory is '/Users/runner/work/keepling/keepling'
desktop-package	Run actions/checkout@34e114876b0b11c390a56381ad16ebd13914f8d5	2026-09-13T19:29:08.8278970Z [command]/opt/homebrew/bin/git version
desktop-package	Run actions/checkout@34e114876b0b11c390a56381ad16ebd13914f8d5	2026-09-13T19:29:08.8901160Z git version 2.55.0
desktop-package	Run actions/checkout@34e114876b0b11c390a56381ad16ebd13914f8d5	2026-09-13T19:29:08.8940020Z ##[endgroup]
desktop-package	Run actions/checkout@34e114876b0b11c390a56381ad16ebd13914f8d5	2026-09-13T19:29:08.8955080Z Copying '/Users/runner/.gitconfig' to '/Users/runner/work/_temp/cf585f6f-171b-48df-954d-5c1c45a45928/.gitconfig'
desktop-package	Run actions/checkout@34e114876b0b11c390a56381ad16ebd13914f8d5	2026-09-13T19:29:08.8974630Z Temporarily overriding HOME='/Users/runner/work/_temp/cf585f6f-171b-48df-954d-5c1c45a45928' before making global git config changes
desktop-package	Run actions/checkout@34e114876b0b11c390a56381ad16ebd13914f8d5	2026-09-13T19:29:08.8979500Z Adding repository directory to the temporary git global config as a safe directory
desktop-package	Run actions/checkout@34e114876b0b11c390a56381ad16ebd13914f8d5	2026-09-13T19:29:08.8982780Z [command]/opt/homebrew/bin/git config --global --add safe.directory /Users/runner/work/keepling/keepling
desktop-package	Run actions/checkout@34e114876b0b11c390a56381ad16ebd13914f8d5	2026-09-13T19:29:08.9144290Z Deleting the contents of '/Users/runner/work/keepling/keepling'
desktop-package	Run actions/checkout@34e114876b0b11c390a56381ad16ebd13914f8d5	2026-09-13T19:29:08.9149020Z ##[group]Initializing the repository
desktop-package	Run actions/checkout@34e114876b0b11c390a56381ad16ebd13914f8d5	2026-09-13T19:29:08.9153570Z [command]/opt/homebrew/bin/git init /Users/runner/work/keepling/keepling
desktop-package	Run actions/checkout@34e114876b0b11c390a56381ad16ebd13914f8d5	2026-09-13T19:29:08.9498330Z hint: Using 'master' as the name for the initial branch. This default branch name
desktop-package	Run actions/checkout@34e114876b0b11c390a56381ad16ebd13914f8d5	2026-09-13T19:29:08.9501150Z hint: will change to "main" in Git 3.0. To configure the initial branch name
desktop-package	Run actions/checkout@34e114876b0b11c390a56381ad16ebd13914f8d5	2026-09-13T19:29:08.9503470Z hint: to use in all of your new repositories, which will suppress this warning,
desktop-package	Run actions/checkout@34e114876b0b11c390a56381ad16ebd13914f8d5	2026-09-13T19:29:08.9505420Z hint: call:
desktop-package	Run actions/checkout@34e114876b0b11c390a56381ad16ebd13914f8d5	2026-09-13T19:29:08.9506550Z hint:
desktop-package	Run actions/checkout@34e114876b0b11c390a56381ad16ebd13914f8d5	2026-09-13T19:29:08.9508000Z hint: 	git config --global init.defaultBranch <name>
desktop-package	Run actions/checkout@34e114876b0b11c390a56381ad16ebd13914f8d5	2026-09-13T19:29:08.9509580Z hint:
desktop-package	Run actions/checkout@34e114876b0b11c390a56381ad16ebd13914f8d5	2026-09-13T19:29:08.9511100Z hint: Names commonly chosen instead of 'master' are 'main', 'trunk' and
desktop-package	Run actions/checkout@34e114876b0b11c390a56381ad16ebd13914f8d5	2026-09-13T19:29:08.9513510Z hint: 'development'. The just-created branch can be renamed via this command:
desktop-package	Run actions/checkout@34e114876b0b11c390a56381ad16ebd13914f8d5	2026-09-13T19:29:08.9515410Z hint:
desktop-package	Run actions/checkout@34e114876b0b11c390a56381ad16ebd13914f8d5	2026-09-13T19:29:08.9516810Z hint: 	git branch -m <name>
desktop-package	Run actions/checkout@34e114876b0b11c390a56381ad16ebd13914f8d5	2026-09-13T19:29:08.9518160Z hint:
desktop-package	Run actions/checkout@34e114876b0b11c390a56381ad16ebd13914f8d5	2026-09-13T19:29:08.9519800Z hint: Disable this message with "git config set advice.defaultBranchName false"
desktop-package	Run actions/checkout@34e114876b0b11c390a56381ad16ebd13914f8d5	2026-09-13T19:29:08.9522370Z Initialized empty Git repository in /Users/runner/work/keepling/keepling/.git/
desktop-package	Run actions/checkout@34e114876b0b11c390a56381ad16ebd13914f8d5	2026-09-13T19:29:08.9526760Z [command]/opt/homebrew/bin/git remote add origin https://github.com/szTheory/keepling
desktop-package	Run actions/checkout@34e114876b0b11c390a56381ad16ebd13914f8d5	2026-09-13T19:29:08.9632000Z ##[endgroup]
desktop-package	Run actions/checkout@34e114876b0b11c390a56381ad16ebd13914f8d5	2026-09-13T19:29:08.9632960Z ##[group]Disabling automatic garbage collection
desktop-package	Run actions/checkout@34e114876b0b11c390a56381ad16ebd13914f8d5	2026-09-13T19:29:08.9638760Z [command]/opt/homebrew/bin/git config --local gc.auto 0
desktop-package	Run actions/checkout@34e114876b0b11c390a56381ad16ebd13914f8d5	2026-09-13T19:29:08.9703430Z ##[endgroup]
desktop-package	Run actions/checkout@34e114876b0b11c390a56381ad16ebd13914f8d5	2026-09-13T19:29:08.9705760Z ##[group]Setting up auth
desktop-package	Run actions/checkout@34e114876b0b11c390a56381ad16ebd13914f8d5	2026-09-13T19:29:08.9708560Z [command]/opt/homebrew/bin/git config --local --name-only --get-regexp core\.sshCommand
desktop-package	Run actions/checkout@34e114876b0b11c390a56381ad16ebd13914f8d5	2026-09-13T19:29:08.9789020Z [command]/opt/homebrew/bin/git submodule foreach --recursive sh -c "git config --local --name-only --get-regexp 'core\.sshCommand' && git config --local --unset-all 'core.sshCommand' || :"
desktop-package	Run actions/checkout@34e114876b0b11c390a56381ad16ebd13914f8d5	2026-09-13T19:29:09.1679590Z [command]/opt/homebrew/bin/git config --local --name-only --get-regexp http\.https\:\/\/github\.com\/\.extraheader
desktop-package	Run actions/checkout@34e114876b0b11c390a56381ad16ebd13914f8d5	2026-09-13T19:29:09.1746750Z [command]/opt/homebrew/bin/git submodule foreach --recursive sh -c "git config --local --name-only --get-regexp 'http\.https\:\/\/github\.com\/\.extraheader' && git config --local --unset-all 'http.https://github.com/.extraheader' || :"
desktop-package	Run actions/checkout@34e114876b0b11c390a56381ad16ebd13914f8d5	2026-09-13T19:29:09.2563920Z [command]/opt/homebrew/bin/git config --local --name-only --get-regexp ^includeIf\.gitdir:
desktop-package	Run actions/checkout@34e114876b0b11c390a56381ad16ebd13914f8d5	2026-09-13T19:29:09.2653010Z [command]/opt/homebrew/bin/git submodule foreach --recursive git config --local --show-origin --name-only --get-regexp remote.origin.url
desktop-package	Run actions/checkout@34e114876b0b11c390a56381ad16ebd13914f8d5	2026-09-13T19:29:09.4094860Z [command]/opt/homebrew/bin/git config --local http.https://github.com/.extraheader AUTHORIZATION: basic ***
desktop-package	Run actions/checkout@34e114876b0b11c390a56381ad16ebd13914f8d5	2026-09-13T19:29:09.4167620Z ##[endgroup]
desktop-package	Run actions/checkout@34e114876b0b11c390a56381ad16ebd13914f8d5	2026-09-13T19:29:09.4168720Z ##[group]Fetching the repository
desktop-package	Run actions/checkout@34e114876b0b11c390a56381ad16ebd13914f8d5	2026-09-13T19:29:09.4171020Z [command]/opt/homebrew/bin/git -c protocol.version=2 fetch --no-tags --prune --no-recurse-submodules --depth=1 origin +c2e4ce37ff0ca2c27067b098c2cfbdc59155ba96:refs/remotes/origin/main
desktop-package	Run actions/checkout@34e114876b0b11c390a56381ad16ebd13914f8d5	2026-09-13T19:29:10.0980180Z From https://github.com/szTheory/keepling
desktop-package	Run actions/checkout@34e114876b0b11c390a56381ad16ebd13914f8d5	2026-09-13T19:29:10.0984330Z  * [new ref]         c2e4ce37ff0ca2c27067b098c2cfbdc59155ba96 -> origin/main
desktop-package	Run actions/checkout@34e114876b0b11c390a56381ad16ebd13914f8d5	2026-09-13T19:29:10.0987110Z ##[endgroup]
desktop-package	Run actions/checkout@34e114876b0b11c390a56381ad16ebd13914f8d5	2026-09-13T19:29:10.0988250Z ##[group]Determining the checkout info
desktop-package	Run actions/checkout@34e114876b0b11c390a56381ad16ebd13914f8d5	2026-09-13T19:29:10.0989580Z ##[endgroup]
desktop-package	Run actions/checkout@34e114876b0b11c390a56381ad16ebd13914f8d5	2026-09-13T19:29:10.0997740Z [command]/opt/homebrew/bin/git sparse-checkout disable
desktop-package	Run actions/checkout@34e114876b0b11c390a56381ad16ebd13914f8d5	2026-09-13T19:29:10.1134590Z [command]/opt/homebrew/bin/git config --local --unset-all extensions.worktreeConfig
desktop-package	Run actions/checkout@34e114876b0b11c390a56381ad16ebd13914f8d5	2026-09-13T19:29:10.1240750Z ##[group]Checking out the ref
desktop-package	Run actions/checkout@34e114876b0b11c390a56381ad16ebd13914f8d5	2026-09-13T19:29:10.1243260Z [command]/opt/homebrew/bin/git checkout --progress --force -B main refs/remotes/origin/main
desktop-package	Run actions/checkout@34e114876b0b11c390a56381ad16ebd13914f8d5	2026-09-13T19:29:10.2979040Z Switched to a new branch 'main'
desktop-package	Run actions/checkout@34e114876b0b11c390a56381ad16ebd13914f8d5	2026-09-13T19:29:10.2987750Z branch 'main' set up to track 'origin/main'.
desktop-package	Run actions/checkout@34e114876b0b11c390a56381ad16ebd13914f8d5	2026-09-13T19:29:10.3066420Z ##[endgroup]
desktop-package	Run actions/checkout@34e114876b0b11c390a56381ad16ebd13914f8d5	2026-09-13T19:29:10.3069350Z [command]/opt/homebrew/bin/git log -1 --format=%H
desktop-package	Run actions/checkout@34e114876b0b11c390a56381ad16ebd13914f8d5	2026-09-13T19:29:10.3134690Z c2e4ce37ff0ca2c27067b098c2cfbdc59155ba96
desktop-package	Run actions/setup-node@49933ea5288caeca8642d1e84afbd3f7d6820020	﻿2026-09-13T19:29:10.3651580Z Node 20 is being deprecated. This workflow is running with Node 24 by default. If you need to temporarily use Node 20, you can set the ACTIONS_ALLOW_USE_UNSECURE_NODE_VERSION=true environment variable. For more information see: https://github.blog/changelog/2025-09-19-deprecation-of-node-20-on-github-actions-runners/
desktop-package	Run actions/setup-node@49933ea5288caeca8642d1e84afbd3f7d6820020	2026-09-13T19:29:10.3656350Z ##[group]Run actions/setup-node@49933ea5288caeca8642d1e84afbd3f7d6820020
desktop-package	Run actions/setup-node@49933ea5288caeca8642d1e84afbd3f7d6820020	2026-09-13T19:29:10.3657660Z with:
desktop-package	Run actions/setup-node@49933ea5288caeca8642d1e84afbd3f7d6820020	2026-09-13T19:29:10.3658470Z   node-version: 24.7.0
desktop-package	Run actions/setup-node@49933ea5288caeca8642d1e84afbd3f7d6820020	2026-09-13T19:29:10.3659330Z   always-auth: false
desktop-package	Run actions/setup-node@49933ea5288caeca8642d1e84afbd3f7d6820020	2026-09-13T19:29:10.3660190Z   check-latest: false
desktop-package	Run actions/setup-node@49933ea5288caeca8642d1e84afbd3f7d6820020	2026-09-13T19:29:10.3667930Z   token: ***
desktop-package	Run actions/setup-node@49933ea5288caeca8642d1e84afbd3f7d6820020	2026-09-13T19:29:10.3668720Z env:
desktop-package	Run actions/setup-node@49933ea5288caeca8642d1e84afbd3f7d6820020	2026-09-13T19:29:10.3669680Z   KEEPLING_DESKTOP_ARTIFACT_ROOT: keepling-desktop-package
desktop-package	Run actions/setup-node@49933ea5288caeca8642d1e84afbd3f7d6820020	2026-09-13T19:29:10.3670880Z ##[endgroup]
desktop-package	Run actions/setup-node@49933ea5288caeca8642d1e84afbd3f7d6820020	2026-09-13T19:29:10.5473060Z Attempting to download 24.7.0...
desktop-package	Run actions/setup-node@49933ea5288caeca8642d1e84afbd3f7d6820020	2026-09-13T19:29:10.5671000Z (node:3120) [DEP0040] DeprecationWarning: The `punycode` module is deprecated. Please use a userland alternative instead.
desktop-package	Run actions/setup-node@49933ea5288caeca8642d1e84afbd3f7d6820020	2026-09-13T19:29:10.5677160Z (Use `node --trace-deprecation ...` to show where the warning was created)
desktop-package	Run actions/setup-node@49933ea5288caeca8642d1e84afbd3f7d6820020	2026-09-13T19:29:11.6000940Z Acquiring 24.7.0 - arm64 from https://github.com/actions/node-versions/releases/download/24.7.0-17283839804/node-24.7.0-darwin-arm64.tar.gz
desktop-package	Run actions/setup-node@49933ea5288caeca8642d1e84afbd3f7d6820020	2026-09-13T19:29:12.4095710Z Extracting ...
desktop-package	Run actions/setup-node@49933ea5288caeca8642d1e84afbd3f7d6820020	2026-09-13T19:29:12.4317270Z [command]/usr/bin/tar xz --strip 1 -C /Users/runner/work/_temp/13f737bc-006e-4336-b764-8d963d22aeff -f /Users/runner/work/_temp/9c5c3b6f-513c-4577-8822-0f54b40191de
desktop-package	Run actions/setup-node@49933ea5288caeca8642d1e84afbd3f7d6820020	2026-09-13T19:29:13.9478350Z Adding to the cache ...
desktop-package	Run actions/setup-node@49933ea5288caeca8642d1e84afbd3f7d6820020	2026-09-13T19:29:16.0577210Z ##[group]Environment details
desktop-package	Run actions/setup-node@49933ea5288caeca8642d1e84afbd3f7d6820020	2026-09-13T19:29:16.5277750Z node: v24.7.0
desktop-package	Run actions/setup-node@49933ea5288caeca8642d1e84afbd3f7d6820020	2026-09-13T19:29:16.5278330Z npm: 11.5.1
desktop-package	Run actions/setup-node@49933ea5288caeca8642d1e84afbd3f7d6820020	2026-09-13T19:29:16.5278750Z yarn: 1.22.22
desktop-package	Run actions/setup-node@49933ea5288caeca8642d1e84afbd3f7d6820020	2026-09-13T19:29:16.5279440Z ##[endgroup]
desktop-package	Install locked JavaScript inputs	﻿2026-09-13T19:29:16.5933030Z ##[group]Run corepack enable && pnpm install --frozen-lockfile
desktop-package	Install locked JavaScript inputs	2026-09-13T19:29:16.5933750Z ^[[36;1mcorepack enable && pnpm install --frozen-lockfile^[[0m
desktop-package	Install locked JavaScript inputs	2026-09-13T19:29:16.6012430Z shell: /bin/bash -e {0}
desktop-package	Install locked JavaScript inputs	2026-09-13T19:29:16.6012910Z env:
desktop-package	Install locked JavaScript inputs	2026-09-13T19:29:16.6013180Z   KEEPLING_DESKTOP_ARTIFACT_ROOT: keepling-desktop-package
desktop-package	Install locked JavaScript inputs	2026-09-13T19:29:16.6013800Z ##[endgroup]
desktop-package	Install locked JavaScript inputs	2026-09-13T19:29:16.9229000Z ! Corepack is about to download https://registry.npmjs.org/pnpm/-/pnpm-10.33.0.tgz
desktop-package	Install locked JavaScript inputs	2026-09-13T19:29:18.2210270Z Scope: all 4 workspace projects
desktop-package	Install locked JavaScript inputs	2026-09-13T19:29:18.2840050Z Lockfile is up to date, resolution step is skipped
desktop-package	Install locked JavaScript inputs	2026-09-13T19:29:18.4657630Z Packages: +912
desktop-package	Install locked JavaScript inputs	2026-09-13T19:29:18.4761560Z ++++++++++++++++++++++++++++++++++++++++++++++++++++++++++++++++++++++++++++++++
desktop-package	Install locked JavaScript inputs	2026-09-13T19:29:18.7169380Z Progress: resolved 0, reused 0, downloaded 1, added 0
desktop-package	Install locked JavaScript inputs	2026-09-13T19:29:19.7253930Z Progress: resolved 0, reused 0, downloaded 26, added 4
desktop-package	Install locked JavaScript inputs	2026-09-13T19:29:20.9588610Z Progress: resolved 0, reused 0, downloaded 27, added 4
desktop-package	Install locked JavaScript inputs	2026-09-13T19:29:21.9606000Z Progress: resolved 0, reused 0, downloaded 51, added 13
desktop-package	Install locked JavaScript inputs	2026-09-13T19:29:22.9656350Z Progress: resolved 0, reused 0, downloaded 74, added 20
desktop-package	Install locked JavaScript inputs	2026-09-13T19:29:23.9665520Z Progress: resolved 0, reused 0, downloaded 112, added 28
desktop-package	Install locked JavaScript inputs	2026-09-13T19:29:24.9785430Z Progress: resolved 0, reused 0, downloaded 150, added 37
desktop-package	Install locked JavaScript inputs	2026-09-13T19:29:25.9821160Z Progress: resolved 0, reused 0, downloaded 225, added 62
desktop-package	Install locked JavaScript inputs	2026-09-13T19:29:26.9740280Z Progress: resolved 0, reused 0, downloaded 305, added 89
desktop-package	Install locked JavaScript inputs	2026-09-13T19:29:27.9754920Z Progress: resolved 0, reused 0, downloaded 397, added 133
desktop-package	Install locked JavaScript inputs	2026-09-13T19:29:28.9820430Z Progress: resolved 0, reused 0, downloaded 454, added 153
desktop-package	Install locked JavaScript inputs	2026-09-13T19:29:29.9821830Z Progress: resolved 0, reused 0, downloaded 514, added 174
desktop-package	Install locked JavaScript inputs	2026-09-13T19:29:30.1851810Z Packages are cloned from the content-addressable store to the virtual store.
desktop-package	Install locked JavaScript inputs	2026-09-13T19:29:30.1888840Z   Content-addressable store is at: /Users/runner/Library/pnpm/store/v10
desktop-package	Install locked JavaScript inputs	2026-09-13T19:29:30.1998830Z   Virtual store is at:             node_modules/.pnpm
desktop-package	Install locked JavaScript inputs	2026-09-13T19:29:30.9853490Z Progress: resolved 0, reused 0, downloaded 661, added 255
desktop-package	Install locked JavaScript inputs	2026-09-13T19:29:31.9890860Z Progress: resolved 0, reused 0, downloaded 825, added 356
desktop-package	Install locked JavaScript inputs	2026-09-13T19:29:32.9989450Z Progress: resolved 0, reused 0, downloaded 870, added 483
desktop-package	Install locked JavaScript inputs	2026-09-13T19:29:33.9920070Z Progress: resolved 0, reused 0, downloaded 870, added 844
desktop-package	Install locked JavaScript inputs	2026-09-13T19:29:34.5103430Z Progress: resolved 0, reused 0, downloaded 870, added 912, done
desktop-package	Install locked JavaScript inputs	2026-09-13T19:29:34.6440390Z 
desktop-package	Install locked JavaScript inputs	2026-09-13T19:29:34.7167550Z Done in 16.9s using pnpm v10.33.0
desktop-package	Import the Developer ID identity into an ephemeral keychain	﻿2026-09-13T19:29:34.7633300Z ##[group]Run set -euo pipefail
desktop-package	Import the Developer ID identity into an ephemeral keychain	2026-09-13T19:29:34.7633860Z ^[[36;1mset -euo pipefail^[[0m
desktop-package	Import the Developer ID identity into an ephemeral keychain	2026-09-13T19:29:34.7634380Z ^[[36;1mif [ -z "${APPLE_DEVELOPER_ID_CERT_P12}" ]; then^[[0m
desktop-package	Import the Developer ID identity into an ephemeral keychain	2026-09-13T19:29:34.7634910Z ^[[36;1m  echo "available=false" >> "$GITHUB_OUTPUT"^[[0m
desktop-package	Import the Developer ID identity into an ephemeral keychain	2026-09-13T19:29:34.7635410Z ^[[36;1m  echo "identity=" >> "$GITHUB_OUTPUT"^[[0m
desktop-package	Import the Developer ID identity into an ephemeral keychain	2026-09-13T19:29:34.7636180Z ^[[36;1m  echo "::notice title=Unsigned build::No Developer ID certificate is reachable from this event (push). This artifact is UNSIGNED and UNNOTARIZED, and the package manifest records it as such."^[[0m
desktop-package	Import the Developer ID identity into an ephemeral keychain	2026-09-13T19:29:34.7637090Z ^[[36;1m  exit 0^[[0m
desktop-package	Import the Developer ID identity into an ephemeral keychain	2026-09-13T19:29:34.7637480Z ^[[36;1mfi^[[0m
desktop-package	Import the Developer ID identity into an ephemeral keychain	2026-09-13T19:29:34.7637860Z ^[[36;1mkeychain="$RUNNER_TEMP/keepling-signing.keychain-db"^[[0m
desktop-package	Import the Developer ID identity into an ephemeral keychain	2026-09-13T19:29:34.7638260Z ^[[36;1mkeychain_password="$(uuidgen)"^[[0m
desktop-package	Import the Developer ID identity into an ephemeral keychain	2026-09-13T19:29:34.7638840Z ^[[36;1msecurity create-keychain -p "$keychain_password" "$keychain"^[[0m
desktop-package	Import the Developer ID identity into an ephemeral keychain	2026-09-13T19:29:34.7639410Z ^[[36;1msecurity set-keychain-settings -lut 900 "$keychain"^[[0m
desktop-package	Import the Developer ID identity into an ephemeral keychain	2026-09-13T19:29:34.7640010Z ^[[36;1msecurity unlock-keychain -p "$keychain_password" "$keychain"^[[0m
desktop-package	Import the Developer ID identity into an ephemeral keychain	2026-09-13T19:29:34.7640600Z ^[[36;1mprintf '%s' "$APPLE_DEVELOPER_ID_CERT_P12" | base64 --decode > "$RUNNER_TEMP/devid.p12"^[[0m
desktop-package	Import the Developer ID identity into an ephemeral keychain	2026-09-13T19:29:34.7641330Z ^[[36;1msecurity import "$RUNNER_TEMP/devid.p12" -k "$keychain" -P "$APPLE_DEVELOPER_ID_CERT_PASSWORD" -T /usr/bin/codesign^[[0m
desktop-package	Import the Developer ID identity into an ephemeral keychain	2026-09-13T19:29:34.7641950Z ^[[36;1mrm -f "$RUNNER_TEMP/devid.p12"^[[0m
desktop-package	Import the Developer ID identity into an ephemeral keychain	2026-09-13T19:29:34.7642530Z ^[[36;1msecurity set-key-partition-list -S apple-tool:,apple:,codesign: -s -k "$keychain_password" "$keychain" >/dev/null^[[0m
desktop-package	Import the Developer ID identity into an ephemeral keychain	2026-09-13T19:29:34.7643310Z ^[[36;1msecurity list-keychains -d user -s "$keychain" $(security list-keychains -d user | tr -d '"')^[[0m
desktop-package	Import the Developer ID identity into an ephemeral keychain	2026-09-13T19:29:34.7644170Z ^[[36;1mfingerprint="$(security find-identity -v -p codesigning "$keychain" | awk '/Developer ID Application:/ { print $2; exit }')"^[[0m
desktop-package	Import the Developer ID identity into an ephemeral keychain	2026-09-13T19:29:34.7644970Z ^[[36;1mif [ -z "$fingerprint" ]; then^[[0m
desktop-package	Import the Developer ID identity into an ephemeral keychain	2026-09-13T19:29:34.7645530Z ^[[36;1m  echo "The imported certificate is not a usable Developer ID Application codesigning identity." >&2^[[0m
desktop-package	Import the Developer ID identity into an ephemeral keychain	2026-09-13T19:29:34.7646140Z ^[[36;1m  exit 1^[[0m
desktop-package	Import the Developer ID identity into an ephemeral keychain	2026-09-13T19:29:34.7646500Z ^[[36;1mfi^[[0m
desktop-package	Import the Developer ID identity into an ephemeral keychain	2026-09-13T19:29:34.7646840Z ^[[36;1mecho "available=true" >> "$GITHUB_OUTPUT"^[[0m
desktop-package	Import the Developer ID identity into an ephemeral keychain	2026-09-13T19:29:34.7647220Z ^[[36;1mecho "identity=$fingerprint" >> "$GITHUB_OUTPUT"^[[0m
desktop-package	Import the Developer ID identity into an ephemeral keychain	2026-09-13T19:29:34.7722210Z shell: /bin/bash -e {0}
desktop-package	Import the Developer ID identity into an ephemeral keychain	2026-09-13T19:29:34.7722800Z env:
desktop-package	Import the Developer ID identity into an ephemeral keychain	2026-09-13T19:29:34.7723200Z   KEEPLING_DESKTOP_ARTIFACT_ROOT: keepling-desktop-package
desktop-package	Import the Developer ID identity into an ephemeral keychain	2026-09-13T19:29:34.7741460Z   APPLE_DEVELOPER_ID_CERT_P12: ***
desktop-package	Import the Developer ID identity into an ephemeral keychain	2026-09-13T19:29:34.7742130Z   APPLE_DEVELOPER_ID_CERT_PASSWORD: ***
desktop-package	Import the Developer ID identity into an ephemeral keychain	2026-09-13T19:29:34.7742520Z ##[endgroup]
desktop-package	Import the Developer ID identity into an ephemeral keychain	2026-09-13T19:29:34.9583010Z 1 identity imported.
desktop-package	Build once and record the immutable package manifest	﻿2026-09-13T19:29:35.0837780Z ##[group]Run set -o pipefail
desktop-package	Build once and record the immutable package manifest	2026-09-13T19:29:35.0838220Z ^[[36;1mset -o pipefail^[[0m
desktop-package	Build once and record the immutable package manifest	2026-09-13T19:29:35.0838680Z ^[[36;1mpnpm package:desktop | tee "$RUNNER_TEMP/package.txt"^[[0m
desktop-package	Build once and record the immutable package manifest	2026-09-13T19:29:35.0839210Z ^[[36;1mmanifest_path=$(grep -o '/.*/package-manifest.json' "$RUNNER_TEMP/package.txt" | tail -1)^[[0m
desktop-package	Build once and record the immutable package manifest	2026-09-13T19:29:35.0840220Z ^[[36;1martifact_root=$(dirname "$manifest_path")^[[0m
desktop-package	Build once and record the immutable package manifest	2026-09-13T19:29:35.0840600Z ^[[36;1mecho "manifest-path=$manifest_path" >> "$GITHUB_OUTPUT"^[[0m
desktop-package	Build once and record the immutable package manifest	2026-09-13T19:29:35.0841100Z ^[[36;1mecho "artifact-root=$artifact_root" >> "$GITHUB_OUTPUT"^[[0m
desktop-package	Build once and record the immutable package manifest	2026-09-13T19:29:35.0841740Z ^[[36;1mdigest=$(node -e "console.log(JSON.parse(require('node:fs').readFileSync(process.argv[1],'utf8')).applicationDigestSha256)" "$manifest_path")^[[0m
desktop-package	Build once and record the immutable package manifest	2026-09-13T19:29:35.0842460Z ^[[36;1mecho "application-digest=$digest" >> "$GITHUB_OUTPUT"^[[0m
desktop-package	Build once and record the immutable package manifest	2026-09-13T19:29:35.0843320Z ^[[36;1marchive_path=$(node -e "console.log(JSON.parse(require('node:fs').readFileSync(process.argv[1],'utf8')).archivePath)" "$manifest_path")^[[0m
desktop-package	Build once and record the immutable package manifest	2026-09-13T19:29:35.0843970Z ^[[36;1m# T-06-02-01: stage ONLY the manifest and the `ditto` transport^[[0m
desktop-package	Build once and record the immutable package manifest	2026-09-13T19:29:35.0844730Z ^[[36;1m# archive -- a single regular file -- rather than the raw `.app`^[[0m
desktop-package	Build once and record the immutable package manifest	2026-09-13T19:29:35.0845250Z ^[[36;1m# directory tree `actions/upload-artifact`'s own zip previously^[[0m
desktop-package	Build once and record the immutable package manifest	2026-09-13T19:29:35.0845870Z ^[[36;1m# lost mode bits and symlinks from. Every downstream job expands^[[0m
desktop-package	Build once and record the immutable package manifest	2026-09-13T19:29:35.0846360Z ^[[36;1m# this archive itself and re-verifies against^[[0m
desktop-package	Build once and record the immutable package manifest	2026-09-13T19:29:35.0846830Z ^[[36;1m# `applicationDigestSha256` (see `smoke-desktop-packaged.mjs` and^[[0m
desktop-package	Build once and record the immutable package manifest	2026-09-13T19:29:35.0847320Z ^[[36;1m# `verify-macos-integration.mjs`).^[[0m
desktop-package	Build once and record the immutable package manifest	2026-09-13T19:29:35.0847650Z ^[[36;1mmkdir -p "$RUNNER_TEMP/${KEEPLING_DESKTOP_ARTIFACT_ROOT}"^[[0m
desktop-package	Build once and record the immutable package manifest	2026-09-13T19:29:35.0848130Z ^[[36;1mcp "$manifest_path" "$RUNNER_TEMP/${KEEPLING_DESKTOP_ARTIFACT_ROOT}/"^[[0m
desktop-package	Build once and record the immutable package manifest	2026-09-13T19:29:35.0848720Z ^[[36;1mcp "$archive_path" "$RUNNER_TEMP/${KEEPLING_DESKTOP_ARTIFACT_ROOT}/"^[[0m
desktop-package	Build once and record the immutable package manifest	2026-09-13T19:29:35.0849290Z ^[[36;1m# D-17(b): the STAPLED archive travels too, and separately. It is^[[0m
desktop-package	Build once and record the immutable package manifest	2026-09-13T19:29:35.0849990Z ^[[36;1m# the shipped artifact; the archive above is the tested one. They^[[0m
desktop-package	Build once and record the immutable package manifest	2026-09-13T19:29:35.0850580Z ^[[36;1m# are different bytes on purpose -- stapling mutates the bundle --^[[0m
desktop-package	Build once and record the immutable package manifest	2026-09-13T19:29:35.0851170Z ^[[36;1m# and `--promote` gates the stapled one on the code directory hash,^[[0m
desktop-package	Build once and record the immutable package manifest	2026-09-13T19:29:35.0851740Z ^[[36;1m# the only identity that survives that mutation. On an unsigned run^[[0m
desktop-package	Build once and record the immutable package manifest	2026-09-13T19:29:35.0852240Z ^[[36;1m# there is no stapled artifact and this is a no-op.^[[0m
desktop-package	Build once and record the immutable package manifest	2026-09-13T19:29:35.0853050Z ^[[36;1mstapled_archive_path=$(node -e "console.log(JSON.parse(require('node:fs').readFileSync(process.argv[1],'utf8')).stapledArchivePath ?? '')" "$manifest_path")^[[0m
desktop-package	Build once and record the immutable package manifest	2026-09-13T19:29:35.0853830Z ^[[36;1mif [ -n "$stapled_archive_path" ]; then^[[0m
desktop-package	Build once and record the immutable package manifest	2026-09-13T19:29:35.0854250Z ^[[36;1m  cp "$stapled_archive_path" "$RUNNER_TEMP/${KEEPLING_DESKTOP_ARTIFACT_ROOT}/"^[[0m
desktop-package	Build once and record the immutable package manifest	2026-09-13T19:29:35.0854760Z ^[[36;1mfi^[[0m
desktop-package	Build once and record the immutable package manifest	2026-09-13T19:29:35.0890680Z shell: /bin/bash -e {0}
desktop-package	Build once and record the immutable package manifest	2026-09-13T19:29:35.0891180Z env:
desktop-package	Build once and record the immutable package manifest	2026-09-13T19:29:35.0891540Z   KEEPLING_DESKTOP_ARTIFACT_ROOT: keepling-desktop-package
desktop-package	Build once and record the immutable package manifest	2026-09-13T19:29:35.0892090Z   KEEPLING_MACOS_SIGNING_IDENTITY: 70D08D171695D0E6126B7C97325A16AB14A76945
desktop-package	Build once and record the immutable package manifest	2026-09-13T19:29:35.0892590Z   KEEPLING_MACOS_NOTARIZE: 1
desktop-package	Build once and record the immutable package manifest	2026-09-13T19:29:35.0893040Z   APPLE_ID: ***
desktop-package	Build once and record the immutable package manifest	2026-09-13T19:29:35.0893450Z   APPLE_APP_SPECIFIC_PASSWORD: ***
desktop-package	Build once and record the immutable package manifest	2026-09-13T19:29:35.0893700Z   APPLE_TEAM_ID: ***
desktop-package	Build once and record the immutable package manifest	2026-09-13T19:29:35.0894030Z ##[endgroup]
desktop-package	Build once and record the immutable package manifest	2026-09-13T19:29:35.4144040Z 
desktop-package	Build once and record the immutable package manifest	2026-09-13T19:29:35.4245870Z > keepling@ package:desktop /Users/runner/work/keepling/keepling
desktop-package	Build once and record the immutable package manifest	2026-09-13T19:29:35.4346030Z > pnpm --dir apps/desktop package
desktop-package	Build once and record the immutable package manifest	2026-09-13T19:29:35.4350540Z 
desktop-package	Build once and record the immutable package manifest	2026-09-13T19:29:35.7228290Z 
desktop-package	Build once and record the immutable package manifest	2026-09-13T19:29:35.7234270Z > @keepling/desktop@0.0.0 package /Users/runner/work/keepling/keepling/apps/desktop
desktop-package	Build once and record the immutable package manifest	2026-09-13T19:29:35.7236000Z > node ../../tooling/package-desktop.mjs
desktop-package	Build once and record the immutable package manifest	2026-09-13T19:29:35.7241320Z 
desktop-package	Build once and record the immutable package manifest	2026-09-13T19:29:36.2176720Z Desktop package signing: Developer ID identity resolved
desktop-package	Build once and record the immutable package manifest	2026-09-13T19:29:36.4687600Z 
desktop-package	Build once and record the immutable package manifest	2026-09-13T19:29:36.4691240Z > @keepling/desktop@0.0.0 build /Users/runner/work/keepling/keepling/apps/desktop
desktop-package	Build once and record the immutable package manifest	2026-09-13T19:29:36.4693820Z > pnpm run build:main && pnpm run build:preload && pnpm run build:utility-preload && pnpm run build:renderer && pnpm run build:worker
desktop-package	Build once and record the immutable package manifest	2026-09-13T19:29:36.4695790Z 
desktop-package	Build once and record the immutable package manifest	2026-09-13T19:29:36.7397800Z 
desktop-package	Build once and record the immutable package manifest	2026-09-13T19:29:36.7498990Z > @keepling/desktop@0.0.0 build:main /Users/runner/work/keepling/keepling/apps/desktop
desktop-package	Build once and record the immutable package manifest	2026-09-13T19:29:36.7600280Z > vite build --config vite.main.config.ts
desktop-package	Build once and record the immutable package manifest	2026-09-13T19:29:36.7684360Z 
desktop-package	Build once and record the immutable package manifest	2026-09-13T19:29:37.0461730Z ^[[36mvite v8.2.2 ^[[32mbuilding client environment for production...^[[36m^[[39m
desktop-package	Build once and record the immutable package manifest	2026-09-13T19:29:37.0558300Z transforming...
desktop-package	Build once and record the immutable package manifest	2026-09-13T19:29:37.0777970Z ✓ 118 modules transformed.
desktop-package	Build once and record the immutable package manifest	2026-09-13T19:29:37.0953710Z rendering chunks...
desktop-package	Build once and record the immutable package manifest	2026-09-13T19:29:37.1072740Z computing gzip size...
desktop-package	Build once and record the immutable package manifest	2026-09-13T19:29:37.1117480Z dist/main/index.cjs  294.84 kB │ gzip: 73.54 kB │ map: 832.63 kB
desktop-package	Build once and record the immutable package manifest	2026-09-13T19:29:37.1117980Z 
desktop-package	Build once and record the immutable package manifest	2026-09-13T19:29:37.1127520Z ^[[33m^[[33m[EMPTY_IMPORT_META] ^[[0m`import.meta` may not be a valid syntax with the `cjs` output format.
desktop-package	Build once and record the immutable package manifest	2026-09-13T19:29:37.1128970Z     ^[[38;5;246m╭^[[0m^[[38;5;246m─^[[0m^[[38;5;246m[^[[0m main/adapters/credentials.ts:20:86 ^[[38;5;246m]^[[0m
desktop-package	Build once and record the immutable package manifest	2026-09-13T19:29:37.1129430Z     ^[[38;5;246m│^[[0m
desktop-package	Build once and record the immutable package manifest	2026-09-13T19:29:37.1134540Z  ^[[38;5;246m20 │^[[0m ^[[38;5;249mc^[[0m^[[38;5;249mo^[[0m^[[38;5;249mn^[[0m^[[38;5;249ms^[[0m^[[38;5;249mt^[[0m^[[38;5;249m ^[[0m^[[38;5;249mr^[[0m^[[38;5;249me^[[0m^[[38;5;249ms^[[0m^[[38;5;249mo^[[0m^[[38;5;249ml^[[0m^[[38;5;249mv^[[0m^[[38;5;249me^[[0m^[[38;5;249mR^[[0m^[[38;5;249me^[[0m^[[38;5;249mq^[[0m^[[38;5;249mu^[[0m^[[38;5;249mi^[[0m^[[38;5;249mr^[[0m^[[38;5;249me^[[0m^[[38;5;249m ^[[0m^[[38;5;249m=^[[0m^[[38;5;249m ^[[0m^[[38;5;249m(^[[0m^[[38;5;249m)^[[0m^[[38;5;249m ^[[0m^[[38;5;249m=^[[0m^[[38;5;249m>^[[0m^[[38;5;249m ^[[0m^[[38;5;249mt^[[0m^[[38;5;249my^[[0m^[[38;5;249mp^[[0m^[[38;5;249me^[[0m^[[38;5;249mo^[[0m^[[38;5;249mf^[[0m^[[38;5;249m ^[[0m^[[38;5;249mr^[[0m^[[38;5;249me^[[0m^[[38;5;249mq^[[0m^[[38;5;249mu^[[0m^[[38;5;249mi^[[0m^[[38;5;249mr^[[0m^[[38;5;249me^[[0m^[[38;5;249m ^[[0m^[[38;5;249m=^[[0m^[[38;5;249m=^[[0m^[[38;5;249m=^[[0m^[[38;5;249m ^[[0m^[[38;5;249m"^[[0m^[[38;5;249mf^[[0m^[[38;5;249mu^[[0m^[[38;5;249mn^[[0m^[[38;5;249mc^[[0m^[[38;5;249mt^[[0m^[[38;5;249mi^[[0m^[[38;5;249mo^[[0m^[[38;5;249mn^[[0m^[[38;5;249m"^[[0m^[[38;5;249m ^[[0m^[[38;5;249m?^[[0m^[[38;5;249m ^[[0m^[[38;5;249mr^[[0m^[[38;5;249me^[[0m^[[38;5;249mq^[[0m^[[38;5;249mu^[[0m^[[38;5;249mi^[[0m^[[38;5;249mr^[[0m^[[38;5;249me^[[0m^[[38;5;249m ^[[0m^[[38;5;249m:^[[0m^[[38;5;249m ^[[0m^[[38;5;249mc^[[0m^[[38;5;249mr^[[0m^[[38;5;249me^[[0m^[[38;5;249ma^[[0m^[[38;5;249mt^[[0m^[[38;5;249me^[[0m^[[38;5;249mR^[[0m^[[38;5;249me^[[0m^[[38;5;249mq^[[0m^[[38;5;249mu^[[0m^[[38;5;249mi^[[0m^[[38;5;249mr^[[0m^[[38;5;249me^[[0m^[[38;5;249m(^[[0mimport.meta^[[38;5;249m.^[[0m^[[38;5;249mu^[[0m^[[38;5;249mr^[[0m^[[38;5;249ml^[[0m^[[38;5;249m)^[[0m^[[38;5;249m;^[[0m
desktop-package	Build once and record the immutable package manifest	2026-09-13T19:29:37.1138360Z  ^[[38;5;240m   │^[[0m                                                                                      ─────┬─────  
desktop-package	Build once and record the immutable package manifest	2026-09-13T19:29:37.1139840Z  ^[[38;5;240m   │^[[0m                                                                                           ╰─────── This `import.meta` will be replaced with an empty object (`{}`) automatically. If this is desired, you can suppress this warning by adding `transform.define: { 'import.meta': {} }`. If `import.meta` needs to be kept as-is, you need to set the output format to `esm`.
desktop-package	Build once and record the immutable package manifest	2026-09-13T19:29:37.1140910Z  ^[[38;5;240m   │^[[0m 
desktop-package	Build once and record the immutable package manifest	2026-09-13T19:29:37.1141890Z  ^[[38;5;240m   │^[[0m ^[[38;5;115mHelp^[[0m: If you want to polyfill `import.meta.url` like Rollup does, check out the Document: https://rolldown.rs/in-depth/non-esm-output-formats#well-known-import-meta-properties
desktop-package	Build once and record the immutable package manifest	2026-09-13T19:29:37.1142740Z ^[[38;5;246m────╯^[[0m
desktop-package	Build once and record the immutable package manifest	2026-09-13T19:29:37.1142980Z ^[[39m
desktop-package	Build once and record the immutable package manifest	2026-09-13T19:29:37.1143300Z ^[[32m✓ built in 65ms^[[39m
desktop-package	Build once and record the immutable package manifest	2026-09-13T19:29:37.3901690Z 
desktop-package	Build once and record the immutable package manifest	2026-09-13T19:29:37.3902740Z > @keepling/desktop@0.0.0 build:preload /Users/runner/work/keepling/keepling/apps/desktop
desktop-package	Build once and record the immutable package manifest	2026-09-13T19:29:37.3904800Z > vite build --config vite.preload.config.ts
desktop-package	Build once and record the immutable package manifest	2026-09-13T19:29:37.3905020Z 
desktop-package	Build once and record the immutable package manifest	2026-09-13T19:29:37.5383710Z ^[[36mvite v8.2.2 ^[[32mbuilding client environment for production...^[[36m^[[39m
desktop-package	Build once and record the immutable package manifest	2026-09-13T19:29:37.5463690Z transforming...
desktop-package	Build once and record the immutable package manifest	2026-09-13T19:29:37.5604150Z ✓ 97 modules transformed.
desktop-package	Build once and record the immutable package manifest	2026-09-13T19:29:37.5670090Z rendering chunks...
desktop-package	Build once and record the immutable package manifest	2026-09-13T19:29:37.5756320Z computing gzip size...
desktop-package	Build once and record the immutable package manifest	2026-09-13T19:29:37.5787010Z dist/preload/index.cjs  175.63 kB │ gzip: 39.39 kB │ map: 502.05 kB
desktop-package	Build once and record the immutable package manifest	2026-09-13T19:29:37.5787370Z 
desktop-package	Build once and record the immutable package manifest	2026-09-13T19:29:37.5788670Z ^[[32m✓ built in 40ms^[[39m
desktop-package	Build once and record the immutable package manifest	2026-09-13T19:29:37.8301830Z 
desktop-package	Build once and record the immutable package manifest	2026-09-13T19:29:37.8303200Z > @keepling/desktop@0.0.0 build:utility-preload /Users/runner/work/keepling/keepling/apps/desktop
desktop-package	Build once and record the immutable package manifest	2026-09-13T19:29:37.8304270Z > vite build --config vite.utility-preload.config.ts
desktop-package	Build once and record the immutable package manifest	2026-09-13T19:29:37.8304510Z 
desktop-package	Build once and record the immutable package manifest	2026-09-13T19:29:37.9615150Z ^[[36mvite v8.2.2 ^[[32mbuilding client environment for production...^[[36m^[[39m
desktop-package	Build once and record the immutable package manifest	2026-09-13T19:29:37.9692810Z transforming...
desktop-package	Build once and record the immutable package manifest	2026-09-13T19:29:37.9817270Z ✓ 97 modules transformed.
desktop-package	Build once and record the immutable package manifest	2026-09-13T19:29:37.9878280Z rendering chunks...
desktop-package	Build once and record the immutable package manifest	2026-09-13T19:29:37.9967660Z computing gzip size...
desktop-package	Build once and record the immutable package manifest	2026-09-13T19:29:37.9994190Z dist/preload/utility.cjs  175.89 kB │ gzip: 39.05 kB │ map: 503.97 kB
desktop-package	Build once and record the immutable package manifest	2026-09-13T19:29:37.9994480Z 
desktop-package	Build once and record the immutable package manifest	2026-09-13T19:29:37.9995450Z ^[[32m✓ built in 38ms^[[39m
desktop-package	Build once and record the immutable package manifest	2026-09-13T19:29:38.2098040Z 
desktop-package	Build once and record the immutable package manifest	2026-09-13T19:29:38.2098780Z > @keepling/desktop@0.0.0 build:renderer /Users/runner/work/keepling/keepling/apps/desktop
desktop-package	Build once and record the immutable package manifest	2026-09-13T19:29:38.2099310Z > vite build --config vite.renderer.config.ts
desktop-package	Build once and record the immutable package manifest	2026-09-13T19:29:38.2099520Z 
desktop-package	Build once and record the immutable package manifest	2026-09-13T19:29:38.3345790Z ^[[36mvite v8.2.2 ^[[32mbuilding client environment for production...^[[36m^[[39m
desktop-package	Build once and record the immutable package manifest	2026-09-13T19:29:38.3416880Z transforming...
desktop-package	Build once and record the immutable package manifest	2026-09-13T19:29:38.3800370Z ✓ 28 modules transformed.
desktop-package	Build once and record the immutable package manifest	2026-09-13T19:29:38.4370190Z rendering chunks...
desktop-package	Build once and record the immutable package manifest	2026-09-13T19:29:38.4633190Z computing gzip size...
desktop-package	Build once and record the immutable package manifest	2026-09-13T19:29:38.4675680Z dist/renderer/index.html                   0.64 kB │ gzip:  0.37 kB
desktop-package	Build once and record the immutable package manifest	2026-09-13T19:29:38.4676290Z dist/renderer/assets/index-BaCnRNI7.css    3.68 kB │ gzip:  1.10 kB
desktop-package	Build once and record the immutable package manifest	2026-09-13T19:29:38.4676950Z dist/renderer/assets/index-taLD0tBu.js   217.87 kB │ gzip: 67.79 kB │ map: 956.23 kB
desktop-package	Build once and record the immutable package manifest	2026-09-13T19:29:38.4677250Z 
desktop-package	Build once and record the immutable package manifest	2026-09-13T19:29:38.4681190Z ^[[32m✓ built in 132ms^[[39m
desktop-package	Build once and record the immutable package manifest	2026-09-13T19:29:38.6914780Z 
desktop-package	Build once and record the immutable package manifest	2026-09-13T19:29:38.6916140Z > @keepling/desktop@0.0.0 build:worker /Users/runner/work/keepling/keepling/apps/desktop
desktop-package	Build once and record the immutable package manifest	2026-09-13T19:29:38.6916880Z > vite build --config vite.worker.config.ts
desktop-package	Build once and record the immutable package manifest	2026-09-13T19:29:38.6917120Z 
desktop-package	Build once and record the immutable package manifest	2026-09-13T19:29:38.8101180Z ^[[36mvite v8.2.2 ^[[32mbuilding client environment for production...^[[36m^[[39m
desktop-package	Build once and record the immutable package manifest	2026-09-13T19:29:38.8170050Z transforming...
desktop-package	Build once and record the immutable package manifest	2026-09-13T19:29:38.8203570Z ✓ 3 modules transformed.
desktop-package	Build once and record the immutable package manifest	2026-09-13T19:29:38.8233180Z rendering chunks...
desktop-package	Build once and record the immutable package manifest	2026-09-13T19:29:38.8266530Z computing gzip size...
desktop-package	Build once and record the immutable package manifest	2026-09-13T19:29:38.8280310Z dist/worker/index.cjs  56.01 kB │ gzip: 14.68 kB │ map: 99.57 kB
desktop-package	Build once and record the immutable package manifest	2026-09-13T19:29:38.8280610Z 
desktop-package	Build once and record the immutable package manifest	2026-09-13T19:29:38.8281430Z ^[[32m✓ built in 18ms^[[39m
desktop-package	Build once and record the immutable package manifest	2026-09-13T19:29:39.1702090Z ^[[33m❯^[[39m Checking your system
desktop-package	Build once and record the immutable package manifest	2026-09-13T19:29:39.1705950Z ^[[33m❯^[[39m Checking package manager version
desktop-package	Build once and record the immutable package manifest	2026-09-13T19:29:39.8083090Z ^[[32m✔^[[39m Found pnpm@10.33.0
desktop-package	Build once and record the immutable package manifest	2026-09-13T19:29:39.8084230Z ^[[32m✔^[[39m Checking your system
desktop-package	Build once and record the immutable package manifest	2026-09-13T19:29:40.2443320Z ^[[?25h^[[33m❯^[[39m Loading configuration
desktop-package	Build once and record the immutable package manifest	2026-09-13T19:29:40.3595210Z ^[[32m✔^[[39m Loading configuration
desktop-package	Build once and record the immutable package manifest	2026-09-13T19:29:40.3596210Z ^[[33m❯^[[39m Resolving make targets
desktop-package	Build once and record the immutable package manifest	2026-09-13T19:29:40.3619560Z › Making for the following targets: 
desktop-package	Build once and record the immutable package manifest	2026-09-13T19:29:40.3622110Z ^[[32m✔^[[39m Resolving make targets
desktop-package	Build once and record the immutable package manifest	2026-09-13T19:29:40.3623720Z ^[[33m❯^[[39m Running package command
desktop-package	Build once and record the immutable package manifest	2026-09-13T19:29:40.3627040Z ^[[33m❯^[[39m Preparing to package application
desktop-package	Build once and record the immutable package manifest	2026-09-13T19:29:40.3654440Z ^[[32m✔^[[39m Preparing to package application
desktop-package	Build once and record the immutable package manifest	2026-09-13T19:29:40.3656540Z ^[[33m❯^[[39m Running packaging hooks
desktop-package	Build once and record the immutable package manifest	2026-09-13T19:29:40.3668870Z ^[[33m❯^[[39m Running generateAssets hook
desktop-package	Build once and record the immutable package manifest	2026-09-13T19:29:40.3669830Z ^[[32m✔^[[39m Running generateAssets hook
desktop-package	Build once and record the immutable package manifest	2026-09-13T19:29:40.3671100Z ^[[33m❯^[[39m Running prePackage hook
desktop-package	Build once and record the immutable package manifest	2026-09-13T19:29:40.3672960Z ^[[32m✔^[[39m Running prePackage hook
desktop-package	Build once and record the immutable package manifest	2026-09-13T19:29:40.3673820Z ^[[32m✔^[[39m Running packaging hooks
desktop-package	Build once and record the immutable package manifest	2026-09-13T19:29:40.3674620Z ^[[33m❯^[[39m Packaging application
desktop-package	Build once and record the immutable package manifest	2026-09-13T19:29:40.3675480Z › Determining targets...
desktop-package	Build once and record the immutable package manifest	2026-09-13T19:29:40.3720000Z ^[[33m❯^[[39m Packaging for arm64 on darwin
desktop-package	Build once and record the immutable package manifest	2026-09-13T19:29:40.3721950Z ^[[33m❯^[[39m Copying files
desktop-package	Build once and record the immutable package manifest	2026-09-13T19:29:40.3724510Z ^[[33m❯^[[39m Preparing native dependencies
desktop-package	Build once and record the immutable package manifest	2026-09-13T19:29:40.3733570Z ^[[33m❯^[[39m Finalizing package
desktop-package	Build once and record the immutable package manifest	2026-09-13T19:29:44.4310330Z ^[[32m✔^[[39m Copying files
desktop-package	Build once and record the immutable package manifest	2026-09-13T19:29:44.5755000Z ^[[32m✔^[[39m Preparing native dependencies
desktop-package	Build once and record the immutable package manifest	2026-09-13T19:31:04.5820110Z ^[[32m✔^[[39m Finalizing package
desktop-package	Build once and record the immutable package manifest	2026-09-13T19:31:04.5887050Z ^[[32m✔^[[39m Packaging for arm64 on darwin
desktop-package	Build once and record the immutable package manifest	2026-09-13T19:31:04.5990270Z ^[[32m✔^[[39m Packaging application
desktop-package	Build once and record the immutable package manifest	2026-09-13T19:31:04.6091070Z ^[[33m❯^[[39m Running postPackage hook
desktop-package	Build once and record the immutable package manifest	2026-09-13T19:31:04.6194110Z ^[[32m✔^[[39m Running postPackage hook
desktop-package	Build once and record the immutable package manifest	2026-09-13T19:31:04.6210910Z ^[[32m✔^[[39m Running package command
desktop-package	Build once and record the immutable package manifest	2026-09-13T19:31:04.6221110Z ^[[33m❯^[[39m Running preMake hook
desktop-package	Build once and record the immutable package manifest	2026-09-13T19:31:04.6223910Z ^[[32m✔^[[39m Running preMake hook
desktop-package	Build once and record the immutable package manifest	2026-09-13T19:31:04.6226970Z ^[[33m❯^[[39m Making distributables
desktop-package	Build once and record the immutable package manifest	2026-09-13T19:31:04.6360290Z ^[[33m❯^[[39m Making a zip distributable for darwin/arm64
desktop-package	Build once and record the immutable package manifest	2026-09-13T19:31:18.1701110Z ^[[32m✔^[[39m Making a zip distributable for darwin/arm64
desktop-package	Build once and record the immutable package manifest	2026-09-13T19:31:18.1702130Z ^[[32m✔^[[39m Making distributables
desktop-package	Build once and record the immutable package manifest	2026-09-13T19:31:18.1702670Z ^[[33m❯^[[39m Running postMake hook
desktop-package	Build once and record the immutable package manifest	2026-09-13T19:31:18.1708420Z › Artifacts available at: /Users/runner/work/keepling/keepling/apps/desktop/out/make
desktop-package	Build once and record the immutable package manifest	2026-09-13T19:31:18.1709460Z ^[[32m✔^[[39m Running postMake hook
desktop-package	Build once and record the immutable package manifest	2026-09-13T19:32:26.7160550Z ^[[?25hProcessing: /Users/runner/work/keepling/keepling/apps/desktop/out/Keepling-darwin-arm64/Keepling.app
desktop-package	Build once and record the immutable package manifest	2026-09-13T19:32:27.2058590Z Processing: /Users/runner/work/keepling/keepling/apps/desktop/out/Keepling-darwin-arm64/Keepling.app
desktop-package	Build once and record the immutable package manifest	2026-09-13T19:32:27.2339460Z The staple and validate action worked!
desktop-package	Build once and record the immutable package manifest	2026-09-13T19:32:40.9954940Z Desktop package manifest: /var/folders/nj/vtw8zd2j31d1gdrtntc5y4600000gn/T/keepling-desktop-package-yX07OR/package-manifest.json
desktop-package	Run actions/upload-artifact@ea165f8d65b6e75b540449e92b4886f43607fa02	﻿2026-09-13T19:32:41.5696410Z Node 20 is being deprecated. This workflow is running with Node 24 by default. If you need to temporarily use Node 20, you can set the ACTIONS_ALLOW_USE_UNSECURE_NODE_VERSION=true environment variable. For more information see: https://github.blog/changelog/2025-09-19-deprecation-of-node-20-on-github-actions-runners/
desktop-package	Run actions/upload-artifact@ea165f8d65b6e75b540449e92b4886f43607fa02	2026-09-13T19:32:41.5698120Z ##[group]Run actions/upload-artifact@ea165f8d65b6e75b540449e92b4886f43607fa02
desktop-package	Run actions/upload-artifact@ea165f8d65b6e75b540449e92b4886f43607fa02	2026-09-13T19:32:41.5698720Z with:
desktop-package	Run actions/upload-artifact@ea165f8d65b6e75b540449e92b4886f43607fa02	2026-09-13T19:32:41.5699800Z   name: keepling-desktop-package
desktop-package	Run actions/upload-artifact@ea165f8d65b6e75b540449e92b4886f43607fa02	2026-09-13T19:32:41.5700990Z   path: /Users/runner/work/_temp/keepling-desktop-package
desktop-package	Run actions/upload-artifact@ea165f8d65b6e75b540449e92b4886f43607fa02	2026-09-13T19:32:41.5702880Z   if-no-files-found: error
desktop-package	Run actions/upload-artifact@ea165f8d65b6e75b540449e92b4886f43607fa02	2026-09-13T19:32:41.5703670Z   retention-days: 14
desktop-package	Run actions/upload-artifact@ea165f8d65b6e75b540449e92b4886f43607fa02	2026-09-13T19:32:41.5704620Z   compression-level: 6
desktop-package	Run actions/upload-artifact@ea165f8d65b6e75b540449e92b4886f43607fa02	2026-09-13T19:32:41.5705280Z   overwrite: false
desktop-package	Run actions/upload-artifact@ea165f8d65b6e75b540449e92b4886f43607fa02	2026-09-13T19:32:41.5705980Z   include-hidden-files: false
desktop-package	Run actions/upload-artifact@ea165f8d65b6e75b540449e92b4886f43607fa02	2026-09-13T19:32:41.5706740Z env:
desktop-package	Run actions/upload-artifact@ea165f8d65b6e75b540449e92b4886f43607fa02	2026-09-13T19:32:41.5707570Z   KEEPLING_DESKTOP_ARTIFACT_ROOT: keepling-desktop-package
desktop-package	Run actions/upload-artifact@ea165f8d65b6e75b540449e92b4886f43607fa02	2026-09-13T19:32:41.5710160Z ##[endgroup]
desktop-package	Run actions/upload-artifact@ea165f8d65b6e75b540449e92b4886f43607fa02	2026-09-13T19:32:42.0931310Z (node:26136) [DEP0040] DeprecationWarning: The `punycode` module is deprecated. Please use a userland alternative instead.
desktop-package	Run actions/upload-artifact@ea165f8d65b6e75b540449e92b4886f43607fa02	2026-09-13T19:32:42.0934310Z (Use `node --trace-deprecation ...` to show where the warning was created)
desktop-package	Run actions/upload-artifact@ea165f8d65b6e75b540449e92b4886f43607fa02	2026-09-13T19:32:42.0957340Z With the provided path, there will be 3 files uploaded
desktop-package	Run actions/upload-artifact@ea165f8d65b6e75b540449e92b4886f43607fa02	2026-09-13T19:32:42.0970460Z Artifact name is valid!
desktop-package	Run actions/upload-artifact@ea165f8d65b6e75b540449e92b4886f43607fa02	2026-09-13T19:32:42.0970940Z Root directory input is valid!
desktop-package	Run actions/upload-artifact@ea165f8d65b6e75b540449e92b4886f43607fa02	2026-09-13T19:32:42.4647070Z Beginning upload of artifact content to blob storage
desktop-package	Run actions/upload-artifact@ea165f8d65b6e75b540449e92b4886f43607fa02	2026-09-13T19:32:42.6354710Z (node:26136) [DEP0169] DeprecationWarning: `url.parse()` behavior is not standardized and prone to errors that have security implications. Use the WHATWG URL API instead. CVEs are not issued for `url.parse()` vulnerabilities.
desktop-package	Run actions/upload-artifact@ea165f8d65b6e75b540449e92b4886f43607fa02	2026-09-13T19:32:43.1162400Z Uploaded bytes 8388608
desktop-package	Run actions/upload-artifact@ea165f8d65b6e75b540449e92b4886f43607fa02	2026-09-13T19:32:43.3382840Z Uploaded bytes 16777216
desktop-package	Run actions/upload-artifact@ea165f8d65b6e75b540449e92b4886f43607fa02	2026-09-13T19:32:43.4497530Z Uploaded bytes 25165824
desktop-package	Run actions/upload-artifact@ea165f8d65b6e75b540449e92b4886f43607fa02	2026-09-13T19:32:43.6060670Z Uploaded bytes 33554432
desktop-package	Run actions/upload-artifact@ea165f8d65b6e75b540449e92b4886f43607fa02	2026-09-13T19:32:43.7790920Z Uploaded bytes 41943040
desktop-package	Run actions/upload-artifact@ea165f8d65b6e75b540449e92b4886f43607fa02	2026-09-13T19:32:44.0636530Z Uploaded bytes 50331648
desktop-package	Run actions/upload-artifact@ea165f8d65b6e75b540449e92b4886f43607fa02	2026-09-13T19:32:44.4511230Z Uploaded bytes 58720256
desktop-package	Run actions/upload-artifact@ea165f8d65b6e75b540449e92b4886f43607fa02	2026-09-13T19:32:44.5595760Z Uploaded bytes 67108864
desktop-package	Run actions/upload-artifact@ea165f8d65b6e75b540449e92b4886f43607fa02	2026-09-13T19:32:44.6623150Z Uploaded bytes 75497472
desktop-package	Run actions/upload-artifact@ea165f8d65b6e75b540449e92b4886f43607fa02	2026-09-13T19:32:44.8898960Z Uploaded bytes 83886080
desktop-package	Run actions/upload-artifact@ea165f8d65b6e75b540449e92b4886f43607fa02	2026-09-13T19:32:45.0854550Z Uploaded bytes 92274688
desktop-package	Run actions/upload-artifact@ea165f8d65b6e75b540449e92b4886f43607fa02	2026-09-13T19:32:45.3045500Z Uploaded bytes 100663296
desktop-package	Run actions/upload-artifact@ea165f8d65b6e75b540449e92b4886f43607fa02	2026-09-13T19:32:45.5401290Z Uploaded bytes 109051904
desktop-package	Run actions/upload-artifact@ea165f8d65b6e75b540449e92b4886f43607fa02	2026-09-13T19:32:45.7234540Z Uploaded bytes 117440512
desktop-package	Run actions/upload-artifact@ea165f8d65b6e75b540449e92b4886f43607fa02	2026-09-13T19:32:45.9562120Z Uploaded bytes 125829120
desktop-package	Run actions/upload-artifact@ea165f8d65b6e75b540449e92b4886f43607fa02	2026-09-13T19:32:46.2798650Z Uploaded bytes 134217728
desktop-package	Run actions/upload-artifact@ea165f8d65b6e75b540449e92b4886f43607fa02	2026-09-13T19:32:46.4689160Z Uploaded bytes 142606336
desktop-package	Run actions/upload-artifact@ea165f8d65b6e75b540449e92b4886f43607fa02	2026-09-13T19:32:46.7004790Z Uploaded bytes 150994944
desktop-package	Run actions/upload-artifact@ea165f8d65b6e75b540449e92b4886f43607fa02	2026-09-13T19:32:46.8861080Z Uploaded bytes 159383552
desktop-package	Run actions/upload-artifact@ea165f8d65b6e75b540449e92b4886f43607fa02	2026-09-13T19:32:47.1651830Z Uploaded bytes 167772160
desktop-package	Run actions/upload-artifact@ea165f8d65b6e75b540449e92b4886f43607fa02	2026-09-13T19:32:47.2670500Z Uploaded bytes 176160768
desktop-package	Run actions/upload-artifact@ea165f8d65b6e75b540449e92b4886f43607fa02	2026-09-13T19:32:47.4980500Z Uploaded bytes 184549376
desktop-package	Run actions/upload-artifact@ea165f8d65b6e75b540449e92b4886f43607fa02	2026-09-13T19:32:47.7322680Z Uploaded bytes 192937984
desktop-package	Run actions/upload-artifact@ea165f8d65b6e75b540449e92b4886f43607fa02	2026-09-13T19:32:48.0310900Z Uploaded bytes 201326592
desktop-package	Run actions/upload-artifact@ea165f8d65b6e75b540449e92b4886f43607fa02	2026-09-13T19:32:48.2532430Z Uploaded bytes 209715200
desktop-package	Run actions/upload-artifact@ea165f8d65b6e75b540449e92b4886f43607fa02	2026-09-13T19:32:48.5139340Z Uploaded bytes 218103808
desktop-package	Run actions/upload-artifact@ea165f8d65b6e75b540449e92b4886f43607fa02	2026-09-13T19:32:48.7487910Z Uploaded bytes 226492416
desktop-package	Run actions/upload-artifact@ea165f8d65b6e75b540449e92b4886f43607fa02	2026-09-13T19:32:48.9555220Z Uploaded bytes 234881024
desktop-package	Run actions/upload-artifact@ea165f8d65b6e75b540449e92b4886f43607fa02	2026-09-13T19:32:49.0939780Z Uploaded bytes 243269632
desktop-package	Run actions/upload-artifact@ea165f8d65b6e75b540449e92b4886f43607fa02	2026-09-13T19:32:49.3062860Z Uploaded bytes 251658240
desktop-package	Run actions/upload-artifact@ea165f8d65b6e75b540449e92b4886f43607fa02	2026-09-13T19:32:49.6121110Z Uploaded bytes 260046848
desktop-package	Run actions/upload-artifact@ea165f8d65b6e75b540449e92b4886f43607fa02	2026-09-13T19:32:49.6645770Z Uploaded bytes 260101582
desktop-package	Run actions/upload-artifact@ea165f8d65b6e75b540449e92b4886f43607fa02	2026-09-13T19:32:49.7047370Z Finished uploading artifact content to blob storage!
desktop-package	Run actions/upload-artifact@ea165f8d65b6e75b540449e92b4886f43607fa02	2026-09-13T19:32:49.7149480Z SHA256 digest of uploaded artifact zip is 28b617e7b9f1e25aa19e5309bb9a43a5eefd554171d38cb223e895e96665bcab
desktop-package	Run actions/upload-artifact@ea165f8d65b6e75b540449e92b4886f43607fa02	2026-09-13T19:32:49.7235590Z Finalizing artifact upload
desktop-package	Run actions/upload-artifact@ea165f8d65b6e75b540449e92b4886f43607fa02	2026-09-13T19:32:49.9895250Z Artifact keepling-desktop-package.zip successfully finalized. Artifact ID 10323893801
desktop-package	Run actions/upload-artifact@ea165f8d65b6e75b540449e92b4886f43607fa02	2026-09-13T19:32:49.9896220Z Artifact keepling-desktop-package has been successfully uploaded! Final size is 260101582 bytes. Artifact ID is 10323893801
desktop-package	Run actions/upload-artifact@ea165f8d65b6e75b540449e92b4886f43607fa02	2026-09-13T19:32:49.9902100Z Artifact download URL: https://github.com/szTheory/keepling/actions/runs/34777805267/artifacts/10323893801
desktop-package	Post Run actions/setup-node@49933ea5288caeca8642d1e84afbd3f7d6820020	﻿2026-09-13T19:32:50.0083110Z Node 20 is being deprecated. This workflow is running with Node 24 by default. If you need to temporarily use Node 20, you can set the ACTIONS_ALLOW_USE_UNSECURE_NODE_VERSION=true environment variable. For more information see: https://github.blog/changelog/2025-09-19-deprecation-of-node-20-on-github-actions-runners/
desktop-package	Post Run actions/setup-node@49933ea5288caeca8642d1e84afbd3f7d6820020	2026-09-13T19:32:50.0084190Z Post job cleanup.
desktop-package	Post Run actions/setup-node@49933ea5288caeca8642d1e84afbd3f7d6820020	2026-09-13T19:32:50.1334920Z (node:26403) [DEP0040] DeprecationWarning: The `punycode` module is deprecated. Please use a userland alternative instead.
desktop-package	Post Run actions/setup-node@49933ea5288caeca8642d1e84afbd3f7d6820020	2026-09-13T19:32:50.1335840Z (Use `node --trace-deprecation ...` to show where the warning was created)
desktop-package	Post Run actions/checkout@34e114876b0b11c390a56381ad16ebd13914f8d5	﻿2026-09-13T19:32:50.1449460Z Node 20 is being deprecated. This workflow is running with Node 24 by default. If you need to temporarily use Node 20, you can set the ACTIONS_ALLOW_USE_UNSECURE_NODE_VERSION=true environment variable. For more information see: https://github.blog/changelog/2025-09-19-deprecation-of-node-20-on-github-actions-runners/
desktop-package	Post Run actions/checkout@34e114876b0b11c390a56381ad16ebd13914f8d5	2026-09-13T19:32:50.1450560Z Post job cleanup.
desktop-package	Post Run actions/checkout@34e114876b0b11c390a56381ad16ebd13914f8d5	2026-09-13T19:32:50.2371720Z [command]/opt/homebrew/bin/git version
desktop-package	Post Run actions/checkout@34e114876b0b11c390a56381ad16ebd13914f8d5	2026-09-13T19:32:50.2575900Z git version 2.55.0
desktop-package	Post Run actions/checkout@34e114876b0b11c390a56381ad16ebd13914f8d5	2026-09-13T19:32:50.2594490Z Copying '/Users/runner/.gitconfig' to '/Users/runner/work/_temp/55b01c55-64ac-449d-bfa8-2015a25531de/.gitconfig'
desktop-package	Post Run actions/checkout@34e114876b0b11c390a56381ad16ebd13914f8d5	2026-09-13T19:32:50.2601260Z Temporarily overriding HOME='/Users/runner/work/_temp/55b01c55-64ac-449d-bfa8-2015a25531de' before making global git config changes
desktop-package	Post Run actions/checkout@34e114876b0b11c390a56381ad16ebd13914f8d5	2026-09-13T19:32:50.2602060Z Adding repository directory to the temporary git global config as a safe directory
desktop-package	Post Run actions/checkout@34e114876b0b11c390a56381ad16ebd13914f8d5	2026-09-13T19:32:50.2604120Z [command]/opt/homebrew/bin/git config --global --add safe.directory /Users/runner/work/keepling/keepling
desktop-package	Post Run actions/checkout@34e114876b0b11c390a56381ad16ebd13914f8d5	2026-09-13T19:32:50.2701750Z [command]/opt/homebrew/bin/git config --local --name-only --get-regexp core\.sshCommand
desktop-package	Post Run actions/checkout@34e114876b0b11c390a56381ad16ebd13914f8d5	2026-09-13T19:32:50.2762710Z [command]/opt/homebrew/bin/git submodule foreach --recursive sh -c "git config --local --name-only --get-regexp 'core\.sshCommand' && git config --local --unset-all 'core.sshCommand' || :"
desktop-package	Post Run actions/checkout@34e114876b0b11c390a56381ad16ebd13914f8d5	2026-09-13T19:32:50.3657520Z [command]/opt/homebrew/bin/git config --local --name-only --get-regexp http\.https\:\/\/github\.com\/\.extraheader
desktop-package	Post Run actions/checkout@34e114876b0b11c390a56381ad16ebd13914f8d5	2026-09-13T19:32:50.3697530Z http.https://github.com/.extraheader
desktop-package	Post Run actions/checkout@34e114876b0b11c390a56381ad16ebd13914f8d5	2026-09-13T19:32:50.3755230Z [command]/opt/homebrew/bin/git config --local --unset-all http.https://github.com/.extraheader
desktop-package	Post Run actions/checkout@34e114876b0b11c390a56381ad16ebd13914f8d5	2026-09-13T19:32:50.3841810Z [command]/opt/homebrew/bin/git submodule foreach --recursive sh -c "git config --local --name-only --get-regexp 'http\.https\:\/\/github\.com\/\.extraheader' && git config --local --unset-all 'http.https://github.com/.extraheader' || :"
desktop-package	Post Run actions/checkout@34e114876b0b11c390a56381ad16ebd13914f8d5	2026-09-13T19:32:50.4979040Z [command]/opt/homebrew/bin/git config --local --name-only --get-regexp ^includeIf\.gitdir:
desktop-package	Post Run actions/checkout@34e114876b0b11c390a56381ad16ebd13914f8d5	2026-09-13T19:32:50.5082620Z [command]/opt/homebrew/bin/git submodule foreach --recursive git config --local --show-origin --name-only --get-regexp remote.origin.url
desktop-package	Complete job	﻿2026-09-13T19:32:50.6120040Z Evaluate and set job outputs
desktop-package	Complete job	2026-09-13T19:32:50.6124450Z Set output 'application-digest'
desktop-package	Complete job	2026-09-13T19:32:50.6126140Z Cleaning up orphan processes
desktop-package	Complete job	2026-09-13T19:32:54.0586040Z ##[warning]Node.js 20 is deprecated. The following actions target Node.js 20 but are being forced to run on Node.js 24: actions/checkout@34e114876b0b11c390a56381ad16ebd13914f8d5, actions/setup-node@49933ea5288caeca8642d1e84afbd3f7d6820020, actions/upload-artifact@ea165f8d65b6e75b540449e92b4886f43607fa02. For more information see: https://github.blog/changelog/2025-09-19-deprecation-of-node-20-on-github-actions-runners/
