export-reader	Set up job	﻿2026-09-13T19:29:26.6470119Z Current runner version: '2.337.0'
export-reader	Set up job	2026-09-13T19:29:26.6508116Z ##[group]Runner Image Provisioner
export-reader	Set up job	2026-09-13T19:29:26.6509565Z Hosted Compute Agent
export-reader	Set up job	2026-09-13T19:29:26.6510650Z Version: 20260828.587
export-reader	Set up job	2026-09-13T19:29:26.6511806Z Commit: abac92662cab4cc7352de4f9f9d2e2419aad9c29
export-reader	Set up job	2026-09-13T19:29:26.6513384Z Build Date: 2026-08-28T16:44:25Z
export-reader	Set up job	2026-09-13T19:29:26.6514664Z Worker ID: {719d91ac-02ee-48b8-9f37-3f70c2d6e231}
export-reader	Set up job	2026-09-13T19:29:26.6516455Z Azure Region: eastus2
export-reader	Set up job	2026-09-13T19:29:26.6517577Z ##[endgroup]
export-reader	Set up job	2026-09-13T19:29:26.6520146Z ##[group]Operating System
export-reader	Set up job	2026-09-13T19:29:26.6521431Z Ubuntu
export-reader	Set up job	2026-09-13T19:29:26.6522344Z 24.04.5
export-reader	Set up job	2026-09-13T19:29:26.6523190Z LTS
export-reader	Set up job	2026-09-13T19:29:26.6524291Z ##[endgroup]
export-reader	Set up job	2026-09-13T19:29:26.6525580Z ##[group]Runner Image
export-reader	Set up job	2026-09-13T19:29:26.6526867Z Image: ubuntu-24.04
export-reader	Set up job	2026-09-13T19:29:26.6527893Z Version: 20260907.300.1
export-reader	Set up job	2026-09-13T19:29:26.6529776Z Included Software: https://github.com/actions/runner-images/blob/ubuntu24/20260907.300/images/ubuntu/Ubuntu2404-Readme.md
export-reader	Set up job	2026-09-13T19:29:26.6533342Z Image Release: https://github.com/actions/runner-images/releases/tag/ubuntu24%2F20260907.300
export-reader	Set up job	2026-09-13T19:29:26.6535416Z ##[endgroup]
export-reader	Set up job	2026-09-13T19:29:26.6537328Z ##[group]GITHUB_TOKEN Permissions
export-reader	Set up job	2026-09-13T19:29:26.6540426Z Contents: read
export-reader	Set up job	2026-09-13T19:29:26.6541483Z Metadata: read
export-reader	Set up job	2026-09-13T19:29:26.6542816Z ##[endgroup]
export-reader	Set up job	2026-09-13T19:29:26.6546567Z Secret source: Actions
export-reader	Set up job	2026-09-13T19:29:26.6548069Z Cache mode: write
export-reader	Set up job	2026-09-13T19:29:26.6549395Z Prepare workflow directory
export-reader	Set up job	2026-09-13T19:29:26.6999543Z Prepare all required actions
export-reader	Set up job	2026-09-13T19:29:26.7049150Z Getting action download info
export-reader	Set up job	2026-09-13T19:29:26.9248773Z Download action repository 'actions/checkout@34e114876b0b11c390a56381ad16ebd13914f8d5' (SHA:34e114876b0b11c390a56381ad16ebd13914f8d5)
export-reader	Set up job	2026-09-13T19:29:27.0382515Z Download action repository 'actions/setup-node@49933ea5288caeca8642d1e84afbd3f7d6820020' (SHA:49933ea5288caeca8642d1e84afbd3f7d6820020)
export-reader	Set up job	2026-09-13T19:29:27.1306960Z Download action repository 'actions/upload-artifact@ea165f8d65b6e75b540449e92b4886f43607fa02' (SHA:ea165f8d65b6e75b540449e92b4886f43607fa02)
export-reader	Set up job	2026-09-13T19:29:27.3473308Z Complete job name: export-reader
export-reader	Run actions/checkout@34e114876b0b11c390a56381ad16ebd13914f8d5	﻿2026-09-13T19:29:27.4366081Z Node 20 is being deprecated. This workflow is running with Node 24 by default. If you need to temporarily use Node 20, you can set the ACTIONS_ALLOW_USE_UNSECURE_NODE_VERSION=true environment variable. For more information see: https://github.blog/changelog/2025-09-19-deprecation-of-node-20-on-github-actions-runners/
export-reader	Run actions/checkout@34e114876b0b11c390a56381ad16ebd13914f8d5	2026-09-13T19:29:27.4375503Z ##[group]Run actions/checkout@34e114876b0b11c390a56381ad16ebd13914f8d5
export-reader	Run actions/checkout@34e114876b0b11c390a56381ad16ebd13914f8d5	2026-09-13T19:29:27.4376647Z with:
export-reader	Run actions/checkout@34e114876b0b11c390a56381ad16ebd13914f8d5	2026-09-13T19:29:27.4377110Z   repository: szTheory/keepling
export-reader	Run actions/checkout@34e114876b0b11c390a56381ad16ebd13914f8d5	2026-09-13T19:29:27.4380902Z   token: ***
export-reader	Run actions/checkout@34e114876b0b11c390a56381ad16ebd13914f8d5	2026-09-13T19:29:27.4381348Z   ssh-strict: true
export-reader	Run actions/checkout@34e114876b0b11c390a56381ad16ebd13914f8d5	2026-09-13T19:29:27.4381795Z   ssh-user: git
export-reader	Run actions/checkout@34e114876b0b11c390a56381ad16ebd13914f8d5	2026-09-13T19:29:27.4382254Z   persist-credentials: true
export-reader	Run actions/checkout@34e114876b0b11c390a56381ad16ebd13914f8d5	2026-09-13T19:29:27.4382749Z   clean: true
export-reader	Run actions/checkout@34e114876b0b11c390a56381ad16ebd13914f8d5	2026-09-13T19:29:27.4383198Z   sparse-checkout-cone-mode: true
export-reader	Run actions/checkout@34e114876b0b11c390a56381ad16ebd13914f8d5	2026-09-13T19:29:27.4383757Z   fetch-depth: 1
export-reader	Run actions/checkout@34e114876b0b11c390a56381ad16ebd13914f8d5	2026-09-13T19:29:27.4384200Z   fetch-tags: false
export-reader	Run actions/checkout@34e114876b0b11c390a56381ad16ebd13914f8d5	2026-09-13T19:29:27.4384652Z   show-progress: true
export-reader	Run actions/checkout@34e114876b0b11c390a56381ad16ebd13914f8d5	2026-09-13T19:29:27.4385410Z   lfs: false
export-reader	Run actions/checkout@34e114876b0b11c390a56381ad16ebd13914f8d5	2026-09-13T19:29:27.4385899Z   submodules: false
export-reader	Run actions/checkout@34e114876b0b11c390a56381ad16ebd13914f8d5	2026-09-13T19:29:27.4386360Z   set-safe-directory: true
export-reader	Run actions/checkout@34e114876b0b11c390a56381ad16ebd13914f8d5	2026-09-13T19:29:27.4387126Z env:
export-reader	Run actions/checkout@34e114876b0b11c390a56381ad16ebd13914f8d5	2026-09-13T19:29:27.4387571Z   KEEPLING_PHASE2_SEED: 20260901
export-reader	Run actions/checkout@34e114876b0b11c390a56381ad16ebd13914f8d5	2026-09-13T19:29:27.4388317Z   KEEPLING_FLAKE_POLICY: no-retry; quarantine-requires-owner-issue-expiry
export-reader	Run actions/checkout@34e114876b0b11c390a56381ad16ebd13914f8d5	2026-09-13T19:29:27.4389066Z ##[endgroup]
export-reader	Run actions/checkout@34e114876b0b11c390a56381ad16ebd13914f8d5	2026-09-13T19:29:27.5507043Z Syncing repository: szTheory/keepling
export-reader	Run actions/checkout@34e114876b0b11c390a56381ad16ebd13914f8d5	2026-09-13T19:29:27.5509632Z ##[group]Getting Git version info
export-reader	Run actions/checkout@34e114876b0b11c390a56381ad16ebd13914f8d5	2026-09-13T19:29:27.5510447Z Working directory is '/home/runner/work/keepling/keepling'
export-reader	Run actions/checkout@34e114876b0b11c390a56381ad16ebd13914f8d5	2026-09-13T19:29:27.5511551Z [command]/usr/bin/git version
export-reader	Run actions/checkout@34e114876b0b11c390a56381ad16ebd13914f8d5	2026-09-13T19:29:27.5589010Z git version 2.55.0
export-reader	Run actions/checkout@34e114876b0b11c390a56381ad16ebd13914f8d5	2026-09-13T19:29:27.5612164Z ##[endgroup]
export-reader	Run actions/checkout@34e114876b0b11c390a56381ad16ebd13914f8d5	2026-09-13T19:29:27.5629694Z Temporarily overriding HOME='/home/runner/work/_temp/b343e60c-f884-45da-b111-e4fd116bc06a' before making global git config changes
export-reader	Run actions/checkout@34e114876b0b11c390a56381ad16ebd13914f8d5	2026-09-13T19:29:27.5632515Z Adding repository directory to the temporary git global config as a safe directory
export-reader	Run actions/checkout@34e114876b0b11c390a56381ad16ebd13914f8d5	2026-09-13T19:29:27.5636596Z [command]/usr/bin/git config --global --add safe.directory /home/runner/work/keepling/keepling
export-reader	Run actions/checkout@34e114876b0b11c390a56381ad16ebd13914f8d5	2026-09-13T19:29:27.5691954Z Deleting the contents of '/home/runner/work/keepling/keepling'
export-reader	Run actions/checkout@34e114876b0b11c390a56381ad16ebd13914f8d5	2026-09-13T19:29:27.5696808Z ##[group]Initializing the repository
export-reader	Run actions/checkout@34e114876b0b11c390a56381ad16ebd13914f8d5	2026-09-13T19:29:27.5701941Z [command]/usr/bin/git init /home/runner/work/keepling/keepling
export-reader	Run actions/checkout@34e114876b0b11c390a56381ad16ebd13914f8d5	2026-09-13T19:29:27.5833506Z hint: Using 'master' as the name for the initial branch. This default branch name
export-reader	Run actions/checkout@34e114876b0b11c390a56381ad16ebd13914f8d5	2026-09-13T19:29:27.5835619Z hint: will change to "main" in Git 3.0. To configure the initial branch name
export-reader	Run actions/checkout@34e114876b0b11c390a56381ad16ebd13914f8d5	2026-09-13T19:29:27.5837328Z hint: to use in all of your new repositories, which will suppress this warning,
export-reader	Run actions/checkout@34e114876b0b11c390a56381ad16ebd13914f8d5	2026-09-13T19:29:27.5838659Z hint: call:
export-reader	Run actions/checkout@34e114876b0b11c390a56381ad16ebd13914f8d5	2026-09-13T19:29:27.5839349Z hint:
export-reader	Run actions/checkout@34e114876b0b11c390a56381ad16ebd13914f8d5	2026-09-13T19:29:27.5840291Z hint: 	git config --global init.defaultBranch <name>
export-reader	Run actions/checkout@34e114876b0b11c390a56381ad16ebd13914f8d5	2026-09-13T19:29:27.5841360Z hint:
export-reader	Run actions/checkout@34e114876b0b11c390a56381ad16ebd13914f8d5	2026-09-13T19:29:27.5842076Z hint: Names commonly chosen instead of 'master' are 'main', 'trunk' and
export-reader	Run actions/checkout@34e114876b0b11c390a56381ad16ebd13914f8d5	2026-09-13T19:29:27.5843047Z hint: 'development'. The just-created branch can be renamed via this command:
export-reader	Run actions/checkout@34e114876b0b11c390a56381ad16ebd13914f8d5	2026-09-13T19:29:27.5844273Z hint:
export-reader	Run actions/checkout@34e114876b0b11c390a56381ad16ebd13914f8d5	2026-09-13T19:29:27.5845127Z hint: 	git branch -m <name>
export-reader	Run actions/checkout@34e114876b0b11c390a56381ad16ebd13914f8d5	2026-09-13T19:29:27.5846012Z hint:
export-reader	Run actions/checkout@34e114876b0b11c390a56381ad16ebd13914f8d5	2026-09-13T19:29:27.5846705Z hint: Disable this message with "git config set advice.defaultBranchName false"
export-reader	Run actions/checkout@34e114876b0b11c390a56381ad16ebd13914f8d5	2026-09-13T19:29:27.5847700Z Initialized empty Git repository in /home/runner/work/keepling/keepling/.git/
export-reader	Run actions/checkout@34e114876b0b11c390a56381ad16ebd13914f8d5	2026-09-13T19:29:27.5851524Z [command]/usr/bin/git remote add origin https://github.com/szTheory/keepling
export-reader	Run actions/checkout@34e114876b0b11c390a56381ad16ebd13914f8d5	2026-09-13T19:29:27.5903985Z ##[endgroup]
export-reader	Run actions/checkout@34e114876b0b11c390a56381ad16ebd13914f8d5	2026-09-13T19:29:27.5904825Z ##[group]Disabling automatic garbage collection
export-reader	Run actions/checkout@34e114876b0b11c390a56381ad16ebd13914f8d5	2026-09-13T19:29:27.5907942Z [command]/usr/bin/git config --local gc.auto 0
export-reader	Run actions/checkout@34e114876b0b11c390a56381ad16ebd13914f8d5	2026-09-13T19:29:27.5941168Z ##[endgroup]
export-reader	Run actions/checkout@34e114876b0b11c390a56381ad16ebd13914f8d5	2026-09-13T19:29:27.5941960Z ##[group]Setting up auth
export-reader	Run actions/checkout@34e114876b0b11c390a56381ad16ebd13914f8d5	2026-09-13T19:29:27.5949412Z [command]/usr/bin/git config --local --name-only --get-regexp core\.sshCommand
export-reader	Run actions/checkout@34e114876b0b11c390a56381ad16ebd13914f8d5	2026-09-13T19:29:27.5984166Z [command]/usr/bin/git submodule foreach --recursive sh -c "git config --local --name-only --get-regexp 'core\.sshCommand' && git config --local --unset-all 'core.sshCommand' || :"
export-reader	Run actions/checkout@34e114876b0b11c390a56381ad16ebd13914f8d5	2026-09-13T19:29:27.6376898Z [command]/usr/bin/git config --local --name-only --get-regexp http\.https\:\/\/github\.com\/\.extraheader
export-reader	Run actions/checkout@34e114876b0b11c390a56381ad16ebd13914f8d5	2026-09-13T19:29:27.6413155Z [command]/usr/bin/git submodule foreach --recursive sh -c "git config --local --name-only --get-regexp 'http\.https\:\/\/github\.com\/\.extraheader' && git config --local --unset-all 'http.https://github.com/.extraheader' || :"
export-reader	Run actions/checkout@34e114876b0b11c390a56381ad16ebd13914f8d5	2026-09-13T19:29:27.6671545Z [command]/usr/bin/git config --local --name-only --get-regexp ^includeIf\.gitdir:
export-reader	Run actions/checkout@34e114876b0b11c390a56381ad16ebd13914f8d5	2026-09-13T19:29:27.6710300Z [command]/usr/bin/git submodule foreach --recursive git config --local --show-origin --name-only --get-regexp remote.origin.url
export-reader	Run actions/checkout@34e114876b0b11c390a56381ad16ebd13914f8d5	2026-09-13T19:29:27.6991060Z [command]/usr/bin/git config --local http.https://github.com/.extraheader AUTHORIZATION: basic ***
export-reader	Run actions/checkout@34e114876b0b11c390a56381ad16ebd13914f8d5	2026-09-13T19:29:27.7031642Z ##[endgroup]
export-reader	Run actions/checkout@34e114876b0b11c390a56381ad16ebd13914f8d5	2026-09-13T19:29:27.7040478Z ##[group]Fetching the repository
export-reader	Run actions/checkout@34e114876b0b11c390a56381ad16ebd13914f8d5	2026-09-13T19:29:27.7041911Z [command]/usr/bin/git -c protocol.version=2 fetch --no-tags --prune --no-recurse-submodules --depth=1 origin +c2e4ce37ff0ca2c27067b098c2cfbdc59155ba96:refs/remotes/origin/main
export-reader	Run actions/checkout@34e114876b0b11c390a56381ad16ebd13914f8d5	2026-09-13T19:29:28.6413407Z From https://github.com/szTheory/keepling
export-reader	Run actions/checkout@34e114876b0b11c390a56381ad16ebd13914f8d5	2026-09-13T19:29:28.6414647Z  * [new ref]         c2e4ce37ff0ca2c27067b098c2cfbdc59155ba96 -> origin/main
export-reader	Run actions/checkout@34e114876b0b11c390a56381ad16ebd13914f8d5	2026-09-13T19:29:28.6418006Z ##[endgroup]
export-reader	Run actions/checkout@34e114876b0b11c390a56381ad16ebd13914f8d5	2026-09-13T19:29:28.6418853Z ##[group]Determining the checkout info
export-reader	Run actions/checkout@34e114876b0b11c390a56381ad16ebd13914f8d5	2026-09-13T19:29:28.6420200Z ##[endgroup]
export-reader	Run actions/checkout@34e114876b0b11c390a56381ad16ebd13914f8d5	2026-09-13T19:29:28.6427033Z [command]/usr/bin/git sparse-checkout disable
export-reader	Run actions/checkout@34e114876b0b11c390a56381ad16ebd13914f8d5	2026-09-13T19:29:28.6478894Z [command]/usr/bin/git config --local --unset-all extensions.worktreeConfig
export-reader	Run actions/checkout@34e114876b0b11c390a56381ad16ebd13914f8d5	2026-09-13T19:29:28.6507828Z ##[group]Checking out the ref
export-reader	Run actions/checkout@34e114876b0b11c390a56381ad16ebd13914f8d5	2026-09-13T19:29:28.6511877Z [command]/usr/bin/git checkout --progress --force -B main refs/remotes/origin/main
export-reader	Run actions/checkout@34e114876b0b11c390a56381ad16ebd13914f8d5	2026-09-13T19:29:28.7773737Z Switched to a new branch 'main'
export-reader	Run actions/checkout@34e114876b0b11c390a56381ad16ebd13914f8d5	2026-09-13T19:29:28.7778690Z branch 'main' set up to track 'origin/main'.
export-reader	Run actions/checkout@34e114876b0b11c390a56381ad16ebd13914f8d5	2026-09-13T19:29:28.7791020Z ##[endgroup]
export-reader	Run actions/checkout@34e114876b0b11c390a56381ad16ebd13914f8d5	2026-09-13T19:29:28.7833399Z [command]/usr/bin/git log -1 --format=%H
export-reader	Run actions/checkout@34e114876b0b11c390a56381ad16ebd13914f8d5	2026-09-13T19:29:28.7858062Z c2e4ce37ff0ca2c27067b098c2cfbdc59155ba96
export-reader	Run actions/setup-node@49933ea5288caeca8642d1e84afbd3f7d6820020	﻿2026-09-13T19:29:28.8154236Z Node 20 is being deprecated. This workflow is running with Node 24 by default. If you need to temporarily use Node 20, you can set the ACTIONS_ALLOW_USE_UNSECURE_NODE_VERSION=true environment variable. For more information see: https://github.blog/changelog/2025-09-19-deprecation-of-node-20-on-github-actions-runners/
export-reader	Run actions/setup-node@49933ea5288caeca8642d1e84afbd3f7d6820020	2026-09-13T19:29:28.8157649Z ##[group]Run actions/setup-node@49933ea5288caeca8642d1e84afbd3f7d6820020
export-reader	Run actions/setup-node@49933ea5288caeca8642d1e84afbd3f7d6820020	2026-09-13T19:29:28.8158431Z with:
export-reader	Run actions/setup-node@49933ea5288caeca8642d1e84afbd3f7d6820020	2026-09-13T19:29:28.8158889Z   node-version: 24.7.0
export-reader	Run actions/setup-node@49933ea5288caeca8642d1e84afbd3f7d6820020	2026-09-13T19:29:28.8159396Z   always-auth: false
export-reader	Run actions/setup-node@49933ea5288caeca8642d1e84afbd3f7d6820020	2026-09-13T19:29:28.8159908Z   check-latest: false
export-reader	Run actions/setup-node@49933ea5288caeca8642d1e84afbd3f7d6820020	2026-09-13T19:29:28.8163798Z   token: ***
export-reader	Run actions/setup-node@49933ea5288caeca8642d1e84afbd3f7d6820020	2026-09-13T19:29:28.8164259Z env:
export-reader	Run actions/setup-node@49933ea5288caeca8642d1e84afbd3f7d6820020	2026-09-13T19:29:28.8164707Z   KEEPLING_PHASE2_SEED: 20260901
export-reader	Run actions/setup-node@49933ea5288caeca8642d1e84afbd3f7d6820020	2026-09-13T19:29:28.8165830Z   KEEPLING_FLAKE_POLICY: no-retry; quarantine-requires-owner-issue-expiry
export-reader	Run actions/setup-node@49933ea5288caeca8642d1e84afbd3f7d6820020	2026-09-13T19:29:28.8166653Z ##[endgroup]
export-reader	Run actions/setup-node@49933ea5288caeca8642d1e84afbd3f7d6820020	2026-09-13T19:29:28.9677789Z Attempting to download 24.7.0...
export-reader	Run actions/setup-node@49933ea5288caeca8642d1e84afbd3f7d6820020	2026-09-13T19:29:28.9788598Z (node:2257) [DEP0040] DeprecationWarning: The `punycode` module is deprecated. Please use a userland alternative instead.
export-reader	Run actions/setup-node@49933ea5288caeca8642d1e84afbd3f7d6820020	2026-09-13T19:29:28.9791629Z (Use `node --trace-deprecation ...` to show where the warning was created)
export-reader	Run actions/setup-node@49933ea5288caeca8642d1e84afbd3f7d6820020	2026-09-13T19:29:29.5571165Z Acquiring 24.7.0 - x64 from https://github.com/actions/node-versions/releases/download/24.7.0-17283839804/node-24.7.0-linux-x64.tar.gz
export-reader	Run actions/setup-node@49933ea5288caeca8642d1e84afbd3f7d6820020	2026-09-13T19:29:30.0221231Z Extracting ...
export-reader	Run actions/setup-node@49933ea5288caeca8642d1e84afbd3f7d6820020	2026-09-13T19:29:30.0356287Z [command]/usr/bin/tar xz --strip 1 --warning=no-unknown-keyword --overwrite -C /home/runner/work/_temp/f48cdfc1-d641-44da-a4a4-b6a63f7bfbfe -f /home/runner/work/_temp/565e2e38-a87e-4bb2-aaf6-48f618a6ebd7
export-reader	Run actions/setup-node@49933ea5288caeca8642d1e84afbd3f7d6820020	2026-09-13T19:29:31.3453275Z Adding to the cache ...
export-reader	Run actions/setup-node@49933ea5288caeca8642d1e84afbd3f7d6820020	2026-09-13T19:29:33.5457080Z ##[group]Environment details
export-reader	Run actions/setup-node@49933ea5288caeca8642d1e84afbd3f7d6820020	2026-09-13T19:29:33.7879989Z node: v24.7.0
export-reader	Run actions/setup-node@49933ea5288caeca8642d1e84afbd3f7d6820020	2026-09-13T19:29:33.7880598Z npm: 11.5.1
export-reader	Run actions/setup-node@49933ea5288caeca8642d1e84afbd3f7d6820020	2026-09-13T19:29:33.7880945Z yarn: 1.22.22
export-reader	Run actions/setup-node@49933ea5288caeca8642d1e84afbd3f7d6820020	2026-09-13T19:29:33.7881894Z ##[endgroup]
export-reader	Validate the golden export bundle by an independent route	﻿2026-09-13T19:29:33.8079354Z ##[group]Run set -o pipefail
export-reader	Validate the golden export bundle by an independent route	2026-09-13T19:29:33.8079767Z ^[[36;1mset -o pipefail^[[0m
export-reader	Validate the golden export bundle by an independent route	2026-09-13T19:29:33.8080226Z ^[[36;1mnode tooling/verify-export-reader.mjs --golden | tee "$RUNNER_TEMP/export-reader.txt"^[[0m
export-reader	Validate the golden export bundle by an independent route	2026-09-13T19:29:33.8080829Z ^[[36;1m./tooling/verify-privacy.sh "$RUNNER_TEMP/export-reader.txt"^[[0m
export-reader	Validate the golden export bundle by an independent route	2026-09-13T19:29:33.8123140Z shell: /usr/bin/bash -e {0}
export-reader	Validate the golden export bundle by an independent route	2026-09-13T19:29:33.8123440Z env:
export-reader	Validate the golden export bundle by an independent route	2026-09-13T19:29:33.8123695Z   KEEPLING_PHASE2_SEED: 20260901
export-reader	Validate the golden export bundle by an independent route	2026-09-13T19:29:33.8124099Z   KEEPLING_FLAKE_POLICY: no-retry; quarantine-requires-owner-issue-expiry
export-reader	Validate the golden export bundle by an independent route	2026-09-13T19:29:33.8124518Z ##[endgroup]
export-reader	Validate the golden export bundle by an independent route	2026-09-13T19:29:33.8590601Z verify-export-reader --golden PASSED cases=16 trackedInputSha256=6163530e92505f314ec045c331b55f62889aa1cca7f6b69851bffd8e8b9aacf9
export-reader	Validate the golden export bundle by an independent route	2026-09-13T19:29:33.8753513Z Privacy verification passed: artifacts=1 sentinels=7
export-reader	Run actions/upload-artifact@ea165f8d65b6e75b540449e92b4886f43607fa02	﻿2026-09-13T19:29:33.8863466Z Node 20 is being deprecated. This workflow is running with Node 24 by default. If you need to temporarily use Node 20, you can set the ACTIONS_ALLOW_USE_UNSECURE_NODE_VERSION=true environment variable. For more information see: https://github.blog/changelog/2025-09-19-deprecation-of-node-20-on-github-actions-runners/
export-reader	Run actions/upload-artifact@ea165f8d65b6e75b540449e92b4886f43607fa02	2026-09-13T19:29:33.8864927Z ##[group]Run actions/upload-artifact@ea165f8d65b6e75b540449e92b4886f43607fa02
export-reader	Run actions/upload-artifact@ea165f8d65b6e75b540449e92b4886f43607fa02	2026-09-13T19:29:33.8865671Z with:
export-reader	Run actions/upload-artifact@ea165f8d65b6e75b540449e92b4886f43607fa02	2026-09-13T19:29:33.8865902Z   name: export-reader-timing
export-reader	Run actions/upload-artifact@ea165f8d65b6e75b540449e92b4886f43607fa02	2026-09-13T19:29:33.8866206Z   path: /home/runner/work/_temp/export-reader.txt
export-reader	Run actions/upload-artifact@ea165f8d65b6e75b540449e92b4886f43607fa02	2026-09-13T19:29:33.8866523Z   if-no-files-found: error
export-reader	Run actions/upload-artifact@ea165f8d65b6e75b540449e92b4886f43607fa02	2026-09-13T19:29:33.8866760Z   retention-days: 14
export-reader	Run actions/upload-artifact@ea165f8d65b6e75b540449e92b4886f43607fa02	2026-09-13T19:29:33.8866982Z   compression-level: 6
export-reader	Run actions/upload-artifact@ea165f8d65b6e75b540449e92b4886f43607fa02	2026-09-13T19:29:33.8867206Z   overwrite: false
export-reader	Run actions/upload-artifact@ea165f8d65b6e75b540449e92b4886f43607fa02	2026-09-13T19:29:33.8867423Z   include-hidden-files: false
export-reader	Run actions/upload-artifact@ea165f8d65b6e75b540449e92b4886f43607fa02	2026-09-13T19:29:33.8867659Z env:
export-reader	Run actions/upload-artifact@ea165f8d65b6e75b540449e92b4886f43607fa02	2026-09-13T19:29:33.8867884Z   KEEPLING_PHASE2_SEED: 20260901
export-reader	Run actions/upload-artifact@ea165f8d65b6e75b540449e92b4886f43607fa02	2026-09-13T19:29:33.8868573Z   KEEPLING_FLAKE_POLICY: no-retry; quarantine-requires-owner-issue-expiry
export-reader	Run actions/upload-artifact@ea165f8d65b6e75b540449e92b4886f43607fa02	2026-09-13T19:29:33.8869007Z ##[endgroup]
export-reader	Run actions/upload-artifact@ea165f8d65b6e75b540449e92b4886f43607fa02	2026-09-13T19:29:34.0623881Z (node:2313) [DEP0040] DeprecationWarning: The `punycode` module is deprecated. Please use a userland alternative instead.
export-reader	Run actions/upload-artifact@ea165f8d65b6e75b540449e92b4886f43607fa02	2026-09-13T19:29:34.0626072Z (Use `node --trace-deprecation ...` to show where the warning was created)
export-reader	Run actions/upload-artifact@ea165f8d65b6e75b540449e92b4886f43607fa02	2026-09-13T19:29:34.0679555Z With the provided path, there will be 1 file uploaded
export-reader	Run actions/upload-artifact@ea165f8d65b6e75b540449e92b4886f43607fa02	2026-09-13T19:29:34.0687776Z Artifact name is valid!
export-reader	Run actions/upload-artifact@ea165f8d65b6e75b540449e92b4886f43607fa02	2026-09-13T19:29:34.0688975Z Root directory input is valid!
export-reader	Run actions/upload-artifact@ea165f8d65b6e75b540449e92b4886f43607fa02	2026-09-13T19:29:34.3001841Z Beginning upload of artifact content to blob storage
export-reader	Run actions/upload-artifact@ea165f8d65b6e75b540449e92b4886f43607fa02	2026-09-13T19:29:34.3187843Z (node:2313) [DEP0169] DeprecationWarning: `url.parse()` behavior is not standardized and prone to errors that have security implications. Use the WHATWG URL API instead. CVEs are not issued for `url.parse()` vulnerabilities.
export-reader	Run actions/upload-artifact@ea165f8d65b6e75b540449e92b4886f43607fa02	2026-09-13T19:29:34.3589156Z Uploaded bytes 267
export-reader	Run actions/upload-artifact@ea165f8d65b6e75b540449e92b4886f43607fa02	2026-09-13T19:29:34.3772486Z Finished uploading artifact content to blob storage!
export-reader	Run actions/upload-artifact@ea165f8d65b6e75b540449e92b4886f43607fa02	2026-09-13T19:29:34.3773991Z SHA256 digest of uploaded artifact zip is 725e6ddf718ca00a7ee4e56324e5df6b2add5e79ec5341f34e53a1743d9ca686
export-reader	Run actions/upload-artifact@ea165f8d65b6e75b540449e92b4886f43607fa02	2026-09-13T19:29:34.3775090Z Finalizing artifact upload
export-reader	Run actions/upload-artifact@ea165f8d65b6e75b540449e92b4886f43607fa02	2026-09-13T19:29:34.5639705Z Artifact export-reader-timing.zip successfully finalized. Artifact ID 10324008275
export-reader	Run actions/upload-artifact@ea165f8d65b6e75b540449e92b4886f43607fa02	2026-09-13T19:29:34.5641778Z Artifact export-reader-timing has been successfully uploaded! Final size is 267 bytes. Artifact ID is 10324008275
export-reader	Run actions/upload-artifact@ea165f8d65b6e75b540449e92b4886f43607fa02	2026-09-13T19:29:34.5656823Z Artifact download URL: https://github.com/szTheory/keepling/actions/runs/34777805271/artifacts/10324008275
export-reader	Post Run actions/setup-node@49933ea5288caeca8642d1e84afbd3f7d6820020	﻿2026-09-13T19:29:34.5842551Z Node 20 is being deprecated. This workflow is running with Node 24 by default. If you need to temporarily use Node 20, you can set the ACTIONS_ALLOW_USE_UNSECURE_NODE_VERSION=true environment variable. For more information see: https://github.blog/changelog/2025-09-19-deprecation-of-node-20-on-github-actions-runners/
export-reader	Post Run actions/setup-node@49933ea5288caeca8642d1e84afbd3f7d6820020	2026-09-13T19:29:34.5843848Z Post job cleanup.
export-reader	Post Run actions/setup-node@49933ea5288caeca8642d1e84afbd3f7d6820020	2026-09-13T19:29:34.7101066Z (node:2325) [DEP0040] DeprecationWarning: The `punycode` module is deprecated. Please use a userland alternative instead.
export-reader	Post Run actions/setup-node@49933ea5288caeca8642d1e84afbd3f7d6820020	2026-09-13T19:29:34.7102152Z (Use `node --trace-deprecation ...` to show where the warning was created)
export-reader	Post Run actions/checkout@34e114876b0b11c390a56381ad16ebd13914f8d5	﻿2026-09-13T19:29:34.7248566Z Node 20 is being deprecated. This workflow is running with Node 24 by default. If you need to temporarily use Node 20, you can set the ACTIONS_ALLOW_USE_UNSECURE_NODE_VERSION=true environment variable. For more information see: https://github.blog/changelog/2025-09-19-deprecation-of-node-20-on-github-actions-runners/
export-reader	Post Run actions/checkout@34e114876b0b11c390a56381ad16ebd13914f8d5	2026-09-13T19:29:34.7249866Z Post job cleanup.
export-reader	Post Run actions/checkout@34e114876b0b11c390a56381ad16ebd13914f8d5	2026-09-13T19:29:34.8101098Z [command]/usr/bin/git version
export-reader	Post Run actions/checkout@34e114876b0b11c390a56381ad16ebd13914f8d5	2026-09-13T19:29:34.8139300Z git version 2.55.0
export-reader	Post Run actions/checkout@34e114876b0b11c390a56381ad16ebd13914f8d5	2026-09-13T19:29:34.8180063Z Temporarily overriding HOME='/home/runner/work/_temp/04b72dbf-59b4-4f09-9703-aa1fd7547cba' before making global git config changes
export-reader	Post Run actions/checkout@34e114876b0b11c390a56381ad16ebd13914f8d5	2026-09-13T19:29:34.8181773Z Adding repository directory to the temporary git global config as a safe directory
export-reader	Post Run actions/checkout@34e114876b0b11c390a56381ad16ebd13914f8d5	2026-09-13T19:29:34.8186952Z [command]/usr/bin/git config --global --add safe.directory /home/runner/work/keepling/keepling
export-reader	Post Run actions/checkout@34e114876b0b11c390a56381ad16ebd13914f8d5	2026-09-13T19:29:34.8225935Z [command]/usr/bin/git config --local --name-only --get-regexp core\.sshCommand
export-reader	Post Run actions/checkout@34e114876b0b11c390a56381ad16ebd13914f8d5	2026-09-13T19:29:34.8261332Z [command]/usr/bin/git submodule foreach --recursive sh -c "git config --local --name-only --get-regexp 'core\.sshCommand' && git config --local --unset-all 'core.sshCommand' || :"
export-reader	Post Run actions/checkout@34e114876b0b11c390a56381ad16ebd13914f8d5	2026-09-13T19:29:34.8495088Z [command]/usr/bin/git config --local --name-only --get-regexp http\.https\:\/\/github\.com\/\.extraheader
export-reader	Post Run actions/checkout@34e114876b0b11c390a56381ad16ebd13914f8d5	2026-09-13T19:29:34.8523209Z http.https://github.com/.extraheader
export-reader	Post Run actions/checkout@34e114876b0b11c390a56381ad16ebd13914f8d5	2026-09-13T19:29:34.8534660Z [command]/usr/bin/git config --local --unset-all http.https://github.com/.extraheader
export-reader	Post Run actions/checkout@34e114876b0b11c390a56381ad16ebd13914f8d5	2026-09-13T19:29:34.8567370Z [command]/usr/bin/git submodule foreach --recursive sh -c "git config --local --name-only --get-regexp 'http\.https\:\/\/github\.com\/\.extraheader' && git config --local --unset-all 'http.https://github.com/.extraheader' || :"
export-reader	Post Run actions/checkout@34e114876b0b11c390a56381ad16ebd13914f8d5	2026-09-13T19:29:34.8798706Z [command]/usr/bin/git config --local --name-only --get-regexp ^includeIf\.gitdir:
export-reader	Post Run actions/checkout@34e114876b0b11c390a56381ad16ebd13914f8d5	2026-09-13T19:29:34.8836464Z [command]/usr/bin/git submodule foreach --recursive git config --local --show-origin --name-only --get-regexp remote.origin.url
export-reader	Complete job	﻿2026-09-13T19:29:34.9241211Z Cleaning up orphan processes
export-reader	Complete job	2026-09-13T19:29:34.9616665Z ##[warning]Node.js 20 is deprecated. The following actions target Node.js 20 but are being forced to run on Node.js 24: actions/checkout@34e114876b0b11c390a56381ad16ebd13914f8d5, actions/setup-node@49933ea5288caeca8642d1e84afbd3f7d6820020, actions/upload-artifact@ea165f8d65b6e75b540449e92b4886f43607fa02. For more information see: https://github.blog/changelog/2025-09-19-deprecation-of-node-20-on-github-actions-runners/
