opentofu-host-fixtures	Set up job	﻿2026-09-13T19:28:50.6915169Z Current runner version: '2.337.0'
opentofu-host-fixtures	Set up job	2026-09-13T19:28:50.6939960Z ##[group]Runner Image Provisioner
opentofu-host-fixtures	Set up job	2026-09-13T19:28:50.6940872Z Hosted Compute Agent
opentofu-host-fixtures	Set up job	2026-09-13T19:28:50.6941407Z Version: 20260828.587
opentofu-host-fixtures	Set up job	2026-09-13T19:28:50.6942096Z Commit: abac92662cab4cc7352de4f9f9d2e2419aad9c29
opentofu-host-fixtures	Set up job	2026-09-13T19:28:50.6942750Z Build Date: 2026-08-28T16:44:25Z
opentofu-host-fixtures	Set up job	2026-09-13T19:28:50.6943374Z Worker ID: {7ed3ec3f-e623-454f-a124-524e153bbef7}
opentofu-host-fixtures	Set up job	2026-09-13T19:28:50.6944052Z Azure Region: westus3
opentofu-host-fixtures	Set up job	2026-09-13T19:28:50.6944561Z ##[endgroup]
opentofu-host-fixtures	Set up job	2026-09-13T19:28:50.6946007Z ##[group]Operating System
opentofu-host-fixtures	Set up job	2026-09-13T19:28:50.6946628Z Ubuntu
opentofu-host-fixtures	Set up job	2026-09-13T19:28:50.6947085Z 24.04.5
opentofu-host-fixtures	Set up job	2026-09-13T19:28:50.6947634Z LTS
opentofu-host-fixtures	Set up job	2026-09-13T19:28:50.6948119Z ##[endgroup]
opentofu-host-fixtures	Set up job	2026-09-13T19:28:50.6949132Z ##[group]Runner Image
opentofu-host-fixtures	Set up job	2026-09-13T19:28:50.6949715Z Image: ubuntu-24.04
opentofu-host-fixtures	Set up job	2026-09-13T19:28:50.6950262Z Version: 20260907.300.1
opentofu-host-fixtures	Set up job	2026-09-13T19:28:50.6951234Z Included Software: https://github.com/actions/runner-images/blob/ubuntu24/20260907.300/images/ubuntu/Ubuntu2404-Readme.md
opentofu-host-fixtures	Set up job	2026-09-13T19:28:50.6952815Z Image Release: https://github.com/actions/runner-images/releases/tag/ubuntu24%2F20260907.300
opentofu-host-fixtures	Set up job	2026-09-13T19:28:50.6953697Z ##[endgroup]
opentofu-host-fixtures	Set up job	2026-09-13T19:28:50.6955043Z ##[group]GITHUB_TOKEN Permissions
opentofu-host-fixtures	Set up job	2026-09-13T19:28:50.6957182Z Contents: read
opentofu-host-fixtures	Set up job	2026-09-13T19:28:50.6957718Z Metadata: read
opentofu-host-fixtures	Set up job	2026-09-13T19:28:50.6958391Z ##[endgroup]
opentofu-host-fixtures	Set up job	2026-09-13T19:28:50.6960499Z Secret source: Actions
opentofu-host-fixtures	Set up job	2026-09-13T19:28:50.6961425Z Cache mode: write
opentofu-host-fixtures	Set up job	2026-09-13T19:28:50.6962059Z Prepare workflow directory
opentofu-host-fixtures	Set up job	2026-09-13T19:28:50.7342620Z Prepare all required actions
opentofu-host-fixtures	Set up job	2026-09-13T19:28:50.7393175Z Getting action download info
opentofu-host-fixtures	Set up job	2026-09-13T19:28:51.0533591Z Download action repository 'actions/checkout@34e114876b0b11c390a56381ad16ebd13914f8d5' (SHA:34e114876b0b11c390a56381ad16ebd13914f8d5)
opentofu-host-fixtures	Set up job	2026-09-13T19:28:51.1808890Z Download action repository 'actions/upload-artifact@ea165f8d65b6e75b540449e92b4886f43607fa02' (SHA:ea165f8d65b6e75b540449e92b4886f43607fa02)
opentofu-host-fixtures	Set up job	2026-09-13T19:28:51.3529968Z Complete job name: opentofu-host-fixtures
opentofu-host-fixtures	Run actions/checkout@34e114876b0b11c390a56381ad16ebd13914f8d5	﻿2026-09-13T19:28:51.4176294Z Node 20 is being deprecated. This workflow is running with Node 24 by default. If you need to temporarily use Node 20, you can set the ACTIONS_ALLOW_USE_UNSECURE_NODE_VERSION=true environment variable. For more information see: https://github.blog/changelog/2025-09-19-deprecation-of-node-20-on-github-actions-runners/
opentofu-host-fixtures	Run actions/checkout@34e114876b0b11c390a56381ad16ebd13914f8d5	2026-09-13T19:28:51.4185180Z ##[group]Run actions/checkout@34e114876b0b11c390a56381ad16ebd13914f8d5
opentofu-host-fixtures	Run actions/checkout@34e114876b0b11c390a56381ad16ebd13914f8d5	2026-09-13T19:28:51.4186140Z with:
opentofu-host-fixtures	Run actions/checkout@34e114876b0b11c390a56381ad16ebd13914f8d5	2026-09-13T19:28:51.4186645Z   repository: szTheory/keepling
opentofu-host-fixtures	Run actions/checkout@34e114876b0b11c390a56381ad16ebd13914f8d5	2026-09-13T19:28:51.4190284Z   token: ***
opentofu-host-fixtures	Run actions/checkout@34e114876b0b11c390a56381ad16ebd13914f8d5	2026-09-13T19:28:51.4190799Z   ssh-strict: true
opentofu-host-fixtures	Run actions/checkout@34e114876b0b11c390a56381ad16ebd13914f8d5	2026-09-13T19:28:51.4191269Z   ssh-user: git
opentofu-host-fixtures	Run actions/checkout@34e114876b0b11c390a56381ad16ebd13914f8d5	2026-09-13T19:28:51.4191753Z   persist-credentials: true
opentofu-host-fixtures	Run actions/checkout@34e114876b0b11c390a56381ad16ebd13914f8d5	2026-09-13T19:28:51.4192285Z   clean: true
opentofu-host-fixtures	Run actions/checkout@34e114876b0b11c390a56381ad16ebd13914f8d5	2026-09-13T19:28:51.4192785Z   sparse-checkout-cone-mode: true
opentofu-host-fixtures	Run actions/checkout@34e114876b0b11c390a56381ad16ebd13914f8d5	2026-09-13T19:28:51.4193343Z   fetch-depth: 1
opentofu-host-fixtures	Run actions/checkout@34e114876b0b11c390a56381ad16ebd13914f8d5	2026-09-13T19:28:51.4193798Z   fetch-tags: false
opentofu-host-fixtures	Run actions/checkout@34e114876b0b11c390a56381ad16ebd13914f8d5	2026-09-13T19:28:51.4194498Z   show-progress: true
opentofu-host-fixtures	Run actions/checkout@34e114876b0b11c390a56381ad16ebd13914f8d5	2026-09-13T19:28:51.4194978Z   lfs: false
opentofu-host-fixtures	Run actions/checkout@34e114876b0b11c390a56381ad16ebd13914f8d5	2026-09-13T19:28:51.4195510Z   submodules: false
opentofu-host-fixtures	Run actions/checkout@34e114876b0b11c390a56381ad16ebd13914f8d5	2026-09-13T19:28:51.4196042Z   set-safe-directory: true
opentofu-host-fixtures	Run actions/checkout@34e114876b0b11c390a56381ad16ebd13914f8d5	2026-09-13T19:28:51.4196812Z env:
opentofu-host-fixtures	Run actions/checkout@34e114876b0b11c390a56381ad16ebd13914f8d5	2026-09-13T19:28:51.4197301Z   KEEPLING_PHASE2_SEED: 20260901
opentofu-host-fixtures	Run actions/checkout@34e114876b0b11c390a56381ad16ebd13914f8d5	2026-09-13T19:28:51.4198024Z   KEEPLING_FLAKE_POLICY: no-retry; quarantine-requires-owner-issue-expiry
opentofu-host-fixtures	Run actions/checkout@34e114876b0b11c390a56381ad16ebd13914f8d5	2026-09-13T19:28:51.4198887Z ##[endgroup]
opentofu-host-fixtures	Run actions/checkout@34e114876b0b11c390a56381ad16ebd13914f8d5	2026-09-13T19:28:51.5177913Z Syncing repository: szTheory/keepling
opentofu-host-fixtures	Run actions/checkout@34e114876b0b11c390a56381ad16ebd13914f8d5	2026-09-13T19:28:51.5288909Z ##[group]Getting Git version info
opentofu-host-fixtures	Run actions/checkout@34e114876b0b11c390a56381ad16ebd13914f8d5	2026-09-13T19:28:51.5290259Z Working directory is '/home/runner/work/keepling/keepling'
opentofu-host-fixtures	Run actions/checkout@34e114876b0b11c390a56381ad16ebd13914f8d5	2026-09-13T19:28:51.5292089Z [command]/usr/bin/git version
opentofu-host-fixtures	Run actions/checkout@34e114876b0b11c390a56381ad16ebd13914f8d5	2026-09-13T19:28:51.5292945Z git version 2.55.0
opentofu-host-fixtures	Run actions/checkout@34e114876b0b11c390a56381ad16ebd13914f8d5	2026-09-13T19:28:51.5295426Z ##[endgroup]
opentofu-host-fixtures	Run actions/checkout@34e114876b0b11c390a56381ad16ebd13914f8d5	2026-09-13T19:28:51.5302033Z Temporarily overriding HOME='/home/runner/work/_temp/be5797e4-a348-4df0-b128-5a39321e22a7' before making global git config changes
opentofu-host-fixtures	Run actions/checkout@34e114876b0b11c390a56381ad16ebd13914f8d5	2026-09-13T19:28:51.5304198Z Adding repository directory to the temporary git global config as a safe directory
opentofu-host-fixtures	Run actions/checkout@34e114876b0b11c390a56381ad16ebd13914f8d5	2026-09-13T19:28:51.5306025Z [command]/usr/bin/git config --global --add safe.directory /home/runner/work/keepling/keepling
opentofu-host-fixtures	Run actions/checkout@34e114876b0b11c390a56381ad16ebd13914f8d5	2026-09-13T19:28:51.5366961Z Deleting the contents of '/home/runner/work/keepling/keepling'
opentofu-host-fixtures	Run actions/checkout@34e114876b0b11c390a56381ad16ebd13914f8d5	2026-09-13T19:28:51.5370794Z ##[group]Initializing the repository
opentofu-host-fixtures	Run actions/checkout@34e114876b0b11c390a56381ad16ebd13914f8d5	2026-09-13T19:28:51.5375436Z [command]/usr/bin/git init /home/runner/work/keepling/keepling
opentofu-host-fixtures	Run actions/checkout@34e114876b0b11c390a56381ad16ebd13914f8d5	2026-09-13T19:28:51.5492040Z hint: Using 'master' as the name for the initial branch. This default branch name
opentofu-host-fixtures	Run actions/checkout@34e114876b0b11c390a56381ad16ebd13914f8d5	2026-09-13T19:28:51.5493704Z hint: will change to "main" in Git 3.0. To configure the initial branch name
opentofu-host-fixtures	Run actions/checkout@34e114876b0b11c390a56381ad16ebd13914f8d5	2026-09-13T19:28:51.5495008Z hint: to use in all of your new repositories, which will suppress this warning,
opentofu-host-fixtures	Run actions/checkout@34e114876b0b11c390a56381ad16ebd13914f8d5	2026-09-13T19:28:51.5496123Z hint: call:
opentofu-host-fixtures	Run actions/checkout@34e114876b0b11c390a56381ad16ebd13914f8d5	2026-09-13T19:28:51.5496754Z hint:
opentofu-host-fixtures	Run actions/checkout@34e114876b0b11c390a56381ad16ebd13914f8d5	2026-09-13T19:28:51.5497528Z hint: 	git config --global init.defaultBranch <name>
opentofu-host-fixtures	Run actions/checkout@34e114876b0b11c390a56381ad16ebd13914f8d5	2026-09-13T19:28:51.5498458Z hint:
opentofu-host-fixtures	Run actions/checkout@34e114876b0b11c390a56381ad16ebd13914f8d5	2026-09-13T19:28:51.5499142Z hint: Names commonly chosen instead of 'master' are 'main', 'trunk' and
opentofu-host-fixtures	Run actions/checkout@34e114876b0b11c390a56381ad16ebd13914f8d5	2026-09-13T19:28:51.5500130Z hint: 'development'. The just-created branch can be renamed via this command:
opentofu-host-fixtures	Run actions/checkout@34e114876b0b11c390a56381ad16ebd13914f8d5	2026-09-13T19:28:51.5501074Z hint:
opentofu-host-fixtures	Run actions/checkout@34e114876b0b11c390a56381ad16ebd13914f8d5	2026-09-13T19:28:51.5501456Z hint: 	git branch -m <name>
opentofu-host-fixtures	Run actions/checkout@34e114876b0b11c390a56381ad16ebd13914f8d5	2026-09-13T19:28:51.5502046Z hint:
opentofu-host-fixtures	Run actions/checkout@34e114876b0b11c390a56381ad16ebd13914f8d5	2026-09-13T19:28:51.5503061Z hint: Disable this message with "git config set advice.defaultBranchName false"
opentofu-host-fixtures	Run actions/checkout@34e114876b0b11c390a56381ad16ebd13914f8d5	2026-09-13T19:28:51.5504119Z Initialized empty Git repository in /home/runner/work/keepling/keepling/.git/
opentofu-host-fixtures	Run actions/checkout@34e114876b0b11c390a56381ad16ebd13914f8d5	2026-09-13T19:28:51.5505607Z [command]/usr/bin/git remote add origin https://github.com/szTheory/keepling
opentofu-host-fixtures	Run actions/checkout@34e114876b0b11c390a56381ad16ebd13914f8d5	2026-09-13T19:28:51.5547357Z ##[endgroup]
opentofu-host-fixtures	Run actions/checkout@34e114876b0b11c390a56381ad16ebd13914f8d5	2026-09-13T19:28:51.5548087Z ##[group]Disabling automatic garbage collection
opentofu-host-fixtures	Run actions/checkout@34e114876b0b11c390a56381ad16ebd13914f8d5	2026-09-13T19:28:51.5550827Z [command]/usr/bin/git config --local gc.auto 0
opentofu-host-fixtures	Run actions/checkout@34e114876b0b11c390a56381ad16ebd13914f8d5	2026-09-13T19:28:51.5574548Z ##[endgroup]
opentofu-host-fixtures	Run actions/checkout@34e114876b0b11c390a56381ad16ebd13914f8d5	2026-09-13T19:28:51.5575388Z ##[group]Setting up auth
opentofu-host-fixtures	Run actions/checkout@34e114876b0b11c390a56381ad16ebd13914f8d5	2026-09-13T19:28:51.5580063Z [command]/usr/bin/git config --local --name-only --get-regexp core\.sshCommand
opentofu-host-fixtures	Run actions/checkout@34e114876b0b11c390a56381ad16ebd13914f8d5	2026-09-13T19:28:51.5604839Z [command]/usr/bin/git submodule foreach --recursive sh -c "git config --local --name-only --get-regexp 'core\.sshCommand' && git config --local --unset-all 'core.sshCommand' || :"
opentofu-host-fixtures	Run actions/checkout@34e114876b0b11c390a56381ad16ebd13914f8d5	2026-09-13T19:28:51.5920293Z [command]/usr/bin/git config --local --name-only --get-regexp http\.https\:\/\/github\.com\/\.extraheader
opentofu-host-fixtures	Run actions/checkout@34e114876b0b11c390a56381ad16ebd13914f8d5	2026-09-13T19:28:51.5946905Z [command]/usr/bin/git submodule foreach --recursive sh -c "git config --local --name-only --get-regexp 'http\.https\:\/\/github\.com\/\.extraheader' && git config --local --unset-all 'http.https://github.com/.extraheader' || :"
opentofu-host-fixtures	Run actions/checkout@34e114876b0b11c390a56381ad16ebd13914f8d5	2026-09-13T19:28:51.6120121Z [command]/usr/bin/git config --local --name-only --get-regexp ^includeIf\.gitdir:
opentofu-host-fixtures	Run actions/checkout@34e114876b0b11c390a56381ad16ebd13914f8d5	2026-09-13T19:28:51.6146724Z [command]/usr/bin/git submodule foreach --recursive git config --local --show-origin --name-only --get-regexp remote.origin.url
opentofu-host-fixtures	Run actions/checkout@34e114876b0b11c390a56381ad16ebd13914f8d5	2026-09-13T19:28:51.6315882Z [command]/usr/bin/git config --local http.https://github.com/.extraheader AUTHORIZATION: basic ***
opentofu-host-fixtures	Run actions/checkout@34e114876b0b11c390a56381ad16ebd13914f8d5	2026-09-13T19:28:51.6345562Z ##[endgroup]
opentofu-host-fixtures	Run actions/checkout@34e114876b0b11c390a56381ad16ebd13914f8d5	2026-09-13T19:28:51.6346785Z ##[group]Fetching the repository
opentofu-host-fixtures	Run actions/checkout@34e114876b0b11c390a56381ad16ebd13914f8d5	2026-09-13T19:28:51.6353859Z [command]/usr/bin/git -c protocol.version=2 fetch --no-tags --prune --no-recurse-submodules --depth=1 origin +c2e4ce37ff0ca2c27067b098c2cfbdc59155ba96:refs/remotes/origin/main
opentofu-host-fixtures	Run actions/checkout@34e114876b0b11c390a56381ad16ebd13914f8d5	2026-09-13T19:28:53.3902985Z From https://github.com/szTheory/keepling
opentofu-host-fixtures	Run actions/checkout@34e114876b0b11c390a56381ad16ebd13914f8d5	2026-09-13T19:28:53.3906526Z  * [new ref]         c2e4ce37ff0ca2c27067b098c2cfbdc59155ba96 -> origin/main
opentofu-host-fixtures	Run actions/checkout@34e114876b0b11c390a56381ad16ebd13914f8d5	2026-09-13T19:28:53.3913622Z ##[endgroup]
opentofu-host-fixtures	Run actions/checkout@34e114876b0b11c390a56381ad16ebd13914f8d5	2026-09-13T19:28:53.3916369Z ##[group]Determining the checkout info
opentofu-host-fixtures	Run actions/checkout@34e114876b0b11c390a56381ad16ebd13914f8d5	2026-09-13T19:28:53.3919588Z ##[endgroup]
opentofu-host-fixtures	Run actions/checkout@34e114876b0b11c390a56381ad16ebd13914f8d5	2026-09-13T19:28:53.3921718Z [command]/usr/bin/git sparse-checkout disable
opentofu-host-fixtures	Run actions/checkout@34e114876b0b11c390a56381ad16ebd13914f8d5	2026-09-13T19:28:53.3962767Z [command]/usr/bin/git config --local --unset-all extensions.worktreeConfig
opentofu-host-fixtures	Run actions/checkout@34e114876b0b11c390a56381ad16ebd13914f8d5	2026-09-13T19:28:53.3987363Z ##[group]Checking out the ref
opentofu-host-fixtures	Run actions/checkout@34e114876b0b11c390a56381ad16ebd13914f8d5	2026-09-13T19:28:53.3990870Z [command]/usr/bin/git checkout --progress --force -B main refs/remotes/origin/main
opentofu-host-fixtures	Run actions/checkout@34e114876b0b11c390a56381ad16ebd13914f8d5	2026-09-13T19:28:53.5047530Z Switched to a new branch 'main'
opentofu-host-fixtures	Run actions/checkout@34e114876b0b11c390a56381ad16ebd13914f8d5	2026-09-13T19:28:53.5052674Z branch 'main' set up to track 'origin/main'.
opentofu-host-fixtures	Run actions/checkout@34e114876b0b11c390a56381ad16ebd13914f8d5	2026-09-13T19:28:53.5061757Z ##[endgroup]
opentofu-host-fixtures	Run actions/checkout@34e114876b0b11c390a56381ad16ebd13914f8d5	2026-09-13T19:28:53.5103761Z [command]/usr/bin/git log -1 --format=%H
opentofu-host-fixtures	Run actions/checkout@34e114876b0b11c390a56381ad16ebd13914f8d5	2026-09-13T19:28:53.5124647Z c2e4ce37ff0ca2c27067b098c2cfbdc59155ba96
opentofu-host-fixtures	Run exact hermetic host-boundary lane	﻿2026-09-13T19:28:53.5364545Z ##[group]Run set -o pipefail
opentofu-host-fixtures	Run exact hermetic host-boundary lane	2026-09-13T19:28:53.5366008Z ^[[36;1mset -o pipefail^[[0m
opentofu-host-fixtures	Run exact hermetic host-boundary lane	2026-09-13T19:28:53.5368233Z ^[[36;1m./tooling/test-phase-2.sh --lane opentofu-host-fixtures | tee "$RUNNER_TEMP/opentofu-host-fixtures.txt"^[[0m
opentofu-host-fixtures	Run exact hermetic host-boundary lane	2026-09-13T19:28:53.5371351Z ^[[36;1m./tooling/verify-privacy.sh "$RUNNER_TEMP/opentofu-host-fixtures.txt"^[[0m
opentofu-host-fixtures	Run exact hermetic host-boundary lane	2026-09-13T19:28:53.5398939Z shell: /usr/bin/bash -e {0}
opentofu-host-fixtures	Run exact hermetic host-boundary lane	2026-09-13T19:28:53.5400181Z env:
opentofu-host-fixtures	Run exact hermetic host-boundary lane	2026-09-13T19:28:53.5401146Z   KEEPLING_PHASE2_SEED: 20260901
opentofu-host-fixtures	Run exact hermetic host-boundary lane	2026-09-13T19:28:53.5402932Z   KEEPLING_FLAKE_POLICY: no-retry; quarantine-requires-owner-issue-expiry
opentofu-host-fixtures	Run exact hermetic host-boundary lane	2026-09-13T19:28:53.5404750Z ##[endgroup]
opentofu-host-fixtures	Run exact hermetic host-boundary lane	2026-09-13T19:28:53.7637543Z lane=opentofu-host-fixtures status=RUNNING command=eight hermetic OpenTofu/bootstrap/archive/teardown/DNS-fence fixture commands cases=8 seed=20260901 inputs_sha256=a2129174948e0f8d1f97efeeec96426adc96721c9473c48a40a3fa382d83b7a8
opentofu-host-fixtures	Run exact hermetic host-boundary lane	2026-09-13T19:28:56.2255165Z lane=opentofu-host-fixtures status=PASS command=eight hermetic OpenTofu/bootstrap/archive/teardown/DNS-fence fixture commands cases=8 seed=20260901 elapsed_ms=2463 inputs_sha256=a2129174948e0f8d1f97efeeec96426adc96721c9473c48a40a3fa382d83b7a8
opentofu-host-fixtures	Run exact hermetic host-boundary lane	2026-09-13T19:28:56.2367851Z Privacy verification passed: artifacts=1 sentinels=7
opentofu-host-fixtures	Run actions/upload-artifact@ea165f8d65b6e75b540449e92b4886f43607fa02	﻿2026-09-13T19:28:56.2465530Z Node 20 is being deprecated. This workflow is running with Node 24 by default. If you need to temporarily use Node 20, you can set the ACTIONS_ALLOW_USE_UNSECURE_NODE_VERSION=true environment variable. For more information see: https://github.blog/changelog/2025-09-19-deprecation-of-node-20-on-github-actions-runners/
opentofu-host-fixtures	Run actions/upload-artifact@ea165f8d65b6e75b540449e92b4886f43607fa02	2026-09-13T19:28:56.2467758Z ##[group]Run actions/upload-artifact@ea165f8d65b6e75b540449e92b4886f43607fa02
opentofu-host-fixtures	Run actions/upload-artifact@ea165f8d65b6e75b540449e92b4886f43607fa02	2026-09-13T19:28:56.2468188Z with:
opentofu-host-fixtures	Run actions/upload-artifact@ea165f8d65b6e75b540449e92b4886f43607fa02	2026-09-13T19:28:56.2468726Z   name: opentofu-host-fixtures-timing
opentofu-host-fixtures	Run actions/upload-artifact@ea165f8d65b6e75b540449e92b4886f43607fa02	2026-09-13T19:28:56.2469124Z   path: /home/runner/work/_temp/opentofu-host-fixtures.txt
opentofu-host-fixtures	Run actions/upload-artifact@ea165f8d65b6e75b540449e92b4886f43607fa02	2026-09-13T19:28:56.2469509Z   if-no-files-found: error
opentofu-host-fixtures	Run actions/upload-artifact@ea165f8d65b6e75b540449e92b4886f43607fa02	2026-09-13T19:28:56.2469777Z   retention-days: 14
opentofu-host-fixtures	Run actions/upload-artifact@ea165f8d65b6e75b540449e92b4886f43607fa02	2026-09-13T19:28:56.2470039Z   compression-level: 6
opentofu-host-fixtures	Run actions/upload-artifact@ea165f8d65b6e75b540449e92b4886f43607fa02	2026-09-13T19:28:56.2470293Z   overwrite: false
opentofu-host-fixtures	Run actions/upload-artifact@ea165f8d65b6e75b540449e92b4886f43607fa02	2026-09-13T19:28:56.2470556Z   include-hidden-files: false
opentofu-host-fixtures	Run actions/upload-artifact@ea165f8d65b6e75b540449e92b4886f43607fa02	2026-09-13T19:28:56.2470832Z env:
opentofu-host-fixtures	Run actions/upload-artifact@ea165f8d65b6e75b540449e92b4886f43607fa02	2026-09-13T19:28:56.2471065Z   KEEPLING_PHASE2_SEED: 20260901
opentofu-host-fixtures	Run actions/upload-artifact@ea165f8d65b6e75b540449e92b4886f43607fa02	2026-09-13T19:28:56.2471462Z   KEEPLING_FLAKE_POLICY: no-retry; quarantine-requires-owner-issue-expiry
opentofu-host-fixtures	Run actions/upload-artifact@ea165f8d65b6e75b540449e92b4886f43607fa02	2026-09-13T19:28:56.2471929Z ##[endgroup]
opentofu-host-fixtures	Run actions/upload-artifact@ea165f8d65b6e75b540449e92b4886f43607fa02	2026-09-13T19:28:56.4069547Z (node:5343) [DEP0040] DeprecationWarning: The `punycode` module is deprecated. Please use a userland alternative instead.
opentofu-host-fixtures	Run actions/upload-artifact@ea165f8d65b6e75b540449e92b4886f43607fa02	2026-09-13T19:28:56.4070579Z (Use `node --trace-deprecation ...` to show where the warning was created)
opentofu-host-fixtures	Run actions/upload-artifact@ea165f8d65b6e75b540449e92b4886f43607fa02	2026-09-13T19:28:56.4111734Z With the provided path, there will be 1 file uploaded
opentofu-host-fixtures	Run actions/upload-artifact@ea165f8d65b6e75b540449e92b4886f43607fa02	2026-09-13T19:28:56.4116336Z Artifact name is valid!
opentofu-host-fixtures	Run actions/upload-artifact@ea165f8d65b6e75b540449e92b4886f43607fa02	2026-09-13T19:28:56.4116998Z Root directory input is valid!
opentofu-host-fixtures	Run actions/upload-artifact@ea165f8d65b6e75b540449e92b4886f43607fa02	2026-09-13T19:28:56.7646175Z Beginning upload of artifact content to blob storage
opentofu-host-fixtures	Run actions/upload-artifact@ea165f8d65b6e75b540449e92b4886f43607fa02	2026-09-13T19:28:56.7811532Z (node:5343) [DEP0169] DeprecationWarning: `url.parse()` behavior is not standardized and prone to errors that have security implications. Use the WHATWG URL API instead. CVEs are not issued for `url.parse()` vulnerabilities.
opentofu-host-fixtures	Run actions/upload-artifact@ea165f8d65b6e75b540449e92b4886f43607fa02	2026-09-13T19:28:57.0015266Z Uploaded bytes 376
opentofu-host-fixtures	Run actions/upload-artifact@ea165f8d65b6e75b540449e92b4886f43607fa02	2026-09-13T19:28:57.0666456Z Finished uploading artifact content to blob storage!
opentofu-host-fixtures	Run actions/upload-artifact@ea165f8d65b6e75b540449e92b4886f43607fa02	2026-09-13T19:28:57.0668573Z SHA256 digest of uploaded artifact zip is e3d8af419b360caea52cc6aae8405d9d8ff2a9b445c21298a0e642f115e4b20f
opentofu-host-fixtures	Run actions/upload-artifact@ea165f8d65b6e75b540449e92b4886f43607fa02	2026-09-13T19:28:57.0670073Z Finalizing artifact upload
opentofu-host-fixtures	Run actions/upload-artifact@ea165f8d65b6e75b540449e92b4886f43607fa02	2026-09-13T19:28:57.3127178Z Artifact opentofu-host-fixtures-timing.zip successfully finalized. Artifact ID 10323538169
opentofu-host-fixtures	Run actions/upload-artifact@ea165f8d65b6e75b540449e92b4886f43607fa02	2026-09-13T19:28:57.3128616Z Artifact opentofu-host-fixtures-timing has been successfully uploaded! Final size is 376 bytes. Artifact ID is 10323538169
opentofu-host-fixtures	Run actions/upload-artifact@ea165f8d65b6e75b540449e92b4886f43607fa02	2026-09-13T19:28:57.3134442Z Artifact download URL: https://github.com/szTheory/keepling/actions/runs/34777805271/artifacts/10323538169
opentofu-host-fixtures	Post Run actions/checkout@34e114876b0b11c390a56381ad16ebd13914f8d5	﻿2026-09-13T19:28:57.3317004Z Node 20 is being deprecated. This workflow is running with Node 24 by default. If you need to temporarily use Node 20, you can set the ACTIONS_ALLOW_USE_UNSECURE_NODE_VERSION=true environment variable. For more information see: https://github.blog/changelog/2025-09-19-deprecation-of-node-20-on-github-actions-runners/
opentofu-host-fixtures	Post Run actions/checkout@34e114876b0b11c390a56381ad16ebd13914f8d5	2026-09-13T19:28:57.3318177Z Post job cleanup.
opentofu-host-fixtures	Post Run actions/checkout@34e114876b0b11c390a56381ad16ebd13914f8d5	2026-09-13T19:28:57.4116146Z [command]/usr/bin/git version
opentofu-host-fixtures	Post Run actions/checkout@34e114876b0b11c390a56381ad16ebd13914f8d5	2026-09-13T19:28:57.4149489Z git version 2.55.0
opentofu-host-fixtures	Post Run actions/checkout@34e114876b0b11c390a56381ad16ebd13914f8d5	2026-09-13T19:28:57.4182692Z Temporarily overriding HOME='/home/runner/work/_temp/a4158615-b28c-4827-b429-a1e772dca69f' before making global git config changes
opentofu-host-fixtures	Post Run actions/checkout@34e114876b0b11c390a56381ad16ebd13914f8d5	2026-09-13T19:28:57.4183617Z Adding repository directory to the temporary git global config as a safe directory
opentofu-host-fixtures	Post Run actions/checkout@34e114876b0b11c390a56381ad16ebd13914f8d5	2026-09-13T19:28:57.4187954Z [command]/usr/bin/git config --global --add safe.directory /home/runner/work/keepling/keepling
opentofu-host-fixtures	Post Run actions/checkout@34e114876b0b11c390a56381ad16ebd13914f8d5	2026-09-13T19:28:57.4219818Z [command]/usr/bin/git config --local --name-only --get-regexp core\.sshCommand
opentofu-host-fixtures	Post Run actions/checkout@34e114876b0b11c390a56381ad16ebd13914f8d5	2026-09-13T19:28:57.4249680Z [command]/usr/bin/git submodule foreach --recursive sh -c "git config --local --name-only --get-regexp 'core\.sshCommand' && git config --local --unset-all 'core.sshCommand' || :"
opentofu-host-fixtures	Post Run actions/checkout@34e114876b0b11c390a56381ad16ebd13914f8d5	2026-09-13T19:28:57.4433542Z [command]/usr/bin/git config --local --name-only --get-regexp http\.https\:\/\/github\.com\/\.extraheader
opentofu-host-fixtures	Post Run actions/checkout@34e114876b0b11c390a56381ad16ebd13914f8d5	2026-09-13T19:28:57.4460035Z http.https://github.com/.extraheader
opentofu-host-fixtures	Post Run actions/checkout@34e114876b0b11c390a56381ad16ebd13914f8d5	2026-09-13T19:28:57.4471575Z [command]/usr/bin/git config --local --unset-all http.https://github.com/.extraheader
opentofu-host-fixtures	Post Run actions/checkout@34e114876b0b11c390a56381ad16ebd13914f8d5	2026-09-13T19:28:57.4500999Z [command]/usr/bin/git submodule foreach --recursive sh -c "git config --local --name-only --get-regexp 'http\.https\:\/\/github\.com\/\.extraheader' && git config --local --unset-all 'http.https://github.com/.extraheader' || :"
opentofu-host-fixtures	Post Run actions/checkout@34e114876b0b11c390a56381ad16ebd13914f8d5	2026-09-13T19:28:57.4694228Z [command]/usr/bin/git config --local --name-only --get-regexp ^includeIf\.gitdir:
opentofu-host-fixtures	Post Run actions/checkout@34e114876b0b11c390a56381ad16ebd13914f8d5	2026-09-13T19:28:57.4727801Z [command]/usr/bin/git submodule foreach --recursive git config --local --show-origin --name-only --get-regexp remote.origin.url
opentofu-host-fixtures	Complete job	﻿2026-09-13T19:28:57.5067486Z Cleaning up orphan processes
opentofu-host-fixtures	Complete job	2026-09-13T19:28:57.5309814Z ##[warning]Node.js 20 is deprecated. The following actions target Node.js 20 but are being forced to run on Node.js 24: actions/checkout@34e114876b0b11c390a56381ad16ebd13914f8d5, actions/upload-artifact@ea165f8d65b6e75b540449e92b4886f43607fa02. For more information see: https://github.blog/changelog/2025-09-19-deprecation-of-node-20-on-github-actions-runners/
