phase2-backup-restore	Set up job	﻿2026-09-13T19:28:50.0948414Z Current runner version: '2.337.0'
phase2-backup-restore	Set up job	2026-09-13T19:28:50.0985458Z ##[group]Runner Image Provisioner
phase2-backup-restore	Set up job	2026-09-13T19:28:50.0986766Z Hosted Compute Agent
phase2-backup-restore	Set up job	2026-09-13T19:28:50.0987707Z Version: 20260828.587
phase2-backup-restore	Set up job	2026-09-13T19:28:50.0988800Z Commit: abac92662cab4cc7352de4f9f9d2e2419aad9c29
phase2-backup-restore	Set up job	2026-09-13T19:28:50.0990166Z Build Date: 2026-08-28T16:44:25Z
phase2-backup-restore	Set up job	2026-09-13T19:28:50.0991269Z Worker ID: {e0e69665-f7f8-47b7-9b33-6b1cc42a1bc3}
phase2-backup-restore	Set up job	2026-09-13T19:28:50.0992400Z Azure Region: eastus2
phase2-backup-restore	Set up job	2026-09-13T19:28:50.0993267Z ##[endgroup]
phase2-backup-restore	Set up job	2026-09-13T19:28:50.0995362Z ##[group]Operating System
phase2-backup-restore	Set up job	2026-09-13T19:28:50.0996360Z Ubuntu
phase2-backup-restore	Set up job	2026-09-13T19:28:50.0997695Z 24.04.5
phase2-backup-restore	Set up job	2026-09-13T19:28:50.0998503Z LTS
phase2-backup-restore	Set up job	2026-09-13T19:28:50.0999278Z ##[endgroup]
phase2-backup-restore	Set up job	2026-09-13T19:28:50.1000430Z ##[group]Runner Image
phase2-backup-restore	Set up job	2026-09-13T19:28:50.1001387Z Image: ubuntu-24.04
phase2-backup-restore	Set up job	2026-09-13T19:28:50.1002279Z Version: 20260907.300.1
phase2-backup-restore	Set up job	2026-09-13T19:28:50.1004010Z Included Software: https://github.com/actions/runner-images/blob/ubuntu24/20260907.300/images/ubuntu/Ubuntu2404-Readme.md
phase2-backup-restore	Set up job	2026-09-13T19:28:50.1006701Z Image Release: https://github.com/actions/runner-images/releases/tag/ubuntu24%2F20260907.300
phase2-backup-restore	Set up job	2026-09-13T19:28:50.1008303Z ##[endgroup]
phase2-backup-restore	Set up job	2026-09-13T19:28:50.1010225Z ##[group]GITHUB_TOKEN Permissions
phase2-backup-restore	Set up job	2026-09-13T19:28:50.1013125Z Contents: read
phase2-backup-restore	Set up job	2026-09-13T19:28:50.1014144Z Metadata: read
phase2-backup-restore	Set up job	2026-09-13T19:28:50.1015030Z ##[endgroup]
phase2-backup-restore	Set up job	2026-09-13T19:28:50.1018028Z Secret source: Actions
phase2-backup-restore	Set up job	2026-09-13T19:28:50.1019494Z Cache mode: write
phase2-backup-restore	Set up job	2026-09-13T19:28:50.1021163Z Prepare workflow directory
phase2-backup-restore	Set up job	2026-09-13T19:28:50.1554681Z Prepare all required actions
phase2-backup-restore	Set up job	2026-09-13T19:28:50.1622462Z Getting action download info
phase2-backup-restore	Set up job	2026-09-13T19:28:50.3355194Z Download action repository 'actions/checkout@34e114876b0b11c390a56381ad16ebd13914f8d5' (SHA:34e114876b0b11c390a56381ad16ebd13914f8d5)
phase2-backup-restore	Set up job	2026-09-13T19:28:50.4272208Z Download action repository 'actions/setup-node@49933ea5288caeca8642d1e84afbd3f7d6820020' (SHA:49933ea5288caeca8642d1e84afbd3f7d6820020)
phase2-backup-restore	Set up job	2026-09-13T19:28:50.5183077Z Download action repository 'actions/cache@0400d5f644dc74513175e3cd8d07132dd4860809' (SHA:0400d5f644dc74513175e3cd8d07132dd4860809)
phase2-backup-restore	Set up job	2026-09-13T19:28:50.6974660Z Download action repository 'actions/upload-artifact@ea165f8d65b6e75b540449e92b4886f43607fa02' (SHA:ea165f8d65b6e75b540449e92b4886f43607fa02)
phase2-backup-restore	Set up job	2026-09-13T19:28:50.9382339Z Complete job name: phase2-backup-restore
phase2-backup-restore	Run actions/checkout@34e114876b0b11c390a56381ad16ebd13914f8d5	﻿2026-09-13T19:28:51.0188416Z Node 20 is being deprecated. This workflow is running with Node 24 by default. If you need to temporarily use Node 20, you can set the ACTIONS_ALLOW_USE_UNSECURE_NODE_VERSION=true environment variable. For more information see: https://github.blog/changelog/2025-09-19-deprecation-of-node-20-on-github-actions-runners/
phase2-backup-restore	Run actions/checkout@34e114876b0b11c390a56381ad16ebd13914f8d5	2026-09-13T19:28:51.0199318Z ##[group]Run actions/checkout@34e114876b0b11c390a56381ad16ebd13914f8d5
phase2-backup-restore	Run actions/checkout@34e114876b0b11c390a56381ad16ebd13914f8d5	2026-09-13T19:28:51.0200734Z with:
phase2-backup-restore	Run actions/checkout@34e114876b0b11c390a56381ad16ebd13914f8d5	2026-09-13T19:28:51.0201237Z   repository: szTheory/keepling
phase2-backup-restore	Run actions/checkout@34e114876b0b11c390a56381ad16ebd13914f8d5	2026-09-13T19:28:51.0209339Z   token: ***
phase2-backup-restore	Run actions/checkout@34e114876b0b11c390a56381ad16ebd13914f8d5	2026-09-13T19:28:51.0209945Z   ssh-strict: true
phase2-backup-restore	Run actions/checkout@34e114876b0b11c390a56381ad16ebd13914f8d5	2026-09-13T19:28:51.0210454Z   ssh-user: git
phase2-backup-restore	Run actions/checkout@34e114876b0b11c390a56381ad16ebd13914f8d5	2026-09-13T19:28:51.0211015Z   persist-credentials: true
phase2-backup-restore	Run actions/checkout@34e114876b0b11c390a56381ad16ebd13914f8d5	2026-09-13T19:28:51.0211616Z   clean: true
phase2-backup-restore	Run actions/checkout@34e114876b0b11c390a56381ad16ebd13914f8d5	2026-09-13T19:28:51.0212137Z   sparse-checkout-cone-mode: true
phase2-backup-restore	Run actions/checkout@34e114876b0b11c390a56381ad16ebd13914f8d5	2026-09-13T19:28:51.0212798Z   fetch-depth: 1
phase2-backup-restore	Run actions/checkout@34e114876b0b11c390a56381ad16ebd13914f8d5	2026-09-13T19:28:51.0213313Z   fetch-tags: false
phase2-backup-restore	Run actions/checkout@34e114876b0b11c390a56381ad16ebd13914f8d5	2026-09-13T19:28:51.0213828Z   show-progress: true
phase2-backup-restore	Run actions/checkout@34e114876b0b11c390a56381ad16ebd13914f8d5	2026-09-13T19:28:51.0214351Z   lfs: false
phase2-backup-restore	Run actions/checkout@34e114876b0b11c390a56381ad16ebd13914f8d5	2026-09-13T19:28:51.0214889Z   submodules: false
phase2-backup-restore	Run actions/checkout@34e114876b0b11c390a56381ad16ebd13914f8d5	2026-09-13T19:28:51.0215421Z   set-safe-directory: true
phase2-backup-restore	Run actions/checkout@34e114876b0b11c390a56381ad16ebd13914f8d5	2026-09-13T19:28:51.0216224Z env:
phase2-backup-restore	Run actions/checkout@34e114876b0b11c390a56381ad16ebd13914f8d5	2026-09-13T19:28:51.0216694Z   KEEPLING_PHASE2_SEED: 20260901
phase2-backup-restore	Run actions/checkout@34e114876b0b11c390a56381ad16ebd13914f8d5	2026-09-13T19:28:51.0217689Z   KEEPLING_FLAKE_POLICY: no-retry; quarantine-requires-owner-issue-expiry
phase2-backup-restore	Run actions/checkout@34e114876b0b11c390a56381ad16ebd13914f8d5	2026-09-13T19:28:51.0218753Z ##[endgroup]
phase2-backup-restore	Run actions/checkout@34e114876b0b11c390a56381ad16ebd13914f8d5	2026-09-13T19:28:51.1300560Z Syncing repository: szTheory/keepling
phase2-backup-restore	Run actions/checkout@34e114876b0b11c390a56381ad16ebd13914f8d5	2026-09-13T19:28:51.1303486Z ##[group]Getting Git version info
phase2-backup-restore	Run actions/checkout@34e114876b0b11c390a56381ad16ebd13914f8d5	2026-09-13T19:28:51.1305041Z Working directory is '/home/runner/work/keepling/keepling'
phase2-backup-restore	Run actions/checkout@34e114876b0b11c390a56381ad16ebd13914f8d5	2026-09-13T19:28:51.1307236Z [command]/usr/bin/git version
phase2-backup-restore	Run actions/checkout@34e114876b0b11c390a56381ad16ebd13914f8d5	2026-09-13T19:28:51.1331935Z git version 2.55.0
phase2-backup-restore	Run actions/checkout@34e114876b0b11c390a56381ad16ebd13914f8d5	2026-09-13T19:28:51.1353162Z ##[endgroup]
phase2-backup-restore	Run actions/checkout@34e114876b0b11c390a56381ad16ebd13914f8d5	2026-09-13T19:28:51.1371460Z Temporarily overriding HOME='/home/runner/work/_temp/731e82e7-6d61-4f01-9718-b07d4604d82e' before making global git config changes
phase2-backup-restore	Run actions/checkout@34e114876b0b11c390a56381ad16ebd13914f8d5	2026-09-13T19:28:51.1375293Z Adding repository directory to the temporary git global config as a safe directory
phase2-backup-restore	Run actions/checkout@34e114876b0b11c390a56381ad16ebd13914f8d5	2026-09-13T19:28:51.1378382Z [command]/usr/bin/git config --global --add safe.directory /home/runner/work/keepling/keepling
phase2-backup-restore	Run actions/checkout@34e114876b0b11c390a56381ad16ebd13914f8d5	2026-09-13T19:28:51.1439536Z Deleting the contents of '/home/runner/work/keepling/keepling'
phase2-backup-restore	Run actions/checkout@34e114876b0b11c390a56381ad16ebd13914f8d5	2026-09-13T19:28:51.1441407Z ##[group]Initializing the repository
phase2-backup-restore	Run actions/checkout@34e114876b0b11c390a56381ad16ebd13914f8d5	2026-09-13T19:28:51.1442343Z [command]/usr/bin/git init /home/runner/work/keepling/keepling
phase2-backup-restore	Run actions/checkout@34e114876b0b11c390a56381ad16ebd13914f8d5	2026-09-13T19:28:51.1516340Z hint: Using 'master' as the name for the initial branch. This default branch name
phase2-backup-restore	Run actions/checkout@34e114876b0b11c390a56381ad16ebd13914f8d5	2026-09-13T19:28:51.1518919Z hint: will change to "main" in Git 3.0. To configure the initial branch name
phase2-backup-restore	Run actions/checkout@34e114876b0b11c390a56381ad16ebd13914f8d5	2026-09-13T19:28:51.1521380Z hint: to use in all of your new repositories, which will suppress this warning,
phase2-backup-restore	Run actions/checkout@34e114876b0b11c390a56381ad16ebd13914f8d5	2026-09-13T19:28:51.1522916Z hint: call:
phase2-backup-restore	Run actions/checkout@34e114876b0b11c390a56381ad16ebd13914f8d5	2026-09-13T19:28:51.1523633Z hint:
phase2-backup-restore	Run actions/checkout@34e114876b0b11c390a56381ad16ebd13914f8d5	2026-09-13T19:28:51.1524518Z hint: 	git config --global init.defaultBranch <name>
phase2-backup-restore	Run actions/checkout@34e114876b0b11c390a56381ad16ebd13914f8d5	2026-09-13T19:28:51.1525736Z hint:
phase2-backup-restore	Run actions/checkout@34e114876b0b11c390a56381ad16ebd13914f8d5	2026-09-13T19:28:51.1526689Z hint: Names commonly chosen instead of 'master' are 'main', 'trunk' and
phase2-backup-restore	Run actions/checkout@34e114876b0b11c390a56381ad16ebd13914f8d5	2026-09-13T19:28:51.1528378Z hint: 'development'. The just-created branch can be renamed via this command:
phase2-backup-restore	Run actions/checkout@34e114876b0b11c390a56381ad16ebd13914f8d5	2026-09-13T19:28:51.1529502Z hint:
phase2-backup-restore	Run actions/checkout@34e114876b0b11c390a56381ad16ebd13914f8d5	2026-09-13T19:28:51.1530367Z hint: 	git branch -m <name>
phase2-backup-restore	Run actions/checkout@34e114876b0b11c390a56381ad16ebd13914f8d5	2026-09-13T19:28:51.1531225Z hint:
phase2-backup-restore	Run actions/checkout@34e114876b0b11c390a56381ad16ebd13914f8d5	2026-09-13T19:28:51.1532513Z hint: Disable this message with "git config set advice.defaultBranchName false"
phase2-backup-restore	Run actions/checkout@34e114876b0b11c390a56381ad16ebd13914f8d5	2026-09-13T19:28:51.1535021Z Initialized empty Git repository in /home/runner/work/keepling/keepling/.git/
phase2-backup-restore	Run actions/checkout@34e114876b0b11c390a56381ad16ebd13914f8d5	2026-09-13T19:28:51.1538956Z [command]/usr/bin/git remote add origin https://github.com/szTheory/keepling
phase2-backup-restore	Run actions/checkout@34e114876b0b11c390a56381ad16ebd13914f8d5	2026-09-13T19:28:51.1575693Z ##[endgroup]
phase2-backup-restore	Run actions/checkout@34e114876b0b11c390a56381ad16ebd13914f8d5	2026-09-13T19:28:51.1576655Z ##[group]Disabling automatic garbage collection
phase2-backup-restore	Run actions/checkout@34e114876b0b11c390a56381ad16ebd13914f8d5	2026-09-13T19:28:51.1578742Z [command]/usr/bin/git config --local gc.auto 0
phase2-backup-restore	Run actions/checkout@34e114876b0b11c390a56381ad16ebd13914f8d5	2026-09-13T19:28:51.1608139Z ##[endgroup]
phase2-backup-restore	Run actions/checkout@34e114876b0b11c390a56381ad16ebd13914f8d5	2026-09-13T19:28:51.1609044Z ##[group]Setting up auth
phase2-backup-restore	Run actions/checkout@34e114876b0b11c390a56381ad16ebd13914f8d5	2026-09-13T19:28:51.1614373Z [command]/usr/bin/git config --local --name-only --get-regexp core\.sshCommand
phase2-backup-restore	Run actions/checkout@34e114876b0b11c390a56381ad16ebd13914f8d5	2026-09-13T19:28:51.1648625Z [command]/usr/bin/git submodule foreach --recursive sh -c "git config --local --name-only --get-regexp 'core\.sshCommand' && git config --local --unset-all 'core.sshCommand' || :"
phase2-backup-restore	Run actions/checkout@34e114876b0b11c390a56381ad16ebd13914f8d5	2026-09-13T19:28:51.1981542Z [command]/usr/bin/git config --local --name-only --get-regexp http\.https\:\/\/github\.com\/\.extraheader
phase2-backup-restore	Run actions/checkout@34e114876b0b11c390a56381ad16ebd13914f8d5	2026-09-13T19:28:51.2015073Z [command]/usr/bin/git submodule foreach --recursive sh -c "git config --local --name-only --get-regexp 'http\.https\:\/\/github\.com\/\.extraheader' && git config --local --unset-all 'http.https://github.com/.extraheader' || :"
phase2-backup-restore	Run actions/checkout@34e114876b0b11c390a56381ad16ebd13914f8d5	2026-09-13T19:28:51.2242981Z [command]/usr/bin/git config --local --name-only --get-regexp ^includeIf\.gitdir:
phase2-backup-restore	Run actions/checkout@34e114876b0b11c390a56381ad16ebd13914f8d5	2026-09-13T19:28:51.2276303Z [command]/usr/bin/git submodule foreach --recursive git config --local --show-origin --name-only --get-regexp remote.origin.url
phase2-backup-restore	Run actions/checkout@34e114876b0b11c390a56381ad16ebd13914f8d5	2026-09-13T19:28:51.2510141Z [command]/usr/bin/git config --local http.https://github.com/.extraheader AUTHORIZATION: basic ***
phase2-backup-restore	Run actions/checkout@34e114876b0b11c390a56381ad16ebd13914f8d5	2026-09-13T19:28:51.2545294Z ##[endgroup]
phase2-backup-restore	Run actions/checkout@34e114876b0b11c390a56381ad16ebd13914f8d5	2026-09-13T19:28:51.2546799Z ##[group]Fetching the repository
phase2-backup-restore	Run actions/checkout@34e114876b0b11c390a56381ad16ebd13914f8d5	2026-09-13T19:28:51.2555869Z [command]/usr/bin/git -c protocol.version=2 fetch --no-tags --prune --no-recurse-submodules --depth=1 origin +c2e4ce37ff0ca2c27067b098c2cfbdc59155ba96:refs/remotes/origin/main
phase2-backup-restore	Run actions/checkout@34e114876b0b11c390a56381ad16ebd13914f8d5	2026-09-13T19:28:52.1580384Z From https://github.com/szTheory/keepling
phase2-backup-restore	Run actions/checkout@34e114876b0b11c390a56381ad16ebd13914f8d5	2026-09-13T19:28:52.1583088Z  * [new ref]         c2e4ce37ff0ca2c27067b098c2cfbdc59155ba96 -> origin/main
phase2-backup-restore	Run actions/checkout@34e114876b0b11c390a56381ad16ebd13914f8d5	2026-09-13T19:28:52.1587483Z ##[endgroup]
phase2-backup-restore	Run actions/checkout@34e114876b0b11c390a56381ad16ebd13914f8d5	2026-09-13T19:28:52.1589159Z ##[group]Determining the checkout info
phase2-backup-restore	Run actions/checkout@34e114876b0b11c390a56381ad16ebd13914f8d5	2026-09-13T19:28:52.1591008Z ##[endgroup]
phase2-backup-restore	Run actions/checkout@34e114876b0b11c390a56381ad16ebd13914f8d5	2026-09-13T19:28:52.1592226Z [command]/usr/bin/git sparse-checkout disable
phase2-backup-restore	Run actions/checkout@34e114876b0b11c390a56381ad16ebd13914f8d5	2026-09-13T19:28:52.1636391Z [command]/usr/bin/git config --local --unset-all extensions.worktreeConfig
phase2-backup-restore	Run actions/checkout@34e114876b0b11c390a56381ad16ebd13914f8d5	2026-09-13T19:28:52.1664764Z ##[group]Checking out the ref
phase2-backup-restore	Run actions/checkout@34e114876b0b11c390a56381ad16ebd13914f8d5	2026-09-13T19:28:52.1674904Z [command]/usr/bin/git checkout --progress --force -B main refs/remotes/origin/main
phase2-backup-restore	Run actions/checkout@34e114876b0b11c390a56381ad16ebd13914f8d5	2026-09-13T19:28:52.2934479Z Switched to a new branch 'main'
phase2-backup-restore	Run actions/checkout@34e114876b0b11c390a56381ad16ebd13914f8d5	2026-09-13T19:28:52.2938128Z branch 'main' set up to track 'origin/main'.
phase2-backup-restore	Run actions/checkout@34e114876b0b11c390a56381ad16ebd13914f8d5	2026-09-13T19:28:52.2950802Z ##[endgroup]
phase2-backup-restore	Run actions/checkout@34e114876b0b11c390a56381ad16ebd13914f8d5	2026-09-13T19:28:52.2991951Z [command]/usr/bin/git log -1 --format=%H
phase2-backup-restore	Run actions/checkout@34e114876b0b11c390a56381ad16ebd13914f8d5	2026-09-13T19:28:52.3015813Z c2e4ce37ff0ca2c27067b098c2cfbdc59155ba96
phase2-backup-restore	Run actions/setup-node@49933ea5288caeca8642d1e84afbd3f7d6820020	﻿2026-09-13T19:28:52.3448913Z Node 20 is being deprecated. This workflow is running with Node 24 by default. If you need to temporarily use Node 20, you can set the ACTIONS_ALLOW_USE_UNSECURE_NODE_VERSION=true environment variable. For more information see: https://github.blog/changelog/2025-09-19-deprecation-of-node-20-on-github-actions-runners/
phase2-backup-restore	Run actions/setup-node@49933ea5288caeca8642d1e84afbd3f7d6820020	2026-09-13T19:28:52.3454010Z ##[group]Run actions/setup-node@49933ea5288caeca8642d1e84afbd3f7d6820020
phase2-backup-restore	Run actions/setup-node@49933ea5288caeca8642d1e84afbd3f7d6820020	2026-09-13T19:28:52.3455399Z with:
phase2-backup-restore	Run actions/setup-node@49933ea5288caeca8642d1e84afbd3f7d6820020	2026-09-13T19:28:52.3456255Z   node-version: 24.7.0
phase2-backup-restore	Run actions/setup-node@49933ea5288caeca8642d1e84afbd3f7d6820020	2026-09-13T19:28:52.3457216Z   always-auth: false
phase2-backup-restore	Run actions/setup-node@49933ea5288caeca8642d1e84afbd3f7d6820020	2026-09-13T19:28:52.3458188Z   check-latest: false
phase2-backup-restore	Run actions/setup-node@49933ea5288caeca8642d1e84afbd3f7d6820020	2026-09-13T19:28:52.3466407Z   token: ***
phase2-backup-restore	Run actions/setup-node@49933ea5288caeca8642d1e84afbd3f7d6820020	2026-09-13T19:28:52.3467251Z env:
phase2-backup-restore	Run actions/setup-node@49933ea5288caeca8642d1e84afbd3f7d6820020	2026-09-13T19:28:52.3468114Z   KEEPLING_PHASE2_SEED: 20260901
phase2-backup-restore	Run actions/setup-node@49933ea5288caeca8642d1e84afbd3f7d6820020	2026-09-13T19:28:52.3469511Z   KEEPLING_FLAKE_POLICY: no-retry; quarantine-requires-owner-issue-expiry
phase2-backup-restore	Run actions/setup-node@49933ea5288caeca8642d1e84afbd3f7d6820020	2026-09-13T19:28:52.3471053Z ##[endgroup]
phase2-backup-restore	Run actions/setup-node@49933ea5288caeca8642d1e84afbd3f7d6820020	2026-09-13T19:28:52.4953507Z Attempting to download 24.7.0...
phase2-backup-restore	Run actions/setup-node@49933ea5288caeca8642d1e84afbd3f7d6820020	2026-09-13T19:28:52.5064450Z (node:2246) [DEP0040] DeprecationWarning: The `punycode` module is deprecated. Please use a userland alternative instead.
phase2-backup-restore	Run actions/setup-node@49933ea5288caeca8642d1e84afbd3f7d6820020	2026-09-13T19:28:52.5066150Z (Use `node --trace-deprecation ...` to show where the warning was created)
phase2-backup-restore	Run actions/setup-node@49933ea5288caeca8642d1e84afbd3f7d6820020	2026-09-13T19:28:53.0407741Z Acquiring 24.7.0 - x64 from https://github.com/actions/node-versions/releases/download/24.7.0-17283839804/node-24.7.0-linux-x64.tar.gz
phase2-backup-restore	Run actions/setup-node@49933ea5288caeca8642d1e84afbd3f7d6820020	2026-09-13T19:28:53.4053064Z Extracting ...
phase2-backup-restore	Run actions/setup-node@49933ea5288caeca8642d1e84afbd3f7d6820020	2026-09-13T19:28:53.4162824Z [command]/usr/bin/tar xz --strip 1 --warning=no-unknown-keyword --overwrite -C /home/runner/work/_temp/d08f8440-0ec2-4226-9b4b-fe28e6ea3d03 -f /home/runner/work/_temp/2065c454-e0d9-4d2d-a2a6-184452f759da
phase2-backup-restore	Run actions/setup-node@49933ea5288caeca8642d1e84afbd3f7d6820020	2026-09-13T19:28:54.7936960Z Adding to the cache ...
phase2-backup-restore	Run actions/setup-node@49933ea5288caeca8642d1e84afbd3f7d6820020	2026-09-13T19:28:56.5682406Z ##[group]Environment details
phase2-backup-restore	Run actions/setup-node@49933ea5288caeca8642d1e84afbd3f7d6820020	2026-09-13T19:28:56.8187178Z node: v24.7.0
phase2-backup-restore	Run actions/setup-node@49933ea5288caeca8642d1e84afbd3f7d6820020	2026-09-13T19:28:56.8187738Z npm: 11.5.1
phase2-backup-restore	Run actions/setup-node@49933ea5288caeca8642d1e84afbd3f7d6820020	2026-09-13T19:28:56.8188061Z yarn: 1.22.22
phase2-backup-restore	Run actions/setup-node@49933ea5288caeca8642d1e84afbd3f7d6820020	2026-09-13T19:28:56.8188893Z ##[endgroup]
phase2-backup-restore	Run actions/cache@0400d5f644dc74513175e3cd8d07132dd4860809	﻿2026-09-13T19:28:56.9003747Z Node 20 is being deprecated. This workflow is running with Node 24 by default. If you need to temporarily use Node 20, you can set the ACTIONS_ALLOW_USE_UNSECURE_NODE_VERSION=true environment variable. For more information see: https://github.blog/changelog/2025-09-19-deprecation-of-node-20-on-github-actions-runners/
phase2-backup-restore	Run actions/cache@0400d5f644dc74513175e3cd8d07132dd4860809	2026-09-13T19:28:56.9005082Z ##[group]Run actions/cache@0400d5f644dc74513175e3cd8d07132dd4860809
phase2-backup-restore	Run actions/cache@0400d5f644dc74513175e3cd8d07132dd4860809	2026-09-13T19:28:56.9005426Z with:
phase2-backup-restore	Run actions/cache@0400d5f644dc74513175e3cd8d07132dd4860809	2026-09-13T19:28:56.9005738Z   path: ~/.asdf/installs
phase2-backup-restore	Run actions/cache@0400d5f644dc74513175e3cd8d07132dd4860809	apps/server/deps
phase2-backup-restore	Run actions/cache@0400d5f644dc74513175e3cd8d07132dd4860809	apps/server/_build
phase2-backup-restore	Run actions/cache@0400d5f644dc74513175e3cd8d07132dd4860809	node_modules
phase2-backup-restore	Run actions/cache@0400d5f644dc74513175e3cd8d07132dd4860809	
phase2-backup-restore	Run actions/cache@0400d5f644dc74513175e3cd8d07132dd4860809	2026-09-13T19:28:56.9006354Z   key: phase2-Linux-backup-restore-45b3b35ef45f5d65ae586b2b25dfb93049c099ec9870f23270bda4b35fe975d3
phase2-backup-restore	Run actions/cache@0400d5f644dc74513175e3cd8d07132dd4860809	2026-09-13T19:28:56.9006911Z   enableCrossOsArchive: false
phase2-backup-restore	Run actions/cache@0400d5f644dc74513175e3cd8d07132dd4860809	2026-09-13T19:28:56.9007176Z   fail-on-cache-miss: false
phase2-backup-restore	Run actions/cache@0400d5f644dc74513175e3cd8d07132dd4860809	2026-09-13T19:28:56.9007412Z   lookup-only: false
phase2-backup-restore	Run actions/cache@0400d5f644dc74513175e3cd8d07132dd4860809	2026-09-13T19:28:56.9007627Z   save-always: false
phase2-backup-restore	Run actions/cache@0400d5f644dc74513175e3cd8d07132dd4860809	2026-09-13T19:28:56.9007844Z env:
phase2-backup-restore	Run actions/cache@0400d5f644dc74513175e3cd8d07132dd4860809	2026-09-13T19:28:56.9008049Z   KEEPLING_PHASE2_SEED: 20260901
phase2-backup-restore	Run actions/cache@0400d5f644dc74513175e3cd8d07132dd4860809	2026-09-13T19:28:56.9008456Z   KEEPLING_FLAKE_POLICY: no-retry; quarantine-requires-owner-issue-expiry
phase2-backup-restore	Run actions/cache@0400d5f644dc74513175e3cd8d07132dd4860809	2026-09-13T19:28:56.9008834Z ##[endgroup]
phase2-backup-restore	Run actions/cache@0400d5f644dc74513175e3cd8d07132dd4860809	2026-09-13T19:28:57.0137816Z (node:2294) [DEP0040] DeprecationWarning: The `punycode` module is deprecated. Please use a userland alternative instead.
phase2-backup-restore	Run actions/cache@0400d5f644dc74513175e3cd8d07132dd4860809	2026-09-13T19:28:57.0139130Z (Use `node --trace-deprecation ...` to show where the warning was created)
phase2-backup-restore	Run actions/cache@0400d5f644dc74513175e3cd8d07132dd4860809	2026-09-13T19:28:57.0946160Z Cache hit for: phase2-Linux-backup-restore-45b3b35ef45f5d65ae586b2b25dfb93049c099ec9870f23270bda4b35fe975d3
phase2-backup-restore	Run actions/cache@0400d5f644dc74513175e3cd8d07132dd4860809	2026-09-13T19:28:57.1062988Z (node:2294) [DEP0169] DeprecationWarning: `url.parse()` behavior is not standardized and prone to errors that have security implications. Use the WHATWG URL API instead. CVEs are not issued for `url.parse()` vulnerabilities.
phase2-backup-restore	Run actions/cache@0400d5f644dc74513175e3cd8d07132dd4860809	2026-09-13T19:28:57.8521332Z Received 172281393 of 172281393 (100.0%), 228.8 MBs/sec
phase2-backup-restore	Run actions/cache@0400d5f644dc74513175e3cd8d07132dd4860809	2026-09-13T19:28:57.8533154Z Cache Size: ~164 MB (172281393 B)
phase2-backup-restore	Run actions/cache@0400d5f644dc74513175e3cd8d07132dd4860809	2026-09-13T19:28:57.8619333Z [command]/usr/bin/tar -xf /home/runner/work/_temp/05175f38-fcf7-4689-90cb-25a108265ddb/cache.tzst -P -C /home/runner/work/keepling/keepling --use-compress-program unzstd
phase2-backup-restore	Run actions/cache@0400d5f644dc74513175e3cd8d07132dd4860809	2026-09-13T19:29:00.0466417Z Cache restored successfully
phase2-backup-restore	Run actions/cache@0400d5f644dc74513175e3cd8d07132dd4860809	2026-09-13T19:29:00.0667602Z Cache restored from key: phase2-Linux-backup-restore-45b3b35ef45f5d65ae586b2b25dfb93049c099ec9870f23270bda4b35fe975d3
phase2-backup-restore	Install asdf	﻿2026-09-13T19:29:00.0894627Z ##[group]Run set -eu
phase2-backup-restore	Install asdf	2026-09-13T19:29:00.0894980Z ^[[36;1mset -eu^[[0m
phase2-backup-restore	Install asdf	2026-09-13T19:29:00.0895341Z ^[[36;1m# The cache step above restores ~/.asdf/installs, which CREATES^[[0m
phase2-backup-restore	Install asdf	2026-09-13T19:29:00.0895844Z ^[[36;1m# $HOME/.asdf before this step runs. An unconditional clone then dies^[[0m
phase2-backup-restore	Install asdf	2026-09-13T19:29:00.0896307Z ^[[36;1m# with "destination path already exists and is not an empty^[[0m
phase2-backup-restore	Install asdf	2026-09-13T19:29:00.0896792Z ^[[36;1m# directory" (exit 128) and the lane never reaches any project code.^[[0m
phase2-backup-restore	Install asdf	2026-09-13T19:29:00.0897314Z ^[[36;1m# Clone into a scratch directory and move only the parts that are^[[0m
phase2-backup-restore	Install asdf	2026-09-13T19:29:00.0897792Z ^[[36;1m# missing, so a restored cache and a cold runner both end up with the^[[0m
phase2-backup-restore	Install asdf	2026-09-13T19:29:00.0898161Z ^[[36;1m# same tree.^[[0m
phase2-backup-restore	Install asdf	2026-09-13T19:29:00.0898429Z ^[[36;1mif [ ! -d "$HOME/.asdf/.git" ]; then^[[0m
phase2-backup-restore	Install asdf	2026-09-13T19:29:00.0898724Z ^[[36;1m  scratch="$(mktemp -d)"^[[0m
phase2-backup-restore	Install asdf	2026-09-13T19:29:00.0899150Z ^[[36;1m  git clone https://github.com/asdf-vm/asdf.git "$scratch/asdf" --branch v0.14.1^[[0m
phase2-backup-restore	Install asdf	2026-09-13T19:29:00.0899844Z ^[[36;1m  mkdir -p "$HOME/.asdf"^[[0m
phase2-backup-restore	Install asdf	2026-09-13T19:29:00.0900264Z ^[[36;1m  # `cp -R src/. dst` merges into an existing directory instead of^[[0m
phase2-backup-restore	Install asdf	2026-09-13T19:29:00.0900716Z ^[[36;1m  # nesting, which is what the restored-cache case needs.^[[0m
phase2-backup-restore	Install asdf	2026-09-13T19:29:00.0901099Z ^[[36;1m  cp -R "$scratch/asdf/." "$HOME/.asdf/"^[[0m
phase2-backup-restore	Install asdf	2026-09-13T19:29:00.0901417Z ^[[36;1m  rm -rf "$scratch"^[[0m
phase2-backup-restore	Install asdf	2026-09-13T19:29:00.0901661Z ^[[36;1mfi^[[0m
phase2-backup-restore	Install asdf	2026-09-13T19:29:00.0901906Z ^[[36;1mecho "$HOME/.asdf/bin" >> "$GITHUB_PATH"^[[0m
phase2-backup-restore	Install asdf	2026-09-13T19:29:00.0902226Z ^[[36;1mecho "$HOME/.asdf/shims" >> "$GITHUB_PATH"^[[0m
phase2-backup-restore	Install asdf	2026-09-13T19:29:00.0945844Z shell: /usr/bin/bash -e {0}
phase2-backup-restore	Install asdf	2026-09-13T19:29:00.0946125Z env:
phase2-backup-restore	Install asdf	2026-09-13T19:29:00.0946369Z   KEEPLING_PHASE2_SEED: 20260901
phase2-backup-restore	Install asdf	2026-09-13T19:29:00.0946770Z   KEEPLING_FLAKE_POLICY: no-retry; quarantine-requires-owner-issue-expiry
phase2-backup-restore	Install asdf	2026-09-13T19:29:00.0947164Z ##[endgroup]
phase2-backup-restore	Install asdf	2026-09-13T19:29:00.1060652Z Cloning into '/tmp/tmp.6J7Pq4a8zH/asdf'...
phase2-backup-restore	Install asdf	2026-09-13T19:29:00.8298946Z Note: switching to 'f00f759f3d8d405468d0071310a91b8f5a9c3798'.
phase2-backup-restore	Install asdf	2026-09-13T19:29:00.8299362Z 
phase2-backup-restore	Install asdf	2026-09-13T19:29:00.8299874Z You are in 'detached HEAD' state. You can look around, make experimental
phase2-backup-restore	Install asdf	2026-09-13T19:29:00.8300520Z changes and commit them, and you can discard any commits you make in this
phase2-backup-restore	Install asdf	2026-09-13T19:29:00.8301122Z state without impacting any branches by switching back to a branch.
phase2-backup-restore	Install asdf	2026-09-13T19:29:00.8301401Z 
phase2-backup-restore	Install asdf	2026-09-13T19:29:00.8301698Z If you want to create a new branch to retain commits you create, you may
phase2-backup-restore	Install asdf	2026-09-13T19:29:00.8302212Z do so (now or later) by using -c with the switch command. Example:
phase2-backup-restore	Install asdf	2026-09-13T19:29:00.8302469Z 
phase2-backup-restore	Install asdf	2026-09-13T19:29:00.8302617Z   git switch -c <new-branch-name>
phase2-backup-restore	Install asdf	2026-09-13T19:29:00.8302804Z 
phase2-backup-restore	Install asdf	2026-09-13T19:29:00.8302931Z Or undo this operation with:
phase2-backup-restore	Install asdf	2026-09-13T19:29:00.8303098Z 
phase2-backup-restore	Install asdf	2026-09-13T19:29:00.8303201Z   git switch -
phase2-backup-restore	Install asdf	2026-09-13T19:29:00.8303323Z 
phase2-backup-restore	Install asdf	2026-09-13T19:29:00.8303622Z Turn off this advice by setting config variable advice.detachedHead to false
phase2-backup-restore	Install asdf	2026-09-13T19:29:00.8303934Z 
phase2-backup-restore	Provision exact repository runtimes	﻿2026-09-13T19:29:00.8703272Z ##[group]Run ./tooling/runtime-preflight.sh --provision
phase2-backup-restore	Provision exact repository runtimes	2026-09-13T19:29:00.8703721Z ^[[36;1m./tooling/runtime-preflight.sh --provision^[[0m
phase2-backup-restore	Provision exact repository runtimes	2026-09-13T19:29:00.8704071Z ^[[36;1mcorepack enable^[[0m
phase2-backup-restore	Provision exact repository runtimes	2026-09-13T19:29:00.8704340Z ^[[36;1mpnpm install --frozen-lockfile^[[0m
phase2-backup-restore	Provision exact repository runtimes	2026-09-13T19:29:00.8705021Z ^[[36;1m./tooling/runtime-preflight.sh --exec -- sh -c 'cd apps/server && mix deps.get --check-locked'^[[0m
phase2-backup-restore	Provision exact repository runtimes	2026-09-13T19:29:00.8744338Z shell: /usr/bin/bash -e {0}
phase2-backup-restore	Provision exact repository runtimes	2026-09-13T19:29:00.8744609Z env:
phase2-backup-restore	Provision exact repository runtimes	2026-09-13T19:29:00.8744832Z   KEEPLING_PHASE2_SEED: 20260901
phase2-backup-restore	Provision exact repository runtimes	2026-09-13T19:29:00.8745222Z   KEEPLING_FLAKE_POLICY: no-retry; quarantine-requires-owner-issue-expiry
phase2-backup-restore	Provision exact repository runtimes	2026-09-13T19:29:00.8745617Z ##[endgroup]
phase2-backup-restore	Provision exact repository runtimes	2026-09-13T19:29:00.9394726Z Cloning into '/home/runner/.asdf/repository'...
phase2-backup-restore	Provision exact repository runtimes	2026-09-13T19:29:03.2782113Z initializing plugin repository...erlang 29.0.5 is already installed
phase2-backup-restore	Provision exact repository runtimes	2026-09-13T19:29:03.3178811Z elixir 1.20.2-otp-29 is already installed
phase2-backup-restore	Provision exact repository runtimes	2026-09-13T19:29:03.8366236Z Get:1 file:/etc/apt/apt-mirrors.txt Mirrorlist [144 B]
phase2-backup-restore	Provision exact repository runtimes	2026-09-13T19:29:03.8665164Z Get:6 https://packages.microsoft.com/ubuntu/24.04/prod noble InRelease [3600 B]
phase2-backup-restore	Provision exact repository runtimes	2026-09-13T19:29:03.9172000Z Get:7 https://dl.google.com/linux/chrome-stable/deb stable InRelease [2548 B]
phase2-backup-restore	Provision exact repository runtimes	2026-09-13T19:29:03.9268568Z Get:8 https://packages.microsoft.com/ubuntu/24.04/prod noble/main amd64 Packages [463 kB]
phase2-backup-restore	Provision exact repository runtimes	2026-09-13T19:29:03.9470149Z Hit:2 http://azure.archive.ubuntu.com/ubuntu noble InRelease
phase2-backup-restore	Provision exact repository runtimes	2026-09-13T19:29:03.9510951Z Get:9 https://packages.microsoft.com/ubuntu/24.04/prod noble/main arm64 Packages [414 kB]
phase2-backup-restore	Provision exact repository runtimes	2026-09-13T19:29:03.9530676Z Get:3 http://azure.archive.ubuntu.com/ubuntu noble-updates InRelease [126 kB]
phase2-backup-restore	Provision exact repository runtimes	2026-09-13T19:29:03.9575591Z Get:4 http://azure.archive.ubuntu.com/ubuntu noble-backports InRelease [126 kB]
phase2-backup-restore	Provision exact repository runtimes	2026-09-13T19:29:03.9622539Z Get:5 http://azure.archive.ubuntu.com/ubuntu noble-security InRelease [126 kB]
phase2-backup-restore	Provision exact repository runtimes	2026-09-13T19:29:04.0112922Z Get:10 https://dl.google.com/linux/chrome-stable/deb stable/main amd64 Packages [1408 B]
phase2-backup-restore	Provision exact repository runtimes	2026-09-13T19:29:04.0744444Z Get:11 https://apt.postgresql.org/pub/repos/apt noble-pgdg InRelease [189 kB]
phase2-backup-restore	Provision exact repository runtimes	2026-09-13T19:29:04.0950226Z Get:12 http://azure.archive.ubuntu.com/ubuntu noble-updates/main amd64 Packages [1263 kB]
phase2-backup-restore	Provision exact repository runtimes	2026-09-13T19:29:04.1026673Z Get:13 http://azure.archive.ubuntu.com/ubuntu noble-updates/main Translation-en [292 kB]
phase2-backup-restore	Provision exact repository runtimes	2026-09-13T19:29:04.1048340Z Get:14 http://azure.archive.ubuntu.com/ubuntu noble-updates/main amd64 Components [181 kB]
phase2-backup-restore	Provision exact repository runtimes	2026-09-13T19:29:04.1100740Z Get:15 http://azure.archive.ubuntu.com/ubuntu noble-updates/universe amd64 Packages [1690 kB]
phase2-backup-restore	Provision exact repository runtimes	2026-09-13T19:29:04.1148245Z Get:16 http://azure.archive.ubuntu.com/ubuntu noble-updates/universe amd64 Components [388 kB]
phase2-backup-restore	Provision exact repository runtimes	2026-09-13T19:29:04.1174151Z Get:17 http://azure.archive.ubuntu.com/ubuntu noble-updates/restricted amd64 Packages [1544 kB]
phase2-backup-restore	Provision exact repository runtimes	2026-09-13T19:29:04.1251223Z Get:18 http://azure.archive.ubuntu.com/ubuntu noble-updates/restricted Translation-en [354 kB]
phase2-backup-restore	Provision exact repository runtimes	2026-09-13T19:29:04.1273702Z Get:19 http://azure.archive.ubuntu.com/ubuntu noble-updates/multiverse amd64 Components [940 B]
phase2-backup-restore	Provision exact repository runtimes	2026-09-13T19:29:04.1563109Z Get:20 http://azure.archive.ubuntu.com/ubuntu noble-backports/main amd64 Components [5772 B]
phase2-backup-restore	Provision exact repository runtimes	2026-09-13T19:29:04.1572820Z Get:21 http://azure.archive.ubuntu.com/ubuntu noble-backports/universe amd64 Components [12.6 kB]
phase2-backup-restore	Provision exact repository runtimes	2026-09-13T19:29:04.2562878Z Get:22 http://azure.archive.ubuntu.com/ubuntu noble-security/main amd64 Packages [1006 kB]
phase2-backup-restore	Provision exact repository runtimes	2026-09-13T19:29:04.2642684Z Get:23 http://azure.archive.ubuntu.com/ubuntu noble-security/main Translation-en [213 kB]
phase2-backup-restore	Provision exact repository runtimes	2026-09-13T19:29:04.2661971Z Get:24 http://azure.archive.ubuntu.com/ubuntu noble-security/main amd64 Components [46.4 kB]
phase2-backup-restore	Provision exact repository runtimes	2026-09-13T19:29:04.2673423Z Get:25 http://azure.archive.ubuntu.com/ubuntu noble-security/universe amd64 Packages [1206 kB]
phase2-backup-restore	Provision exact repository runtimes	2026-09-13T19:29:04.2768056Z Get:26 http://azure.archive.ubuntu.com/ubuntu noble-security/universe amd64 Components [76.3 kB]
phase2-backup-restore	Provision exact repository runtimes	2026-09-13T19:29:04.2808899Z Get:27 http://azure.archive.ubuntu.com/ubuntu noble-security/restricted amd64 Packages [1445 kB]
phase2-backup-restore	Provision exact repository runtimes	2026-09-13T19:29:04.2883527Z Get:28 http://azure.archive.ubuntu.com/ubuntu noble-security/restricted Translation-en [336 kB]
phase2-backup-restore	Provision exact repository runtimes	2026-09-13T19:29:04.2951209Z Get:29 https://apt.postgresql.org/pub/repos/apt noble-pgdg/main amd64 Packages [825 kB]
phase2-backup-restore	Provision exact repository runtimes	2026-09-13T19:29:08.6067645Z Fetched 12.3 MB in 2s (8132 kB/s)
phase2-backup-restore	Provision exact repository runtimes	2026-09-13T19:29:09.3986562Z Reading package lists...
phase2-backup-restore	Provision exact repository runtimes	2026-09-13T19:29:09.4318902Z Reading package lists...
phase2-backup-restore	Provision exact repository runtimes	2026-09-13T19:29:09.6113193Z Building dependency tree...
phase2-backup-restore	Provision exact repository runtimes	2026-09-13T19:29:09.6120944Z Reading state information...
phase2-backup-restore	Provision exact repository runtimes	2026-09-13T19:29:09.7669224Z The following additional packages will be installed:
phase2-backup-restore	Provision exact repository runtimes	2026-09-13T19:29:09.7670720Z   liburing2 postgresql-18-jit postgresql-client-18
phase2-backup-restore	Provision exact repository runtimes	2026-09-13T19:29:09.7676698Z Suggested packages:
phase2-backup-restore	Provision exact repository runtimes	2026-09-13T19:29:09.7677054Z   postgresql-doc-18
phase2-backup-restore	Provision exact repository runtimes	2026-09-13T19:29:09.7893413Z The following NEW packages will be installed:
phase2-backup-restore	Provision exact repository runtimes	2026-09-13T19:29:09.7895297Z   liburing2 postgresql-18 postgresql-18-jit postgresql-client-18
phase2-backup-restore	Provision exact repository runtimes	2026-09-13T19:29:09.8124806Z 0 upgraded, 4 newly installed, 0 to remove and 50 not upgraded.
phase2-backup-restore	Provision exact repository runtimes	2026-09-13T19:29:09.8125413Z Need to get 19.6 MB of archives.
phase2-backup-restore	Provision exact repository runtimes	2026-09-13T19:29:09.8125872Z After this operation, 71.9 MB of additional disk space will be used.
phase2-backup-restore	Provision exact repository runtimes	2026-09-13T19:29:09.8126400Z Get:1 file:/etc/apt/apt-mirrors.txt Mirrorlist [144 B]
phase2-backup-restore	Provision exact repository runtimes	2026-09-13T19:29:09.8304029Z Get:2 http://azure.archive.ubuntu.com/ubuntu noble/main amd64 liburing2 amd64 2.5-1build1 [21.1 kB]
phase2-backup-restore	Provision exact repository runtimes	2026-09-13T19:29:09.8453565Z Get:3 https://apt.postgresql.org/pub/repos/apt noble-pgdg/main amd64 postgresql-client-18 amd64 18.6-1.pgdg24.04+2 [2114 kB]
phase2-backup-restore	Provision exact repository runtimes	2026-09-13T19:29:09.9016911Z Get:4 https://apt.postgresql.org/pub/repos/apt noble-pgdg/main amd64 postgresql-18 amd64 18.6-1.pgdg24.04+2 [7577 kB]
phase2-backup-restore	Provision exact repository runtimes	2026-09-13T19:29:09.9656827Z Get:5 https://apt.postgresql.org/pub/repos/apt noble-pgdg/main amd64 postgresql-18-jit amd64 18.6-1.pgdg24.04+2 [9924 kB]
phase2-backup-restore	Provision exact repository runtimes	2026-09-13T19:29:10.3232815Z Preconfiguring packages ...
phase2-backup-restore	Provision exact repository runtimes	2026-09-13T19:29:10.3737619Z Fetched 19.6 MB in 0s (65.5 MB/s)
phase2-backup-restore	Provision exact repository runtimes	2026-09-13T19:29:10.3946058Z Selecting previously unselected package liburing2:amd64.
phase2-backup-restore	Provision exact repository runtimes	2026-09-13T19:29:10.4164829Z (Reading database ... 
phase2-backup-restore	Provision exact repository runtimes	2026-09-13T19:29:10.4165330Z (Reading database ... 5%
phase2-backup-restore	Provision exact repository runtimes	2026-09-13T19:29:10.4165859Z (Reading database ... 10%
phase2-backup-restore	Provision exact repository runtimes	2026-09-13T19:29:10.4166392Z (Reading database ... 15%
phase2-backup-restore	Provision exact repository runtimes	2026-09-13T19:29:10.4166877Z (Reading database ... 20%
phase2-backup-restore	Provision exact repository runtimes	2026-09-13T19:29:10.4167408Z (Reading database ... 25%
phase2-backup-restore	Provision exact repository runtimes	2026-09-13T19:29:10.4168058Z (Reading database ... 30%
phase2-backup-restore	Provision exact repository runtimes	2026-09-13T19:29:10.4168323Z (Reading database ... 35%
phase2-backup-restore	Provision exact repository runtimes	2026-09-13T19:29:10.4168606Z (Reading database ... 40%
phase2-backup-restore	Provision exact repository runtimes	2026-09-13T19:29:10.4168868Z (Reading database ... 45%
phase2-backup-restore	Provision exact repository runtimes	2026-09-13T19:29:10.4169129Z (Reading database ... 50%
phase2-backup-restore	Provision exact repository runtimes	2026-09-13T19:29:10.4202966Z (Reading database ... 55%
phase2-backup-restore	Provision exact repository runtimes	2026-09-13T19:29:10.5296758Z (Reading database ... 60%
phase2-backup-restore	Provision exact repository runtimes	2026-09-13T19:29:10.7283663Z (Reading database ... 65%
phase2-backup-restore	Provision exact repository runtimes	2026-09-13T19:29:10.8936778Z (Reading database ... 70%
phase2-backup-restore	Provision exact repository runtimes	2026-09-13T19:29:11.0280329Z (Reading database ... 75%
phase2-backup-restore	Provision exact repository runtimes	2026-09-13T19:29:11.2026750Z (Reading database ... 80%
phase2-backup-restore	Provision exact repository runtimes	2026-09-13T19:29:11.3741133Z (Reading database ... 85%
phase2-backup-restore	Provision exact repository runtimes	2026-09-13T19:29:11.4746128Z (Reading database ... 90%
phase2-backup-restore	Provision exact repository runtimes	2026-09-13T19:29:11.5979412Z (Reading database ... 95%
phase2-backup-restore	Provision exact repository runtimes	2026-09-13T19:29:11.5980071Z (Reading database ... 100%
phase2-backup-restore	Provision exact repository runtimes	2026-09-13T19:29:11.5980744Z (Reading database ... 201818 files and directories currently installed.)
phase2-backup-restore	Provision exact repository runtimes	2026-09-13T19:29:11.6025053Z Preparing to unpack .../liburing2_2.5-1build1_amd64.deb ...
phase2-backup-restore	Provision exact repository runtimes	2026-09-13T19:29:11.6059369Z Unpacking liburing2:amd64 (2.5-1build1) ...
phase2-backup-restore	Provision exact repository runtimes	2026-09-13T19:29:11.6489820Z Selecting previously unselected package postgresql-client-18.
phase2-backup-restore	Provision exact repository runtimes	2026-09-13T19:29:11.6618216Z Preparing to unpack .../postgresql-client-18_18.6-1.pgdg24.04+2_amd64.deb ...
phase2-backup-restore	Provision exact repository runtimes	2026-09-13T19:29:11.6624905Z Unpacking postgresql-client-18 (18.6-1.pgdg24.04+2) ...
phase2-backup-restore	Provision exact repository runtimes	2026-09-13T19:29:11.8473364Z Selecting previously unselected package postgresql-18.
phase2-backup-restore	Provision exact repository runtimes	2026-09-13T19:29:11.8642674Z Preparing to unpack .../postgresql-18_18.6-1.pgdg24.04+2_amd64.deb ...
phase2-backup-restore	Provision exact repository runtimes	2026-09-13T19:29:11.8672630Z Unpacking postgresql-18 (18.6-1.pgdg24.04+2) ...
phase2-backup-restore	Provision exact repository runtimes	2026-09-13T19:29:12.3473733Z Selecting previously unselected package postgresql-18-jit.
phase2-backup-restore	Provision exact repository runtimes	2026-09-13T19:29:12.3607464Z Preparing to unpack .../postgresql-18-jit_18.6-1.pgdg24.04+2_amd64.deb ...
phase2-backup-restore	Provision exact repository runtimes	2026-09-13T19:29:12.3613976Z Unpacking postgresql-18-jit (18.6-1.pgdg24.04+2) ...
phase2-backup-restore	Provision exact repository runtimes	2026-09-13T19:29:13.0328350Z Setting up postgresql-client-18 (18.6-1.pgdg24.04+2) ...
phase2-backup-restore	Provision exact repository runtimes	2026-09-13T19:29:13.4174514Z update-alternatives: using /usr/share/postgresql/18/man/man1/psql.1.gz to provide /usr/share/man/man1/psql.1.gz (psql.1.gz) in auto mode
phase2-backup-restore	Provision exact repository runtimes	2026-09-13T19:29:13.4419375Z Setting up liburing2:amd64 (2.5-1build1) ...
phase2-backup-restore	Provision exact repository runtimes	2026-09-13T19:29:13.4459118Z Setting up postgresql-18 (18.6-1.pgdg24.04+2) ...
phase2-backup-restore	Provision exact repository runtimes	2026-09-13T19:29:14.2845224Z Setting up postgresql-18-jit (18.6-1.pgdg24.04+2) ...
phase2-backup-restore	Provision exact repository runtimes	2026-09-13T19:29:14.2866160Z Processing triggers for libc-bin (2.39-0ubuntu8.8) ...
phase2-backup-restore	Provision exact repository runtimes	2026-09-13T19:29:14.3163760Z Processing triggers for postgresql-common (293.pgdg24.04+1) ...
phase2-backup-restore	Provision exact repository runtimes	2026-09-13T19:29:14.4218046Z Building PostgreSQL dictionaries from installed myspell/hunspell packages...
phase2-backup-restore	Provision exact repository runtimes	2026-09-13T19:29:14.4222971Z   en_us
phase2-backup-restore	Provision exact repository runtimes	2026-09-13T19:29:14.4541586Z Removing obsolete dictionary files:
phase2-backup-restore	Provision exact repository runtimes	2026-09-13T19:29:15.0653815Z 
phase2-backup-restore	Provision exact repository runtimes	2026-09-13T19:29:15.0654510Z Running kernel seems to be up-to-date.
phase2-backup-restore	Provision exact repository runtimes	2026-09-13T19:29:15.0654905Z 
phase2-backup-restore	Provision exact repository runtimes	2026-09-13T19:29:15.0655134Z No services need to be restarted.
phase2-backup-restore	Provision exact repository runtimes	2026-09-13T19:29:15.0655464Z 
phase2-backup-restore	Provision exact repository runtimes	2026-09-13T19:29:15.0655700Z No containers need to be restarted.
phase2-backup-restore	Provision exact repository runtimes	2026-09-13T19:29:15.0655981Z 
phase2-backup-restore	Provision exact repository runtimes	2026-09-13T19:29:15.0656252Z No user sessions are running outdated binaries.
phase2-backup-restore	Provision exact repository runtimes	2026-09-13T19:29:15.0656594Z 
phase2-backup-restore	Provision exact repository runtimes	2026-09-13T19:29:15.0660829Z No VM guests are running outdated hypervisor (qemu) binaries on this host.
phase2-backup-restore	Provision exact repository runtimes	2026-09-13T19:29:16.4061633Z Runtime preflight passed: Elixir 1.20.2, OTP 29.0.5, PostgreSQL 18.6
phase2-backup-restore	Provision exact repository runtimes	2026-09-13T19:29:16.5371863Z ! Corepack is about to download https://registry.npmjs.org/pnpm/-/pnpm-10.33.0.tgz
phase2-backup-restore	Provision exact repository runtimes	2026-09-13T19:29:17.3917891Z Scope: all 4 workspace projects
phase2-backup-restore	Provision exact repository runtimes	2026-09-13T19:29:17.4737175Z Lockfile is up to date, resolution step is skipped
phase2-backup-restore	Provision exact repository runtimes	2026-09-13T19:29:18.4316035Z Packages: +2 -47
phase2-backup-restore	Provision exact repository runtimes	2026-09-13T19:29:18.4316759Z ++-----------------------------------------------
phase2-backup-restore	Provision exact repository runtimes	2026-09-13T19:29:18.8284036Z Progress: resolved 0, reused 0, downloaded 1, added 0
phase2-backup-restore	Provision exact repository runtimes	2026-09-13T19:29:19.8342007Z Progress: resolved 0, reused 0, downloaded 29, added 0
phase2-backup-restore	Provision exact repository runtimes	2026-09-13T19:29:20.3274524Z Progress: resolved 0, reused 0, downloaded 48, added 2, done
phase2-backup-restore	Provision exact repository runtimes	2026-09-13T19:29:20.4919229Z 
phase2-backup-restore	Provision exact repository runtimes	2026-09-13T19:29:20.5752286Z Done in 3.5s using pnpm v10.33.0
phase2-backup-restore	Provision exact repository runtimes	2026-09-13T19:29:21.0701613Z Runtime preflight passed: Elixir 1.20.2, OTP 29.0.5, PostgreSQL 18.6
phase2-backup-restore	Provision exact repository runtimes	2026-09-13T19:29:21.8289040Z * creating /home/runner/.mix/archives/hex-2.5.1
phase2-backup-restore	Provision exact repository runtimes	2026-09-13T19:29:22.2996900Z Resolving Hex dependencies...
phase2-backup-restore	Provision exact repository runtimes	2026-09-13T19:29:22.4274719Z Resolution completed in 0.126s
phase2-backup-restore	Provision exact repository runtimes	2026-09-13T19:29:22.4487755Z Unchanged:
phase2-backup-restore	Provision exact repository runtimes	2026-09-13T19:29:22.4488438Z   argon2_elixir 4.1.3
phase2-backup-restore	Provision exact repository runtimes	2026-09-13T19:29:22.4497786Z   bandit 1.12.5
phase2-backup-restore	Provision exact repository runtimes	2026-09-13T19:29:22.4498179Z   certifi 2.17.0
phase2-backup-restore	Provision exact repository runtimes	2026-09-13T19:29:22.4498540Z   comeonin 5.5.1
phase2-backup-restore	Provision exact repository runtimes	2026-09-13T19:29:22.4498921Z   db_connection 2.10.2
phase2-backup-restore	Provision exact repository runtimes	2026-09-13T19:29:22.4499292Z   decimal 3.1.1
phase2-backup-restore	Provision exact repository runtimes	2026-09-13T19:29:22.4499847Z   dns_cluster 0.2.0
phase2-backup-restore	Provision exact repository runtimes	2026-09-13T19:29:22.4500084Z   ecto 3.14.2
phase2-backup-restore	Provision exact repository runtimes	2026-09-13T19:29:22.4500304Z   ecto_sql 3.14.0
phase2-backup-restore	Provision exact repository runtimes	2026-09-13T19:29:22.4500542Z   elixir_make 0.10.0
phase2-backup-restore	Provision exact repository runtimes	2026-09-13T19:29:22.4500779Z   expo 1.1.1
phase2-backup-restore	Provision exact repository runtimes	2026-09-13T19:29:22.4500997Z   gettext 1.0.2
phase2-backup-restore	Provision exact repository runtimes	2026-09-13T19:29:22.4501230Z   h2 0.12.0
phase2-backup-restore	Provision exact repository runtimes	2026-09-13T19:29:22.4501443Z   hackney 4.7.4
phase2-backup-restore	Provision exact repository runtimes	2026-09-13T19:29:22.4501666Z   hammer 7.4.1
phase2-backup-restore	Provision exact repository runtimes	2026-09-13T19:29:22.4501892Z   hex_core 0.15.0
phase2-backup-restore	Provision exact repository runtimes	2026-09-13T19:29:22.4502113Z   hpax 1.0.4
phase2-backup-restore	Provision exact repository runtimes	2026-09-13T19:29:22.4502317Z   idna 7.1.0
phase2-backup-restore	Provision exact repository runtimes	2026-09-13T19:29:22.4502533Z   jason 1.4.5
phase2-backup-restore	Provision exact repository runtimes	2026-09-13T19:29:22.4502737Z   mime 2.0.7
phase2-backup-restore	Provision exact repository runtimes	2026-09-13T19:29:22.4502937Z   mimerl 1.5.0
phase2-backup-restore	Provision exact repository runtimes	2026-09-13T19:29:22.4503166Z   optimus 0.6.1
phase2-backup-restore	Provision exact repository runtimes	2026-09-13T19:29:22.4503392Z   parse_trans 3.4.2
phase2-backup-restore	Provision exact repository runtimes	2026-09-13T19:29:22.4503617Z   phoenix 1.8.13
phase2-backup-restore	Provision exact repository runtimes	2026-09-13T19:29:22.4503844Z   phoenix_ecto 4.7.0
phase2-backup-restore	Provision exact repository runtimes	2026-09-13T19:29:22.4504093Z   phoenix_pubsub 2.3.0
phase2-backup-restore	Provision exact repository runtimes	2026-09-13T19:29:22.4504457Z   phoenix_template 1.0.4
phase2-backup-restore	Provision exact repository runtimes	2026-09-13T19:29:22.4504838Z   plug 1.20.3
phase2-backup-restore	Provision exact repository runtimes	2026-09-13T19:29:22.4505058Z   plug_crypto 2.2.0
phase2-backup-restore	Provision exact repository runtimes	2026-09-13T19:29:22.4505607Z   postgrex 0.22.4
phase2-backup-restore	Provision exact repository runtimes	2026-09-13T19:29:22.4505834Z   protobuf 0.16.1
phase2-backup-restore	Provision exact repository runtimes	2026-09-13T19:29:22.4506056Z   purl 0.3.0
phase2-backup-restore	Provision exact repository runtimes	2026-09-13T19:29:22.4506271Z   quic 1.8.2
phase2-backup-restore	Provision exact repository runtimes	2026-09-13T19:29:22.4506500Z   sbom 0.10.0
phase2-backup-restore	Provision exact repository runtimes	2026-09-13T19:29:22.4506721Z   ssl_verify_fun 1.1.7
phase2-backup-restore	Provision exact repository runtimes	2026-09-13T19:29:22.4507114Z   stream_data 1.4.0
phase2-backup-restore	Provision exact repository runtimes	2026-09-13T19:29:22.4507350Z   telemetry 1.4.2
phase2-backup-restore	Provision exact repository runtimes	2026-09-13T19:29:22.4507581Z   telemetry_metrics 1.2.0
phase2-backup-restore	Provision exact repository runtimes	2026-09-13T19:29:22.4507839Z   telemetry_poller 1.3.0
phase2-backup-restore	Provision exact repository runtimes	2026-09-13T19:29:22.4508205Z   thousand_island 1.5.0
phase2-backup-restore	Provision exact repository runtimes	2026-09-13T19:29:22.4508481Z   tzdata 1.1.5
phase2-backup-restore	Provision exact repository runtimes	2026-09-13T19:29:22.4508812Z   websock 0.5.3
phase2-backup-restore	Provision exact repository runtimes	2026-09-13T19:29:22.4509043Z   websock_adapter 0.6.0
phase2-backup-restore	Provision exact repository runtimes	2026-09-13T19:29:22.4509388Z   webtransport 0.4.5
phase2-backup-restore	Provision exact repository runtimes	2026-09-13T19:29:22.5709364Z * creating /home/runner/.mix/elixir/1-20-otp-29/rebar3
phase2-backup-restore	Provision exact repository runtimes	2026-09-13T19:29:22.6206068Z All dependencies have been fetched
phase2-backup-restore	Run exact Phase 2 lane	﻿2026-09-13T19:29:22.6544201Z ##[group]Run set -o pipefail
phase2-backup-restore	Run exact Phase 2 lane	2026-09-13T19:29:22.6544582Z ^[[36;1mset -o pipefail^[[0m
phase2-backup-restore	Run exact Phase 2 lane	2026-09-13T19:29:22.6545032Z ^[[36;1m./tooling/test-phase-2.sh --lane "backup-restore" | tee "$RUNNER_TEMP/backup-restore.txt"^[[0m
phase2-backup-restore	Run exact Phase 2 lane	2026-09-13T19:29:22.6545593Z ^[[36;1m./tooling/verify-privacy.sh "$RUNNER_TEMP/backup-restore.txt"^[[0m
phase2-backup-restore	Run exact Phase 2 lane	2026-09-13T19:29:22.6585464Z shell: /usr/bin/bash -e {0}
phase2-backup-restore	Run exact Phase 2 lane	2026-09-13T19:29:22.6585749Z env:
phase2-backup-restore	Run exact Phase 2 lane	2026-09-13T19:29:22.6585975Z   KEEPLING_PHASE2_SEED: 20260901
phase2-backup-restore	Run exact Phase 2 lane	2026-09-13T19:29:22.6586361Z   KEEPLING_FLAKE_POLICY: no-retry; quarantine-requires-owner-issue-expiry
phase2-backup-restore	Run exact Phase 2 lane	2026-09-13T19:29:22.6586761Z ##[endgroup]
phase2-backup-restore	Run exact Phase 2 lane	2026-09-13T19:29:22.7311559Z lane=backup-restore status=RUNNING command=./tooling/verify-backup.sh and three ./tooling/verify-restore.sh fixtures cases=4 seed=20260901 inputs_sha256=d8a1ae0c06fd36a5daef7c2f88d22dfb8943b3c4f70b0b9b07223de7fa9c9422
phase2-backup-restore	Run exact Phase 2 lane	2026-09-13T19:29:44.5078557Z lane=backup-restore status=PASS command=./tooling/verify-backup.sh and three ./tooling/verify-restore.sh fixtures cases=4 seed=20260901 elapsed_ms=21776 inputs_sha256=d8a1ae0c06fd36a5daef7c2f88d22dfb8943b3c4f70b0b9b07223de7fa9c9422
phase2-backup-restore	Run exact Phase 2 lane	2026-09-13T19:29:44.5224936Z Privacy verification passed: artifacts=1 sentinels=7
phase2-backup-restore	Run actions/upload-artifact@ea165f8d65b6e75b540449e92b4886f43607fa02	﻿2026-09-13T19:29:44.5300224Z Node 20 is being deprecated. This workflow is running with Node 24 by default. If you need to temporarily use Node 20, you can set the ACTIONS_ALLOW_USE_UNSECURE_NODE_VERSION=true environment variable. For more information see: https://github.blog/changelog/2025-09-19-deprecation-of-node-20-on-github-actions-runners/
phase2-backup-restore	Run actions/upload-artifact@ea165f8d65b6e75b540449e92b4886f43607fa02	2026-09-13T19:29:44.5301561Z ##[group]Run actions/upload-artifact@ea165f8d65b6e75b540449e92b4886f43607fa02
phase2-backup-restore	Run actions/upload-artifact@ea165f8d65b6e75b540449e92b4886f43607fa02	2026-09-13T19:29:44.5301944Z with:
phase2-backup-restore	Run actions/upload-artifact@ea165f8d65b6e75b540449e92b4886f43607fa02	2026-09-13T19:29:44.5302175Z   name: phase2-backup-restore-timing
phase2-backup-restore	Run actions/upload-artifact@ea165f8d65b6e75b540449e92b4886f43607fa02	2026-09-13T19:29:44.5302510Z   path: /home/runner/work/_temp/backup-restore.txt
phase2-backup-restore	Run actions/upload-artifact@ea165f8d65b6e75b540449e92b4886f43607fa02	2026-09-13T19:29:44.5302837Z   if-no-files-found: error
phase2-backup-restore	Run actions/upload-artifact@ea165f8d65b6e75b540449e92b4886f43607fa02	2026-09-13T19:29:44.5303086Z   retention-days: 14
phase2-backup-restore	Run actions/upload-artifact@ea165f8d65b6e75b540449e92b4886f43607fa02	2026-09-13T19:29:44.5303313Z   compression-level: 6
phase2-backup-restore	Run actions/upload-artifact@ea165f8d65b6e75b540449e92b4886f43607fa02	2026-09-13T19:29:44.5303547Z   overwrite: false
phase2-backup-restore	Run actions/upload-artifact@ea165f8d65b6e75b540449e92b4886f43607fa02	2026-09-13T19:29:44.5303788Z   include-hidden-files: false
phase2-backup-restore	Run actions/upload-artifact@ea165f8d65b6e75b540449e92b4886f43607fa02	2026-09-13T19:29:44.5304030Z env:
phase2-backup-restore	Run actions/upload-artifact@ea165f8d65b6e75b540449e92b4886f43607fa02	2026-09-13T19:29:44.5304239Z   KEEPLING_PHASE2_SEED: 20260901
phase2-backup-restore	Run actions/upload-artifact@ea165f8d65b6e75b540449e92b4886f43607fa02	2026-09-13T19:29:44.5304631Z   KEEPLING_FLAKE_POLICY: no-retry; quarantine-requires-owner-issue-expiry
phase2-backup-restore	Run actions/upload-artifact@ea165f8d65b6e75b540449e92b4886f43607fa02	2026-09-13T19:29:44.5305055Z ##[endgroup]
phase2-backup-restore	Run actions/upload-artifact@ea165f8d65b6e75b540449e92b4886f43607fa02	2026-09-13T19:29:44.7017253Z (node:8606) [DEP0040] DeprecationWarning: The `punycode` module is deprecated. Please use a userland alternative instead.
phase2-backup-restore	Run actions/upload-artifact@ea165f8d65b6e75b540449e92b4886f43607fa02	2026-09-13T19:29:44.7018633Z (Use `node --trace-deprecation ...` to show where the warning was created)
phase2-backup-restore	Run actions/upload-artifact@ea165f8d65b6e75b540449e92b4886f43607fa02	2026-09-13T19:29:44.7063314Z With the provided path, there will be 1 file uploaded
phase2-backup-restore	Run actions/upload-artifact@ea165f8d65b6e75b540449e92b4886f43607fa02	2026-09-13T19:29:44.7067571Z Artifact name is valid!
phase2-backup-restore	Run actions/upload-artifact@ea165f8d65b6e75b540449e92b4886f43607fa02	2026-09-13T19:29:44.7068188Z Root directory input is valid!
phase2-backup-restore	Run actions/upload-artifact@ea165f8d65b6e75b540449e92b4886f43607fa02	2026-09-13T19:29:44.9316774Z Beginning upload of artifact content to blob storage
phase2-backup-restore	Run actions/upload-artifact@ea165f8d65b6e75b540449e92b4886f43607fa02	2026-09-13T19:29:44.9480937Z (node:8606) [DEP0169] DeprecationWarning: `url.parse()` behavior is not standardized and prone to errors that have security implications. Use the WHATWG URL API instead. CVEs are not issued for `url.parse()` vulnerabilities.
phase2-backup-restore	Run actions/upload-artifact@ea165f8d65b6e75b540449e92b4886f43607fa02	2026-09-13T19:29:44.9996234Z Uploaded bytes 346
phase2-backup-restore	Run actions/upload-artifact@ea165f8d65b6e75b540449e92b4886f43607fa02	2026-09-13T19:29:45.0178727Z Finished uploading artifact content to blob storage!
phase2-backup-restore	Run actions/upload-artifact@ea165f8d65b6e75b540449e92b4886f43607fa02	2026-09-13T19:29:45.0180069Z SHA256 digest of uploaded artifact zip is c2d5dab8133292361f86286b6142f099bd64164639f246332b44d418b162eac5
phase2-backup-restore	Run actions/upload-artifact@ea165f8d65b6e75b540449e92b4886f43607fa02	2026-09-13T19:29:45.0181416Z Finalizing artifact upload
phase2-backup-restore	Run actions/upload-artifact@ea165f8d65b6e75b540449e92b4886f43607fa02	2026-09-13T19:29:45.1936518Z Artifact phase2-backup-restore-timing.zip successfully finalized. Artifact ID 10323734177
phase2-backup-restore	Run actions/upload-artifact@ea165f8d65b6e75b540449e92b4886f43607fa02	2026-09-13T19:29:45.1937478Z Artifact phase2-backup-restore-timing has been successfully uploaded! Final size is 346 bytes. Artifact ID is 10323734177
phase2-backup-restore	Run actions/upload-artifact@ea165f8d65b6e75b540449e92b4886f43607fa02	2026-09-13T19:29:45.1943257Z Artifact download URL: https://github.com/szTheory/keepling/actions/runs/34777805271/artifacts/10323734177
phase2-backup-restore	Post Run actions/cache@0400d5f644dc74513175e3cd8d07132dd4860809	﻿2026-09-13T19:29:45.2730608Z Node 20 is being deprecated. This workflow is running with Node 24 by default. If you need to temporarily use Node 20, you can set the ACTIONS_ALLOW_USE_UNSECURE_NODE_VERSION=true environment variable. For more information see: https://github.blog/changelog/2025-09-19-deprecation-of-node-20-on-github-actions-runners/
phase2-backup-restore	Post Run actions/cache@0400d5f644dc74513175e3cd8d07132dd4860809	2026-09-13T19:29:45.2731869Z Post job cleanup.
phase2-backup-restore	Post Run actions/cache@0400d5f644dc74513175e3cd8d07132dd4860809	2026-09-13T19:29:45.3836763Z Cache hit occurred on the primary key phase2-Linux-backup-restore-45b3b35ef45f5d65ae586b2b25dfb93049c099ec9870f23270bda4b35fe975d3, not saving cache.
phase2-backup-restore	Post Run actions/cache@0400d5f644dc74513175e3cd8d07132dd4860809	2026-09-13T19:29:45.3838374Z (node:8630) [DEP0040] DeprecationWarning: The `punycode` module is deprecated. Please use a userland alternative instead.
phase2-backup-restore	Post Run actions/cache@0400d5f644dc74513175e3cd8d07132dd4860809	2026-09-13T19:29:45.3894015Z (Use `node --trace-deprecation ...` to show where the warning was created)
phase2-backup-restore	Post Run actions/setup-node@49933ea5288caeca8642d1e84afbd3f7d6820020	﻿2026-09-13T19:29:45.3948925Z Node 20 is being deprecated. This workflow is running with Node 24 by default. If you need to temporarily use Node 20, you can set the ACTIONS_ALLOW_USE_UNSECURE_NODE_VERSION=true environment variable. For more information see: https://github.blog/changelog/2025-09-19-deprecation-of-node-20-on-github-actions-runners/
phase2-backup-restore	Post Run actions/setup-node@49933ea5288caeca8642d1e84afbd3f7d6820020	2026-09-13T19:29:45.3950336Z Post job cleanup.
phase2-backup-restore	Post Run actions/setup-node@49933ea5288caeca8642d1e84afbd3f7d6820020	2026-09-13T19:29:45.5189789Z (node:8638) [DEP0040] DeprecationWarning: The `punycode` module is deprecated. Please use a userland alternative instead.
phase2-backup-restore	Post Run actions/setup-node@49933ea5288caeca8642d1e84afbd3f7d6820020	2026-09-13T19:29:45.5190674Z (Use `node --trace-deprecation ...` to show where the warning was created)
phase2-backup-restore	Post Run actions/checkout@34e114876b0b11c390a56381ad16ebd13914f8d5	﻿2026-09-13T19:29:45.5346829Z Node 20 is being deprecated. This workflow is running with Node 24 by default. If you need to temporarily use Node 20, you can set the ACTIONS_ALLOW_USE_UNSECURE_NODE_VERSION=true environment variable. For more information see: https://github.blog/changelog/2025-09-19-deprecation-of-node-20-on-github-actions-runners/
phase2-backup-restore	Post Run actions/checkout@34e114876b0b11c390a56381ad16ebd13914f8d5	2026-09-13T19:29:45.5348028Z Post job cleanup.
phase2-backup-restore	Post Run actions/checkout@34e114876b0b11c390a56381ad16ebd13914f8d5	2026-09-13T19:29:45.6192641Z [command]/usr/bin/git version
phase2-backup-restore	Post Run actions/checkout@34e114876b0b11c390a56381ad16ebd13914f8d5	2026-09-13T19:29:45.6229410Z git version 2.55.0
phase2-backup-restore	Post Run actions/checkout@34e114876b0b11c390a56381ad16ebd13914f8d5	2026-09-13T19:29:45.6262865Z Temporarily overriding HOME='/home/runner/work/_temp/3f28c6c4-f1d2-4613-b6e6-8abeed97a639' before making global git config changes
phase2-backup-restore	Post Run actions/checkout@34e114876b0b11c390a56381ad16ebd13914f8d5	2026-09-13T19:29:45.6264198Z Adding repository directory to the temporary git global config as a safe directory
phase2-backup-restore	Post Run actions/checkout@34e114876b0b11c390a56381ad16ebd13914f8d5	2026-09-13T19:29:45.6267895Z [command]/usr/bin/git config --global --add safe.directory /home/runner/work/keepling/keepling
phase2-backup-restore	Post Run actions/checkout@34e114876b0b11c390a56381ad16ebd13914f8d5	2026-09-13T19:29:45.6307174Z [command]/usr/bin/git config --local --name-only --get-regexp core\.sshCommand
phase2-backup-restore	Post Run actions/checkout@34e114876b0b11c390a56381ad16ebd13914f8d5	2026-09-13T19:29:45.6340167Z [command]/usr/bin/git submodule foreach --recursive sh -c "git config --local --name-only --get-regexp 'core\.sshCommand' && git config --local --unset-all 'core.sshCommand' || :"
phase2-backup-restore	Post Run actions/checkout@34e114876b0b11c390a56381ad16ebd13914f8d5	2026-09-13T19:29:45.6580603Z [command]/usr/bin/git config --local --name-only --get-regexp http\.https\:\/\/github\.com\/\.extraheader
phase2-backup-restore	Post Run actions/checkout@34e114876b0b11c390a56381ad16ebd13914f8d5	2026-09-13T19:29:45.6605515Z http.https://github.com/.extraheader
phase2-backup-restore	Post Run actions/checkout@34e114876b0b11c390a56381ad16ebd13914f8d5	2026-09-13T19:29:45.6616762Z [command]/usr/bin/git config --local --unset-all http.https://github.com/.extraheader
phase2-backup-restore	Post Run actions/checkout@34e114876b0b11c390a56381ad16ebd13914f8d5	2026-09-13T19:29:45.6648213Z [command]/usr/bin/git submodule foreach --recursive sh -c "git config --local --name-only --get-regexp 'http\.https\:\/\/github\.com\/\.extraheader' && git config --local --unset-all 'http.https://github.com/.extraheader' || :"
phase2-backup-restore	Post Run actions/checkout@34e114876b0b11c390a56381ad16ebd13914f8d5	2026-09-13T19:29:45.6884458Z [command]/usr/bin/git config --local --name-only --get-regexp ^includeIf\.gitdir:
phase2-backup-restore	Post Run actions/checkout@34e114876b0b11c390a56381ad16ebd13914f8d5	2026-09-13T19:29:45.6918127Z [command]/usr/bin/git submodule foreach --recursive git config --local --show-origin --name-only --get-regexp remote.origin.url
phase2-backup-restore	Complete job	﻿2026-09-13T19:29:45.7321926Z Cleaning up orphan processes
phase2-backup-restore	Complete job	2026-09-13T19:29:45.7624236Z ##[warning]Node.js 20 is deprecated. The following actions target Node.js 20 but are being forced to run on Node.js 24: actions/cache@0400d5f644dc74513175e3cd8d07132dd4860809, actions/checkout@34e114876b0b11c390a56381ad16ebd13914f8d5, actions/setup-node@49933ea5288caeca8642d1e84afbd3f7d6820020, actions/upload-artifact@ea165f8d65b6e75b540449e92b4886f43607fa02. For more information see: https://github.blog/changelog/2025-09-19-deprecation-of-node-20-on-github-actions-runners/
