opentofu-host-fixtures	UNKNOWN STEP	﻿2026-09-13T20:19:16.0429179Z Current runner version: '2.337.0'
opentofu-host-fixtures	UNKNOWN STEP	2026-09-13T20:19:16.0452948Z ##[group]Runner Image Provisioner
opentofu-host-fixtures	UNKNOWN STEP	2026-09-13T20:19:16.0453829Z Hosted Compute Agent
opentofu-host-fixtures	UNKNOWN STEP	2026-09-13T20:19:16.0454916Z Version: 20260828.587
opentofu-host-fixtures	UNKNOWN STEP	2026-09-13T20:19:16.0455612Z Commit: abac92662cab4cc7352de4f9f9d2e2419aad9c29
opentofu-host-fixtures	UNKNOWN STEP	2026-09-13T20:19:16.0456349Z Build Date: 2026-08-28T16:44:25Z
opentofu-host-fixtures	UNKNOWN STEP	2026-09-13T20:19:16.0457161Z Worker ID: {24abcefe-03a7-4261-aa4e-a4b946490fd7}
opentofu-host-fixtures	UNKNOWN STEP	2026-09-13T20:19:16.0457929Z Azure Region: westus3
opentofu-host-fixtures	UNKNOWN STEP	2026-09-13T20:19:16.0458601Z ##[endgroup]
opentofu-host-fixtures	UNKNOWN STEP	2026-09-13T20:19:16.0460249Z ##[group]Operating System
opentofu-host-fixtures	UNKNOWN STEP	2026-09-13T20:19:16.0460918Z Ubuntu
opentofu-host-fixtures	UNKNOWN STEP	2026-09-13T20:19:16.0461577Z 24.04.5
opentofu-host-fixtures	UNKNOWN STEP	2026-09-13T20:19:16.0462101Z LTS
opentofu-host-fixtures	UNKNOWN STEP	2026-09-13T20:19:16.0462757Z ##[endgroup]
opentofu-host-fixtures	UNKNOWN STEP	2026-09-13T20:19:16.0463343Z ##[group]Runner Image
opentofu-host-fixtures	UNKNOWN STEP	2026-09-13T20:19:16.0463946Z Image: ubuntu-24.04
opentofu-host-fixtures	UNKNOWN STEP	2026-09-13T20:19:16.0464926Z Version: 20260907.300.1
opentofu-host-fixtures	UNKNOWN STEP	2026-09-13T20:19:16.0466259Z Included Software: https://github.com/actions/runner-images/blob/ubuntu24/20260907.300/images/ubuntu/Ubuntu2404-Readme.md
opentofu-host-fixtures	UNKNOWN STEP	2026-09-13T20:19:16.0467954Z Image Release: https://github.com/actions/runner-images/releases/tag/ubuntu24%2F20260907.300
opentofu-host-fixtures	UNKNOWN STEP	2026-09-13T20:19:16.0468934Z ##[endgroup]
opentofu-host-fixtures	UNKNOWN STEP	2026-09-13T20:19:16.0470488Z ##[group]GITHUB_TOKEN Permissions
opentofu-host-fixtures	UNKNOWN STEP	2026-09-13T20:19:16.0472600Z Contents: read
opentofu-host-fixtures	UNKNOWN STEP	2026-09-13T20:19:16.0473387Z Metadata: read
opentofu-host-fixtures	UNKNOWN STEP	2026-09-13T20:19:16.0473961Z ##[endgroup]
opentofu-host-fixtures	UNKNOWN STEP	2026-09-13T20:19:16.0476392Z Secret source: Actions
opentofu-host-fixtures	UNKNOWN STEP	2026-09-13T20:19:16.0477454Z Cache mode: write
opentofu-host-fixtures	UNKNOWN STEP	2026-09-13T20:19:16.0478130Z Prepare workflow directory
opentofu-host-fixtures	UNKNOWN STEP	2026-09-13T20:19:16.0876398Z Prepare all required actions
opentofu-host-fixtures	UNKNOWN STEP	2026-09-13T20:19:16.0923976Z Getting action download info
opentofu-host-fixtures	UNKNOWN STEP	2026-09-13T20:19:16.3869707Z Download action repository 'actions/checkout@34e114876b0b11c390a56381ad16ebd13914f8d5' (SHA:34e114876b0b11c390a56381ad16ebd13914f8d5)
opentofu-host-fixtures	UNKNOWN STEP	2026-09-13T20:19:16.5082713Z Download action repository 'actions/upload-artifact@ea165f8d65b6e75b540449e92b4886f43607fa02' (SHA:ea165f8d65b6e75b540449e92b4886f43607fa02)
opentofu-host-fixtures	UNKNOWN STEP	2026-09-13T20:19:16.7116064Z Complete job name: opentofu-host-fixtures
opentofu-host-fixtures	UNKNOWN STEP	2026-09-13T20:19:16.7854632Z Node 20 is being deprecated. This workflow is running with Node 24 by default. If you need to temporarily use Node 20, you can set the ACTIONS_ALLOW_USE_UNSECURE_NODE_VERSION=true environment variable. For more information see: https://github.blog/changelog/2025-09-19-deprecation-of-node-20-on-github-actions-runners/
opentofu-host-fixtures	UNKNOWN STEP	2026-09-13T20:19:16.7863269Z ##[group]Run actions/checkout@34e114876b0b11c390a56381ad16ebd13914f8d5
opentofu-host-fixtures	UNKNOWN STEP	2026-09-13T20:19:16.7864206Z with:
opentofu-host-fixtures	UNKNOWN STEP	2026-09-13T20:19:16.7864887Z   repository: szTheory/keepling
opentofu-host-fixtures	UNKNOWN STEP	2026-09-13T20:19:16.7868853Z   token: ***
opentofu-host-fixtures	UNKNOWN STEP	2026-09-13T20:19:16.7869349Z   ssh-strict: true
opentofu-host-fixtures	UNKNOWN STEP	2026-09-13T20:19:16.7869849Z   ssh-user: git
opentofu-host-fixtures	UNKNOWN STEP	2026-09-13T20:19:16.7870354Z   persist-credentials: true
opentofu-host-fixtures	UNKNOWN STEP	2026-09-13T20:19:16.7870860Z   clean: true
opentofu-host-fixtures	UNKNOWN STEP	2026-09-13T20:19:16.7871329Z   sparse-checkout-cone-mode: true
opentofu-host-fixtures	UNKNOWN STEP	2026-09-13T20:19:16.7871872Z   fetch-depth: 1
opentofu-host-fixtures	UNKNOWN STEP	2026-09-13T20:19:16.7872323Z   fetch-tags: false
opentofu-host-fixtures	UNKNOWN STEP	2026-09-13T20:19:16.7872779Z   show-progress: true
opentofu-host-fixtures	UNKNOWN STEP	2026-09-13T20:19:16.7873280Z   lfs: false
opentofu-host-fixtures	UNKNOWN STEP	2026-09-13T20:19:16.7873713Z   submodules: false
opentofu-host-fixtures	UNKNOWN STEP	2026-09-13T20:19:16.7874182Z   set-safe-directory: true
opentofu-host-fixtures	UNKNOWN STEP	2026-09-13T20:19:16.7875063Z env:
opentofu-host-fixtures	UNKNOWN STEP	2026-09-13T20:19:16.7875513Z   KEEPLING_PHASE2_SEED: 20260901
opentofu-host-fixtures	UNKNOWN STEP	2026-09-13T20:19:16.7876249Z   KEEPLING_FLAKE_POLICY: no-retry; quarantine-requires-owner-issue-expiry
opentofu-host-fixtures	UNKNOWN STEP	2026-09-13T20:19:16.7877009Z ##[endgroup]
opentofu-host-fixtures	UNKNOWN STEP	2026-09-13T20:19:16.8872547Z Syncing repository: szTheory/keepling
opentofu-host-fixtures	UNKNOWN STEP	2026-09-13T20:19:16.8874473Z ##[group]Getting Git version info
opentofu-host-fixtures	UNKNOWN STEP	2026-09-13T20:19:16.8875415Z Working directory is '/home/runner/work/keepling/keepling'
opentofu-host-fixtures	UNKNOWN STEP	2026-09-13T20:19:16.8876459Z [command]/usr/bin/git version
opentofu-host-fixtures	UNKNOWN STEP	2026-09-13T20:19:16.8963567Z git version 2.55.0
opentofu-host-fixtures	UNKNOWN STEP	2026-09-13T20:19:16.8984156Z ##[endgroup]
opentofu-host-fixtures	UNKNOWN STEP	2026-09-13T20:19:16.8997333Z Temporarily overriding HOME='/home/runner/work/_temp/22fc197b-b227-4f60-99b3-e1a68e5065d8' before making global git config changes
opentofu-host-fixtures	UNKNOWN STEP	2026-09-13T20:19:16.8998789Z Adding repository directory to the temporary git global config as a safe directory
opentofu-host-fixtures	UNKNOWN STEP	2026-09-13T20:19:16.9002378Z [command]/usr/bin/git config --global --add safe.directory /home/runner/work/keepling/keepling
opentofu-host-fixtures	UNKNOWN STEP	2026-09-13T20:19:16.9060439Z Deleting the contents of '/home/runner/work/keepling/keepling'
opentofu-host-fixtures	UNKNOWN STEP	2026-09-13T20:19:16.9064680Z ##[group]Initializing the repository
opentofu-host-fixtures	UNKNOWN STEP	2026-09-13T20:19:16.9069128Z [command]/usr/bin/git init /home/runner/work/keepling/keepling
opentofu-host-fixtures	UNKNOWN STEP	2026-09-13T20:19:16.9207350Z hint: Using 'master' as the name for the initial branch. This default branch name
opentofu-host-fixtures	UNKNOWN STEP	2026-09-13T20:19:16.9208969Z hint: will change to "main" in Git 3.0. To configure the initial branch name
opentofu-host-fixtures	UNKNOWN STEP	2026-09-13T20:19:16.9209960Z hint: to use in all of your new repositories, which will suppress this warning,
opentofu-host-fixtures	UNKNOWN STEP	2026-09-13T20:19:16.9210736Z hint: call:
opentofu-host-fixtures	UNKNOWN STEP	2026-09-13T20:19:16.9211197Z hint:
opentofu-host-fixtures	UNKNOWN STEP	2026-09-13T20:19:16.9212092Z hint: 	git config --global init.defaultBranch <name>
opentofu-host-fixtures	UNKNOWN STEP	2026-09-13T20:19:16.9212998Z hint:
opentofu-host-fixtures	UNKNOWN STEP	2026-09-13T20:19:16.9213838Z hint: Names commonly chosen instead of 'master' are 'main', 'trunk' and
opentofu-host-fixtures	UNKNOWN STEP	2026-09-13T20:19:16.9215507Z hint: 'development'. The just-created branch can be renamed via this command:
opentofu-host-fixtures	UNKNOWN STEP	2026-09-13T20:19:16.9216295Z hint:
opentofu-host-fixtures	UNKNOWN STEP	2026-09-13T20:19:16.9216724Z hint: 	git branch -m <name>
opentofu-host-fixtures	UNKNOWN STEP	2026-09-13T20:19:16.9217452Z hint:
opentofu-host-fixtures	UNKNOWN STEP	2026-09-13T20:19:16.9218139Z hint: Disable this message with "git config set advice.defaultBranchName false"
opentofu-host-fixtures	UNKNOWN STEP	2026-09-13T20:19:16.9219210Z Initialized empty Git repository in /home/runner/work/keepling/keepling/.git/
opentofu-host-fixtures	UNKNOWN STEP	2026-09-13T20:19:16.9222840Z [command]/usr/bin/git remote add origin https://github.com/szTheory/keepling
opentofu-host-fixtures	UNKNOWN STEP	2026-09-13T20:19:16.9273741Z ##[endgroup]
opentofu-host-fixtures	UNKNOWN STEP	2026-09-13T20:19:16.9275731Z ##[group]Disabling automatic garbage collection
opentofu-host-fixtures	UNKNOWN STEP	2026-09-13T20:19:16.9277526Z [command]/usr/bin/git config --local gc.auto 0
opentofu-host-fixtures	UNKNOWN STEP	2026-09-13T20:19:16.9305651Z ##[endgroup]
opentofu-host-fixtures	UNKNOWN STEP	2026-09-13T20:19:16.9306403Z ##[group]Setting up auth
opentofu-host-fixtures	UNKNOWN STEP	2026-09-13T20:19:16.9311845Z [command]/usr/bin/git config --local --name-only --get-regexp core\.sshCommand
opentofu-host-fixtures	UNKNOWN STEP	2026-09-13T20:19:16.9340741Z [command]/usr/bin/git submodule foreach --recursive sh -c "git config --local --name-only --get-regexp 'core\.sshCommand' && git config --local --unset-all 'core.sshCommand' || :"
opentofu-host-fixtures	UNKNOWN STEP	2026-09-13T20:19:16.9715580Z [command]/usr/bin/git config --local --name-only --get-regexp http\.https\:\/\/github\.com\/\.extraheader
opentofu-host-fixtures	UNKNOWN STEP	2026-09-13T20:19:16.9746403Z [command]/usr/bin/git submodule foreach --recursive sh -c "git config --local --name-only --get-regexp 'http\.https\:\/\/github\.com\/\.extraheader' && git config --local --unset-all 'http.https://github.com/.extraheader' || :"
opentofu-host-fixtures	UNKNOWN STEP	2026-09-13T20:19:16.9958809Z [command]/usr/bin/git config --local --name-only --get-regexp ^includeIf\.gitdir:
opentofu-host-fixtures	UNKNOWN STEP	2026-09-13T20:19:16.9988436Z [command]/usr/bin/git submodule foreach --recursive git config --local --show-origin --name-only --get-regexp remote.origin.url
opentofu-host-fixtures	UNKNOWN STEP	2026-09-13T20:19:17.0212798Z [command]/usr/bin/git config --local http.https://github.com/.extraheader AUTHORIZATION: basic ***
opentofu-host-fixtures	UNKNOWN STEP	2026-09-13T20:19:17.0248475Z ##[endgroup]
opentofu-host-fixtures	UNKNOWN STEP	2026-09-13T20:19:17.0249882Z ##[group]Fetching the repository
opentofu-host-fixtures	UNKNOWN STEP	2026-09-13T20:19:17.0258887Z [command]/usr/bin/git -c protocol.version=2 fetch --no-tags --prune --no-recurse-submodules --depth=1 origin +069df06570f7bc65ccb646935fd637dcc83bbd9c:refs/remotes/origin/main
opentofu-host-fixtures	UNKNOWN STEP	2026-09-13T20:19:18.7692062Z From https://github.com/szTheory/keepling
opentofu-host-fixtures	UNKNOWN STEP	2026-09-13T20:19:18.7716091Z  * [new ref]         069df06570f7bc65ccb646935fd637dcc83bbd9c -> origin/main
opentofu-host-fixtures	UNKNOWN STEP	2026-09-13T20:19:18.7719855Z ##[endgroup]
opentofu-host-fixtures	UNKNOWN STEP	2026-09-13T20:19:18.7721500Z ##[group]Determining the checkout info
opentofu-host-fixtures	UNKNOWN STEP	2026-09-13T20:19:18.7723449Z ##[endgroup]
opentofu-host-fixtures	UNKNOWN STEP	2026-09-13T20:19:18.7724882Z [command]/usr/bin/git sparse-checkout disable
opentofu-host-fixtures	UNKNOWN STEP	2026-09-13T20:19:18.7761166Z [command]/usr/bin/git config --local --unset-all extensions.worktreeConfig
opentofu-host-fixtures	UNKNOWN STEP	2026-09-13T20:19:18.7789473Z ##[group]Checking out the ref
opentofu-host-fixtures	UNKNOWN STEP	2026-09-13T20:19:18.7792066Z [command]/usr/bin/git checkout --progress --force -B main refs/remotes/origin/main
opentofu-host-fixtures	UNKNOWN STEP	2026-09-13T20:19:18.9161717Z Switched to a new branch 'main'
opentofu-host-fixtures	UNKNOWN STEP	2026-09-13T20:19:18.9166550Z branch 'main' set up to track 'origin/main'.
opentofu-host-fixtures	UNKNOWN STEP	2026-09-13T20:19:18.9180372Z ##[endgroup]
opentofu-host-fixtures	UNKNOWN STEP	2026-09-13T20:19:18.9223814Z [command]/usr/bin/git log -1 --format=%H
opentofu-host-fixtures	UNKNOWN STEP	2026-09-13T20:19:18.9246163Z 069df06570f7bc65ccb646935fd637dcc83bbd9c
opentofu-host-fixtures	UNKNOWN STEP	2026-09-13T20:19:18.9554159Z ##[group]Run set -o pipefail
opentofu-host-fixtures	UNKNOWN STEP	2026-09-13T20:19:18.9555864Z ^[[36;1mset -o pipefail^[[0m
opentofu-host-fixtures	UNKNOWN STEP	2026-09-13T20:19:18.9558293Z ^[[36;1m./tooling/test-phase-2.sh --lane opentofu-host-fixtures | tee "$RUNNER_TEMP/opentofu-host-fixtures.txt"^[[0m
opentofu-host-fixtures	UNKNOWN STEP	2026-09-13T20:19:18.9561521Z ^[[36;1m./tooling/verify-privacy.sh "$RUNNER_TEMP/opentofu-host-fixtures.txt"^[[0m
opentofu-host-fixtures	UNKNOWN STEP	2026-09-13T20:19:18.9603035Z shell: /usr/bin/bash -e {0}
opentofu-host-fixtures	UNKNOWN STEP	2026-09-13T20:19:18.9604463Z env:
opentofu-host-fixtures	UNKNOWN STEP	2026-09-13T20:19:18.9605470Z   KEEPLING_PHASE2_SEED: 20260901
opentofu-host-fixtures	UNKNOWN STEP	2026-09-13T20:19:18.9607302Z   KEEPLING_FLAKE_POLICY: no-retry; quarantine-requires-owner-issue-expiry
opentofu-host-fixtures	UNKNOWN STEP	2026-09-13T20:19:18.9609214Z ##[endgroup]
opentofu-host-fixtures	UNKNOWN STEP	2026-09-13T20:19:19.2673145Z lane=opentofu-host-fixtures status=RUNNING command=eight hermetic OpenTofu/bootstrap/archive/teardown/DNS-fence fixture commands cases=8 seed=20260901 inputs_sha256=a2129174948e0f8d1f97efeeec96426adc96721c9473c48a40a3fa382d83b7a8
opentofu-host-fixtures	UNKNOWN STEP	2026-09-13T20:19:22.2735958Z lane=opentofu-host-fixtures status=PASS command=eight hermetic OpenTofu/bootstrap/archive/teardown/DNS-fence fixture commands cases=8 seed=20260901 elapsed_ms=3009 inputs_sha256=a2129174948e0f8d1f97efeeec96426adc96721c9473c48a40a3fa382d83b7a8
opentofu-host-fixtures	UNKNOWN STEP	2026-09-13T20:19:22.2872503Z Privacy verification passed: artifacts=1 sentinels=7
opentofu-host-fixtures	UNKNOWN STEP	2026-09-13T20:19:22.2981683Z Node 20 is being deprecated. This workflow is running with Node 24 by default. If you need to temporarily use Node 20, you can set the ACTIONS_ALLOW_USE_UNSECURE_NODE_VERSION=true environment variable. For more information see: https://github.blog/changelog/2025-09-19-deprecation-of-node-20-on-github-actions-runners/
opentofu-host-fixtures	UNKNOWN STEP	2026-09-13T20:19:22.2983657Z ##[group]Run actions/upload-artifact@ea165f8d65b6e75b540449e92b4886f43607fa02
opentofu-host-fixtures	UNKNOWN STEP	2026-09-13T20:19:22.2984104Z with:
opentofu-host-fixtures	UNKNOWN STEP	2026-09-13T20:19:22.2984690Z   name: opentofu-host-fixtures-timing
opentofu-host-fixtures	UNKNOWN STEP	2026-09-13T20:19:22.2985119Z   path: /home/runner/work/_temp/opentofu-host-fixtures.txt
opentofu-host-fixtures	UNKNOWN STEP	2026-09-13T20:19:22.2985546Z   if-no-files-found: error
opentofu-host-fixtures	UNKNOWN STEP	2026-09-13T20:19:22.2985827Z   retention-days: 14
opentofu-host-fixtures	UNKNOWN STEP	2026-09-13T20:19:22.2986088Z   compression-level: 6
opentofu-host-fixtures	UNKNOWN STEP	2026-09-13T20:19:22.2986353Z   overwrite: false
opentofu-host-fixtures	UNKNOWN STEP	2026-09-13T20:19:22.2986619Z   include-hidden-files: false
opentofu-host-fixtures	UNKNOWN STEP	2026-09-13T20:19:22.2986898Z env:
opentofu-host-fixtures	UNKNOWN STEP	2026-09-13T20:19:22.2987138Z   KEEPLING_PHASE2_SEED: 20260901
opentofu-host-fixtures	UNKNOWN STEP	2026-09-13T20:19:22.2987607Z   KEEPLING_FLAKE_POLICY: no-retry; quarantine-requires-owner-issue-expiry
opentofu-host-fixtures	UNKNOWN STEP	2026-09-13T20:19:22.2988065Z ##[endgroup]
opentofu-host-fixtures	UNKNOWN STEP	2026-09-13T20:19:22.4600161Z (node:5407) [DEP0040] DeprecationWarning: The `punycode` module is deprecated. Please use a userland alternative instead.
opentofu-host-fixtures	UNKNOWN STEP	2026-09-13T20:19:22.4601526Z (Use `node --trace-deprecation ...` to show where the warning was created)
opentofu-host-fixtures	UNKNOWN STEP	2026-09-13T20:19:22.4644517Z With the provided path, there will be 1 file uploaded
opentofu-host-fixtures	UNKNOWN STEP	2026-09-13T20:19:22.4650014Z Artifact name is valid!
opentofu-host-fixtures	UNKNOWN STEP	2026-09-13T20:19:22.4650658Z Root directory input is valid!
opentofu-host-fixtures	UNKNOWN STEP	2026-09-13T20:19:22.8299304Z Beginning upload of artifact content to blob storage
opentofu-host-fixtures	UNKNOWN STEP	2026-09-13T20:19:22.8478648Z (node:5407) [DEP0169] DeprecationWarning: `url.parse()` behavior is not standardized and prone to errors that have security implications. Use the WHATWG URL API instead. CVEs are not issued for `url.parse()` vulnerabilities.
opentofu-host-fixtures	UNKNOWN STEP	2026-09-13T20:19:23.0635149Z Uploaded bytes 376
opentofu-host-fixtures	UNKNOWN STEP	2026-09-13T20:19:23.1398925Z Finished uploading artifact content to blob storage!
opentofu-host-fixtures	UNKNOWN STEP	2026-09-13T20:19:23.1399879Z SHA256 digest of uploaded artifact zip is 4bad2a6db2b1590e3bdaa318e8e657096ac80366b5632661d83c04ba74ac81f9
opentofu-host-fixtures	UNKNOWN STEP	2026-09-13T20:19:23.1402048Z Finalizing artifact upload
opentofu-host-fixtures	UNKNOWN STEP	2026-09-13T20:19:23.3807963Z Artifact opentofu-host-fixtures-timing.zip successfully finalized. Artifact ID 10324871932
opentofu-host-fixtures	UNKNOWN STEP	2026-09-13T20:19:23.3809634Z Artifact opentofu-host-fixtures-timing has been successfully uploaded! Final size is 376 bytes. Artifact ID is 10324871932
opentofu-host-fixtures	UNKNOWN STEP	2026-09-13T20:19:23.3816360Z Artifact download URL: https://github.com/szTheory/keepling/actions/runs/34780345148/artifacts/10324871932
opentofu-host-fixtures	UNKNOWN STEP	2026-09-13T20:19:23.4019361Z Node 20 is being deprecated. This workflow is running with Node 24 by default. If you need to temporarily use Node 20, you can set the ACTIONS_ALLOW_USE_UNSECURE_NODE_VERSION=true environment variable. For more information see: https://github.blog/changelog/2025-09-19-deprecation-of-node-20-on-github-actions-runners/
opentofu-host-fixtures	UNKNOWN STEP	2026-09-13T20:19:23.4020647Z Post job cleanup.
opentofu-host-fixtures	UNKNOWN STEP	2026-09-13T20:19:23.4821635Z [command]/usr/bin/git version
opentofu-host-fixtures	UNKNOWN STEP	2026-09-13T20:19:23.4856489Z git version 2.55.0
opentofu-host-fixtures	UNKNOWN STEP	2026-09-13T20:19:23.4892086Z Temporarily overriding HOME='/home/runner/work/_temp/92d1d2f3-acad-471a-86e1-ced0082bb061' before making global git config changes
opentofu-host-fixtures	UNKNOWN STEP	2026-09-13T20:19:23.4893495Z Adding repository directory to the temporary git global config as a safe directory
opentofu-host-fixtures	UNKNOWN STEP	2026-09-13T20:19:23.4898402Z [command]/usr/bin/git config --global --add safe.directory /home/runner/work/keepling/keepling
opentofu-host-fixtures	UNKNOWN STEP	2026-09-13T20:19:23.4932169Z [command]/usr/bin/git config --local --name-only --get-regexp core\.sshCommand
opentofu-host-fixtures	UNKNOWN STEP	2026-09-13T20:19:23.4965450Z [command]/usr/bin/git submodule foreach --recursive sh -c "git config --local --name-only --get-regexp 'core\.sshCommand' && git config --local --unset-all 'core.sshCommand' || :"
opentofu-host-fixtures	UNKNOWN STEP	2026-09-13T20:19:23.5185335Z [command]/usr/bin/git config --local --name-only --get-regexp http\.https\:\/\/github\.com\/\.extraheader
opentofu-host-fixtures	UNKNOWN STEP	2026-09-13T20:19:23.5210966Z http.https://github.com/.extraheader
opentofu-host-fixtures	UNKNOWN STEP	2026-09-13T20:19:23.5220959Z [command]/usr/bin/git config --local --unset-all http.https://github.com/.extraheader
opentofu-host-fixtures	UNKNOWN STEP	2026-09-13T20:19:23.5251175Z [command]/usr/bin/git submodule foreach --recursive sh -c "git config --local --name-only --get-regexp 'http\.https\:\/\/github\.com\/\.extraheader' && git config --local --unset-all 'http.https://github.com/.extraheader' || :"
opentofu-host-fixtures	UNKNOWN STEP	2026-09-13T20:19:23.5465610Z [command]/usr/bin/git config --local --name-only --get-regexp ^includeIf\.gitdir:
opentofu-host-fixtures	UNKNOWN STEP	2026-09-13T20:19:23.5493658Z [command]/usr/bin/git submodule foreach --recursive git config --local --show-origin --name-only --get-regexp remote.origin.url
opentofu-host-fixtures	UNKNOWN STEP	2026-09-13T20:19:23.5834140Z Cleaning up orphan processes
opentofu-host-fixtures	UNKNOWN STEP	2026-09-13T20:19:23.6125973Z ##[warning]Node.js 20 is deprecated. The following actions target Node.js 20 but are being forced to run on Node.js 24: actions/checkout@34e114876b0b11c390a56381ad16ebd13914f8d5, actions/upload-artifact@ea165f8d65b6e75b540449e92b4886f43607fa02. For more information see: https://github.blog/changelog/2025-09-19-deprecation-of-node-20-on-github-actions-runners/
