export-reader	Set up job	﻿2026-09-14T16:28:33.0515991Z Current runner version: '2.337.0'
export-reader	Set up job	2026-09-14T16:28:33.0543011Z ##[group]Runner Image Provisioner
export-reader	Set up job	2026-09-14T16:28:33.0543909Z Hosted Compute Agent
export-reader	Set up job	2026-09-14T16:28:33.0544580Z Version: 20260828.587
export-reader	Set up job	2026-09-14T16:28:33.0545225Z Commit: abac92662cab4cc7352de4f9f9d2e2419aad9c29
export-reader	Set up job	2026-09-14T16:28:33.0545991Z Build Date: 2026-08-28T16:44:25Z
export-reader	Set up job	2026-09-14T16:28:33.0546994Z Worker ID: {aa2b1f26-803e-421b-b1ab-066e3624a358}
export-reader	Set up job	2026-09-14T16:28:33.0547772Z Azure Region: eastus
export-reader	Set up job	2026-09-14T16:28:33.0548378Z ##[endgroup]
export-reader	Set up job	2026-09-14T16:28:33.0549872Z ##[group]Operating System
export-reader	Set up job	2026-09-14T16:28:33.0550570Z Ubuntu
export-reader	Set up job	2026-09-14T16:28:33.0551237Z 24.04.5
export-reader	Set up job	2026-09-14T16:28:33.0551763Z LTS
export-reader	Set up job	2026-09-14T16:28:33.0552311Z ##[endgroup]
export-reader	Set up job	2026-09-14T16:28:33.0552881Z ##[group]Runner Image
export-reader	Set up job	2026-09-14T16:28:33.0553498Z Image: ubuntu-24.04
export-reader	Set up job	2026-09-14T16:28:33.0554112Z Version: 20260907.300.1
export-reader	Set up job	2026-09-14T16:28:33.0555175Z Included Software: https://github.com/actions/runner-images/blob/ubuntu24/20260907.300/images/ubuntu/Ubuntu2404-Readme.md
export-reader	Set up job	2026-09-14T16:28:33.0558354Z Image Release: https://github.com/actions/runner-images/releases/tag/ubuntu24%2F20260907.300
export-reader	Set up job	2026-09-14T16:28:33.0559375Z ##[endgroup]
export-reader	Set up job	2026-09-14T16:28:33.0560568Z ##[group]GITHUB_TOKEN Permissions
export-reader	Set up job	2026-09-14T16:28:33.0562761Z Contents: read
export-reader	Set up job	2026-09-14T16:28:33.0563496Z Metadata: read
export-reader	Set up job	2026-09-14T16:28:33.0564117Z ##[endgroup]
export-reader	Set up job	2026-09-14T16:28:33.0566832Z Secret source: Actions
export-reader	Set up job	2026-09-14T16:28:33.0567848Z Cache mode: write
export-reader	Set up job	2026-09-14T16:28:33.0568893Z Prepare workflow directory
export-reader	Set up job	2026-09-14T16:28:33.0965715Z Prepare all required actions
export-reader	Set up job	2026-09-14T16:28:33.1014374Z Getting action download info
export-reader	Set up job	2026-09-14T16:28:33.2990421Z Download action repository 'actions/checkout@34e114876b0b11c390a56381ad16ebd13914f8d5' (SHA:34e114876b0b11c390a56381ad16ebd13914f8d5)
export-reader	Set up job	2026-09-14T16:28:33.4301227Z Download action repository 'actions/setup-node@49933ea5288caeca8642d1e84afbd3f7d6820020' (SHA:49933ea5288caeca8642d1e84afbd3f7d6820020)
export-reader	Set up job	2026-09-14T16:28:33.5193015Z Download action repository 'actions/upload-artifact@ea165f8d65b6e75b540449e92b4886f43607fa02' (SHA:ea165f8d65b6e75b540449e92b4886f43607fa02)
export-reader	Set up job	2026-09-14T16:28:33.7420714Z Complete job name: export-reader
export-reader	Run actions/checkout@34e114876b0b11c390a56381ad16ebd13914f8d5	﻿2026-09-14T16:28:33.8209125Z Node 20 is being deprecated. This workflow is running with Node 24 by default. If you need to temporarily use Node 20, you can set the ACTIONS_ALLOW_USE_UNSECURE_NODE_VERSION=true environment variable. For more information see: https://github.blog/changelog/2025-09-19-deprecation-of-node-20-on-github-actions-runners/
export-reader	Run actions/checkout@34e114876b0b11c390a56381ad16ebd13914f8d5	2026-09-14T16:28:33.8218540Z ##[group]Run actions/checkout@34e114876b0b11c390a56381ad16ebd13914f8d5
export-reader	Run actions/checkout@34e114876b0b11c390a56381ad16ebd13914f8d5	2026-09-14T16:28:33.8219497Z with:
export-reader	Run actions/checkout@34e114876b0b11c390a56381ad16ebd13914f8d5	2026-09-14T16:28:33.8219972Z   repository: szTheory/keepling
export-reader	Run actions/checkout@34e114876b0b11c390a56381ad16ebd13914f8d5	2026-09-14T16:28:33.8224142Z   token: ***
export-reader	Run actions/checkout@34e114876b0b11c390a56381ad16ebd13914f8d5	2026-09-14T16:28:33.8224595Z   ssh-strict: true
export-reader	Run actions/checkout@34e114876b0b11c390a56381ad16ebd13914f8d5	2026-09-14T16:28:33.8225049Z   ssh-user: git
export-reader	Run actions/checkout@34e114876b0b11c390a56381ad16ebd13914f8d5	2026-09-14T16:28:33.8225509Z   persist-credentials: true
export-reader	Run actions/checkout@34e114876b0b11c390a56381ad16ebd13914f8d5	2026-09-14T16:28:33.8226057Z   clean: true
export-reader	Run actions/checkout@34e114876b0b11c390a56381ad16ebd13914f8d5	2026-09-14T16:28:33.8226781Z   sparse-checkout-cone-mode: true
export-reader	Run actions/checkout@34e114876b0b11c390a56381ad16ebd13914f8d5	2026-09-14T16:28:33.8227365Z   fetch-depth: 1
export-reader	Run actions/checkout@34e114876b0b11c390a56381ad16ebd13914f8d5	2026-09-14T16:28:33.8227811Z   fetch-tags: false
export-reader	Run actions/checkout@34e114876b0b11c390a56381ad16ebd13914f8d5	2026-09-14T16:28:33.8228271Z   show-progress: true
export-reader	Run actions/checkout@34e114876b0b11c390a56381ad16ebd13914f8d5	2026-09-14T16:28:33.8228742Z   lfs: false
export-reader	Run actions/checkout@34e114876b0b11c390a56381ad16ebd13914f8d5	2026-09-14T16:28:33.8229209Z   submodules: false
export-reader	Run actions/checkout@34e114876b0b11c390a56381ad16ebd13914f8d5	2026-09-14T16:28:33.8229690Z   set-safe-directory: true
export-reader	Run actions/checkout@34e114876b0b11c390a56381ad16ebd13914f8d5	2026-09-14T16:28:33.8230454Z env:
export-reader	Run actions/checkout@34e114876b0b11c390a56381ad16ebd13914f8d5	2026-09-14T16:28:33.8230914Z   KEEPLING_PHASE2_SEED: 20260901
export-reader	Run actions/checkout@34e114876b0b11c390a56381ad16ebd13914f8d5	2026-09-14T16:28:33.8231712Z   KEEPLING_FLAKE_POLICY: no-retry; quarantine-requires-owner-issue-expiry
export-reader	Run actions/checkout@34e114876b0b11c390a56381ad16ebd13914f8d5	2026-09-14T16:28:33.8232470Z ##[endgroup]
export-reader	Run actions/checkout@34e114876b0b11c390a56381ad16ebd13914f8d5	2026-09-14T16:28:33.9270514Z Syncing repository: szTheory/keepling
export-reader	Run actions/checkout@34e114876b0b11c390a56381ad16ebd13914f8d5	2026-09-14T16:28:33.9272605Z ##[group]Getting Git version info
export-reader	Run actions/checkout@34e114876b0b11c390a56381ad16ebd13914f8d5	2026-09-14T16:28:33.9273360Z Working directory is '/home/runner/work/keepling/keepling'
export-reader	Run actions/checkout@34e114876b0b11c390a56381ad16ebd13914f8d5	2026-09-14T16:28:33.9274457Z [command]/usr/bin/git version
export-reader	Run actions/checkout@34e114876b0b11c390a56381ad16ebd13914f8d5	2026-09-14T16:28:33.9360497Z git version 2.55.0
export-reader	Run actions/checkout@34e114876b0b11c390a56381ad16ebd13914f8d5	2026-09-14T16:28:33.9384673Z ##[endgroup]
export-reader	Run actions/checkout@34e114876b0b11c390a56381ad16ebd13914f8d5	2026-09-14T16:28:33.9400717Z Temporarily overriding HOME='/home/runner/work/_temp/a830f064-e42d-43cd-82cd-95ad46f9094d' before making global git config changes
export-reader	Run actions/checkout@34e114876b0b11c390a56381ad16ebd13914f8d5	2026-09-14T16:28:33.9404072Z Adding repository directory to the temporary git global config as a safe directory
export-reader	Run actions/checkout@34e114876b0b11c390a56381ad16ebd13914f8d5	2026-09-14T16:28:33.9407414Z [command]/usr/bin/git config --global --add safe.directory /home/runner/work/keepling/keepling
export-reader	Run actions/checkout@34e114876b0b11c390a56381ad16ebd13914f8d5	2026-09-14T16:28:33.9465615Z Deleting the contents of '/home/runner/work/keepling/keepling'
export-reader	Run actions/checkout@34e114876b0b11c390a56381ad16ebd13914f8d5	2026-09-14T16:28:33.9470645Z ##[group]Initializing the repository
export-reader	Run actions/checkout@34e114876b0b11c390a56381ad16ebd13914f8d5	2026-09-14T16:28:33.9475594Z [command]/usr/bin/git init /home/runner/work/keepling/keepling
export-reader	Run actions/checkout@34e114876b0b11c390a56381ad16ebd13914f8d5	2026-09-14T16:28:33.9606928Z hint: Using 'master' as the name for the initial branch. This default branch name
export-reader	Run actions/checkout@34e114876b0b11c390a56381ad16ebd13914f8d5	2026-09-14T16:28:33.9609624Z hint: will change to "main" in Git 3.0. To configure the initial branch name
export-reader	Run actions/checkout@34e114876b0b11c390a56381ad16ebd13914f8d5	2026-09-14T16:28:33.9611804Z hint: to use in all of your new repositories, which will suppress this warning,
export-reader	Run actions/checkout@34e114876b0b11c390a56381ad16ebd13914f8d5	2026-09-14T16:28:33.9613717Z hint: call:
export-reader	Run actions/checkout@34e114876b0b11c390a56381ad16ebd13914f8d5	2026-09-14T16:28:33.9614649Z hint:
export-reader	Run actions/checkout@34e114876b0b11c390a56381ad16ebd13914f8d5	2026-09-14T16:28:33.9615728Z hint: 	git config --global init.defaultBranch <name>
export-reader	Run actions/checkout@34e114876b0b11c390a56381ad16ebd13914f8d5	2026-09-14T16:28:33.9617353Z hint:
export-reader	Run actions/checkout@34e114876b0b11c390a56381ad16ebd13914f8d5	2026-09-14T16:28:33.9618438Z hint: Names commonly chosen instead of 'master' are 'main', 'trunk' and
export-reader	Run actions/checkout@34e114876b0b11c390a56381ad16ebd13914f8d5	2026-09-14T16:28:33.9620038Z hint: 'development'. The just-created branch can be renamed via this command:
export-reader	Run actions/checkout@34e114876b0b11c390a56381ad16ebd13914f8d5	2026-09-14T16:28:33.9621307Z hint:
export-reader	Run actions/checkout@34e114876b0b11c390a56381ad16ebd13914f8d5	2026-09-14T16:28:33.9622042Z hint: 	git branch -m <name>
export-reader	Run actions/checkout@34e114876b0b11c390a56381ad16ebd13914f8d5	2026-09-14T16:28:33.9622931Z hint:
export-reader	Run actions/checkout@34e114876b0b11c390a56381ad16ebd13914f8d5	2026-09-14T16:28:33.9624099Z hint: Disable this message with "git config set advice.defaultBranchName false"
export-reader	Run actions/checkout@34e114876b0b11c390a56381ad16ebd13914f8d5	2026-09-14T16:28:33.9625982Z Initialized empty Git repository in /home/runner/work/keepling/keepling/.git/
export-reader	Run actions/checkout@34e114876b0b11c390a56381ad16ebd13914f8d5	2026-09-14T16:28:33.9629280Z [command]/usr/bin/git remote add origin https://github.com/szTheory/keepling
export-reader	Run actions/checkout@34e114876b0b11c390a56381ad16ebd13914f8d5	2026-09-14T16:28:33.9678884Z ##[endgroup]
export-reader	Run actions/checkout@34e114876b0b11c390a56381ad16ebd13914f8d5	2026-09-14T16:28:33.9680219Z ##[group]Disabling automatic garbage collection
export-reader	Run actions/checkout@34e114876b0b11c390a56381ad16ebd13914f8d5	2026-09-14T16:28:33.9683224Z [command]/usr/bin/git config --local gc.auto 0
export-reader	Run actions/checkout@34e114876b0b11c390a56381ad16ebd13914f8d5	2026-09-14T16:28:33.9717353Z ##[endgroup]
export-reader	Run actions/checkout@34e114876b0b11c390a56381ad16ebd13914f8d5	2026-09-14T16:28:33.9719190Z ##[group]Setting up auth
export-reader	Run actions/checkout@34e114876b0b11c390a56381ad16ebd13914f8d5	2026-09-14T16:28:33.9724654Z [command]/usr/bin/git config --local --name-only --get-regexp core\.sshCommand
export-reader	Run actions/checkout@34e114876b0b11c390a56381ad16ebd13914f8d5	2026-09-14T16:28:33.9756590Z [command]/usr/bin/git submodule foreach --recursive sh -c "git config --local --name-only --get-regexp 'core\.sshCommand' && git config --local --unset-all 'core.sshCommand' || :"
export-reader	Run actions/checkout@34e114876b0b11c390a56381ad16ebd13914f8d5	2026-09-14T16:28:34.0144235Z [command]/usr/bin/git config --local --name-only --get-regexp http\.https\:\/\/github\.com\/\.extraheader
export-reader	Run actions/checkout@34e114876b0b11c390a56381ad16ebd13914f8d5	2026-09-14T16:28:34.0193198Z [command]/usr/bin/git submodule foreach --recursive sh -c "git config --local --name-only --get-regexp 'http\.https\:\/\/github\.com\/\.extraheader' && git config --local --unset-all 'http.https://github.com/.extraheader' || :"
export-reader	Run actions/checkout@34e114876b0b11c390a56381ad16ebd13914f8d5	2026-09-14T16:28:34.0442842Z [command]/usr/bin/git config --local --name-only --get-regexp ^includeIf\.gitdir:
export-reader	Run actions/checkout@34e114876b0b11c390a56381ad16ebd13914f8d5	2026-09-14T16:28:34.0483766Z [command]/usr/bin/git submodule foreach --recursive git config --local --show-origin --name-only --get-regexp remote.origin.url
export-reader	Run actions/checkout@34e114876b0b11c390a56381ad16ebd13914f8d5	2026-09-14T16:28:34.0742280Z [command]/usr/bin/git config --local http.https://github.com/.extraheader AUTHORIZATION: basic ***
export-reader	Run actions/checkout@34e114876b0b11c390a56381ad16ebd13914f8d5	2026-09-14T16:28:34.0782650Z ##[endgroup]
export-reader	Run actions/checkout@34e114876b0b11c390a56381ad16ebd13914f8d5	2026-09-14T16:28:34.0784517Z ##[group]Fetching the repository
export-reader	Run actions/checkout@34e114876b0b11c390a56381ad16ebd13914f8d5	2026-09-14T16:28:34.0794310Z [command]/usr/bin/git -c protocol.version=2 fetch --no-tags --prune --no-recurse-submodules --depth=1 origin +4f5954104c839dbec57188607829fdc7b975e0cc:refs/remotes/origin/main
export-reader	Run actions/checkout@34e114876b0b11c390a56381ad16ebd13914f8d5	2026-09-14T16:28:35.3124365Z From https://github.com/szTheory/keepling
export-reader	Run actions/checkout@34e114876b0b11c390a56381ad16ebd13914f8d5	2026-09-14T16:28:35.3125641Z  * [new ref]         4f5954104c839dbec57188607829fdc7b975e0cc -> origin/main
export-reader	Run actions/checkout@34e114876b0b11c390a56381ad16ebd13914f8d5	2026-09-14T16:28:35.3129907Z ##[endgroup]
export-reader	Run actions/checkout@34e114876b0b11c390a56381ad16ebd13914f8d5	2026-09-14T16:28:35.3131548Z ##[group]Determining the checkout info
export-reader	Run actions/checkout@34e114876b0b11c390a56381ad16ebd13914f8d5	2026-09-14T16:28:35.3133016Z ##[endgroup]
export-reader	Run actions/checkout@34e114876b0b11c390a56381ad16ebd13914f8d5	2026-09-14T16:28:35.3137400Z [command]/usr/bin/git sparse-checkout disable
export-reader	Run actions/checkout@34e114876b0b11c390a56381ad16ebd13914f8d5	2026-09-14T16:28:35.3189311Z [command]/usr/bin/git config --local --unset-all extensions.worktreeConfig
export-reader	Run actions/checkout@34e114876b0b11c390a56381ad16ebd13914f8d5	2026-09-14T16:28:35.3220287Z ##[group]Checking out the ref
export-reader	Run actions/checkout@34e114876b0b11c390a56381ad16ebd13914f8d5	2026-09-14T16:28:35.3225120Z [command]/usr/bin/git checkout --progress --force -B main refs/remotes/origin/main
export-reader	Run actions/checkout@34e114876b0b11c390a56381ad16ebd13914f8d5	2026-09-14T16:28:35.4686025Z Switched to a new branch 'main'
export-reader	Run actions/checkout@34e114876b0b11c390a56381ad16ebd13914f8d5	2026-09-14T16:28:35.4689455Z branch 'main' set up to track 'origin/main'.
export-reader	Run actions/checkout@34e114876b0b11c390a56381ad16ebd13914f8d5	2026-09-14T16:28:35.4703086Z ##[endgroup]
export-reader	Run actions/checkout@34e114876b0b11c390a56381ad16ebd13914f8d5	2026-09-14T16:28:35.4748295Z [command]/usr/bin/git log -1 --format=%H
export-reader	Run actions/checkout@34e114876b0b11c390a56381ad16ebd13914f8d5	2026-09-14T16:28:35.4771913Z 4f5954104c839dbec57188607829fdc7b975e0cc
export-reader	Run actions/setup-node@49933ea5288caeca8642d1e84afbd3f7d6820020	﻿2026-09-14T16:28:35.5150750Z Node 20 is being deprecated. This workflow is running with Node 24 by default. If you need to temporarily use Node 20, you can set the ACTIONS_ALLOW_USE_UNSECURE_NODE_VERSION=true environment variable. For more information see: https://github.blog/changelog/2025-09-19-deprecation-of-node-20-on-github-actions-runners/
export-reader	Run actions/setup-node@49933ea5288caeca8642d1e84afbd3f7d6820020	2026-09-14T16:28:35.5157363Z ##[group]Run actions/setup-node@49933ea5288caeca8642d1e84afbd3f7d6820020
export-reader	Run actions/setup-node@49933ea5288caeca8642d1e84afbd3f7d6820020	2026-09-14T16:28:35.5159131Z with:
export-reader	Run actions/setup-node@49933ea5288caeca8642d1e84afbd3f7d6820020	2026-09-14T16:28:35.5160087Z   node-version: 24.7.0
export-reader	Run actions/setup-node@49933ea5288caeca8642d1e84afbd3f7d6820020	2026-09-14T16:28:35.5161169Z   always-auth: false
export-reader	Run actions/setup-node@49933ea5288caeca8642d1e84afbd3f7d6820020	2026-09-14T16:28:35.5162228Z   check-latest: false
export-reader	Run actions/setup-node@49933ea5288caeca8642d1e84afbd3f7d6820020	2026-09-14T16:28:35.5173254Z   token: ***
export-reader	Run actions/setup-node@49933ea5288caeca8642d1e84afbd3f7d6820020	2026-09-14T16:28:35.5174224Z env:
export-reader	Run actions/setup-node@49933ea5288caeca8642d1e84afbd3f7d6820020	2026-09-14T16:28:35.5175155Z   KEEPLING_PHASE2_SEED: 20260901
export-reader	Run actions/setup-node@49933ea5288caeca8642d1e84afbd3f7d6820020	2026-09-14T16:28:35.5176993Z   KEEPLING_FLAKE_POLICY: no-retry; quarantine-requires-owner-issue-expiry
export-reader	Run actions/setup-node@49933ea5288caeca8642d1e84afbd3f7d6820020	2026-09-14T16:28:35.5178773Z ##[endgroup]
export-reader	Run actions/setup-node@49933ea5288caeca8642d1e84afbd3f7d6820020	2026-09-14T16:28:35.6631918Z Attempting to download 24.7.0...
export-reader	Run actions/setup-node@49933ea5288caeca8642d1e84afbd3f7d6820020	2026-09-14T16:28:35.6770345Z (node:2257) [DEP0040] DeprecationWarning: The `punycode` module is deprecated. Please use a userland alternative instead.
export-reader	Run actions/setup-node@49933ea5288caeca8642d1e84afbd3f7d6820020	2026-09-14T16:28:35.6773956Z (Use `node --trace-deprecation ...` to show where the warning was created)
export-reader	Run actions/setup-node@49933ea5288caeca8642d1e84afbd3f7d6820020	2026-09-14T16:28:36.1823775Z Acquiring 24.7.0 - x64 from https://github.com/actions/node-versions/releases/download/24.7.0-17283839804/node-24.7.0-linux-x64.tar.gz
export-reader	Run actions/setup-node@49933ea5288caeca8642d1e84afbd3f7d6820020	2026-09-14T16:28:36.6902700Z Extracting ...
export-reader	Run actions/setup-node@49933ea5288caeca8642d1e84afbd3f7d6820020	2026-09-14T16:28:36.7018924Z [command]/usr/bin/tar xz --strip 1 --warning=no-unknown-keyword --overwrite -C /home/runner/work/_temp/22a23c07-c06d-4a37-b49a-1fcca80d924e -f /home/runner/work/_temp/7b79ed37-52d0-40de-b7ed-e0e46d4e6b09
export-reader	Run actions/setup-node@49933ea5288caeca8642d1e84afbd3f7d6820020	2026-09-14T16:28:38.0097980Z Adding to the cache ...
export-reader	Run actions/setup-node@49933ea5288caeca8642d1e84afbd3f7d6820020	2026-09-14T16:28:40.2244527Z ##[group]Environment details
export-reader	Run actions/setup-node@49933ea5288caeca8642d1e84afbd3f7d6820020	2026-09-14T16:28:40.4633507Z node: v24.7.0
export-reader	Run actions/setup-node@49933ea5288caeca8642d1e84afbd3f7d6820020	2026-09-14T16:28:40.4634397Z npm: 11.5.1
export-reader	Run actions/setup-node@49933ea5288caeca8642d1e84afbd3f7d6820020	2026-09-14T16:28:40.4635125Z yarn: 1.22.22
export-reader	Run actions/setup-node@49933ea5288caeca8642d1e84afbd3f7d6820020	2026-09-14T16:28:40.4636112Z ##[endgroup]
export-reader	Validate the golden export bundle by an independent route	﻿2026-09-14T16:28:40.4814968Z ##[group]Run set -o pipefail
export-reader	Validate the golden export bundle by an independent route	2026-09-14T16:28:40.4815377Z ^[[36;1mset -o pipefail^[[0m
export-reader	Validate the golden export bundle by an independent route	2026-09-14T16:28:40.4815863Z ^[[36;1mnode tooling/verify-export-reader.mjs --golden | tee "$RUNNER_TEMP/export-reader.txt"^[[0m
export-reader	Validate the golden export bundle by an independent route	2026-09-14T16:28:40.4816891Z ^[[36;1m./tooling/verify-privacy.sh "$RUNNER_TEMP/export-reader.txt"^[[0m
export-reader	Validate the golden export bundle by an independent route	2026-09-14T16:28:40.4857923Z shell: /usr/bin/bash -e {0}
export-reader	Validate the golden export bundle by an independent route	2026-09-14T16:28:40.4858228Z env:
export-reader	Validate the golden export bundle by an independent route	2026-09-14T16:28:40.4858483Z   KEEPLING_PHASE2_SEED: 20260901
export-reader	Validate the golden export bundle by an independent route	2026-09-14T16:28:40.4858902Z   KEEPLING_FLAKE_POLICY: no-retry; quarantine-requires-owner-issue-expiry
export-reader	Validate the golden export bundle by an independent route	2026-09-14T16:28:40.4859357Z ##[endgroup]
export-reader	Validate the golden export bundle by an independent route	2026-09-14T16:28:40.5281227Z verify-export-reader --golden PASSED cases=16 trackedInputSha256=6163530e92505f314ec045c331b55f62889aa1cca7f6b69851bffd8e8b9aacf9
export-reader	Validate the golden export bundle by an independent route	2026-09-14T16:28:40.5440386Z Privacy verification passed: artifacts=1 sentinels=7
export-reader	Run actions/upload-artifact@ea165f8d65b6e75b540449e92b4886f43607fa02	﻿2026-09-14T16:28:40.5545041Z Node 20 is being deprecated. This workflow is running with Node 24 by default. If you need to temporarily use Node 20, you can set the ACTIONS_ALLOW_USE_UNSECURE_NODE_VERSION=true environment variable. For more information see: https://github.blog/changelog/2025-09-19-deprecation-of-node-20-on-github-actions-runners/
export-reader	Run actions/upload-artifact@ea165f8d65b6e75b540449e92b4886f43607fa02	2026-09-14T16:28:40.5546855Z ##[group]Run actions/upload-artifact@ea165f8d65b6e75b540449e92b4886f43607fa02
export-reader	Run actions/upload-artifact@ea165f8d65b6e75b540449e92b4886f43607fa02	2026-09-14T16:28:40.5547300Z with:
export-reader	Run actions/upload-artifact@ea165f8d65b6e75b540449e92b4886f43607fa02	2026-09-14T16:28:40.5547524Z   name: export-reader-timing
export-reader	Run actions/upload-artifact@ea165f8d65b6e75b540449e92b4886f43607fa02	2026-09-14T16:28:40.5547830Z   path: /home/runner/work/_temp/export-reader.txt
export-reader	Run actions/upload-artifact@ea165f8d65b6e75b540449e92b4886f43607fa02	2026-09-14T16:28:40.5548158Z   if-no-files-found: error
export-reader	Run actions/upload-artifact@ea165f8d65b6e75b540449e92b4886f43607fa02	2026-09-14T16:28:40.5548405Z   retention-days: 14
export-reader	Run actions/upload-artifact@ea165f8d65b6e75b540449e92b4886f43607fa02	2026-09-14T16:28:40.5548638Z   compression-level: 6
export-reader	Run actions/upload-artifact@ea165f8d65b6e75b540449e92b4886f43607fa02	2026-09-14T16:28:40.5548870Z   overwrite: false
export-reader	Run actions/upload-artifact@ea165f8d65b6e75b540449e92b4886f43607fa02	2026-09-14T16:28:40.5549102Z   include-hidden-files: false
export-reader	Run actions/upload-artifact@ea165f8d65b6e75b540449e92b4886f43607fa02	2026-09-14T16:28:40.5549354Z env:
export-reader	Run actions/upload-artifact@ea165f8d65b6e75b540449e92b4886f43607fa02	2026-09-14T16:28:40.5549591Z   KEEPLING_PHASE2_SEED: 20260901
export-reader	Run actions/upload-artifact@ea165f8d65b6e75b540449e92b4886f43607fa02	2026-09-14T16:28:40.5550272Z   KEEPLING_FLAKE_POLICY: no-retry; quarantine-requires-owner-issue-expiry
export-reader	Run actions/upload-artifact@ea165f8d65b6e75b540449e92b4886f43607fa02	2026-09-14T16:28:40.5550713Z ##[endgroup]
export-reader	Run actions/upload-artifact@ea165f8d65b6e75b540449e92b4886f43607fa02	2026-09-14T16:28:40.7281422Z (node:2312) [DEP0040] DeprecationWarning: The `punycode` module is deprecated. Please use a userland alternative instead.
export-reader	Run actions/upload-artifact@ea165f8d65b6e75b540449e92b4886f43607fa02	2026-09-14T16:28:40.7283141Z (Use `node --trace-deprecation ...` to show where the warning was created)
export-reader	Run actions/upload-artifact@ea165f8d65b6e75b540449e92b4886f43607fa02	2026-09-14T16:28:40.7337931Z With the provided path, there will be 1 file uploaded
export-reader	Run actions/upload-artifact@ea165f8d65b6e75b540449e92b4886f43607fa02	2026-09-14T16:28:40.7344300Z Artifact name is valid!
export-reader	Run actions/upload-artifact@ea165f8d65b6e75b540449e92b4886f43607fa02	2026-09-14T16:28:40.7345315Z Root directory input is valid!
export-reader	Run actions/upload-artifact@ea165f8d65b6e75b540449e92b4886f43607fa02	2026-09-14T16:28:40.9144383Z Beginning upload of artifact content to blob storage
export-reader	Run actions/upload-artifact@ea165f8d65b6e75b540449e92b4886f43607fa02	2026-09-14T16:28:40.9342645Z (node:2312) [DEP0169] DeprecationWarning: `url.parse()` behavior is not standardized and prone to errors that have security implications. Use the WHATWG URL API instead. CVEs are not issued for `url.parse()` vulnerabilities.
export-reader	Run actions/upload-artifact@ea165f8d65b6e75b540449e92b4886f43607fa02	2026-09-14T16:28:40.9757672Z Uploaded bytes 267
export-reader	Run actions/upload-artifact@ea165f8d65b6e75b540449e92b4886f43607fa02	2026-09-14T16:28:40.9933288Z Finished uploading artifact content to blob storage!
export-reader	Run actions/upload-artifact@ea165f8d65b6e75b540449e92b4886f43607fa02	2026-09-14T16:28:40.9935339Z SHA256 digest of uploaded artifact zip is dd752e097418ecb5f8d6b6337ed84d363cdd14513b0b4b6e08ab12e5aa2e5ed7
export-reader	Run actions/upload-artifact@ea165f8d65b6e75b540449e92b4886f43607fa02	2026-09-14T16:28:40.9936951Z Finalizing artifact upload
export-reader	Run actions/upload-artifact@ea165f8d65b6e75b540449e92b4886f43607fa02	2026-09-14T16:28:41.2220777Z Artifact export-reader-timing.zip successfully finalized. Artifact ID 10357324118
export-reader	Run actions/upload-artifact@ea165f8d65b6e75b540449e92b4886f43607fa02	2026-09-14T16:28:41.2223247Z Artifact export-reader-timing has been successfully uploaded! Final size is 267 bytes. Artifact ID is 10357324118
export-reader	Run actions/upload-artifact@ea165f8d65b6e75b540449e92b4886f43607fa02	2026-09-14T16:28:41.2229244Z Artifact download URL: https://github.com/szTheory/keepling/actions/runs/34868832053/artifacts/10357324118
export-reader	Post Run actions/setup-node@49933ea5288caeca8642d1e84afbd3f7d6820020	﻿2026-09-14T16:28:41.2397040Z Node 20 is being deprecated. This workflow is running with Node 24 by default. If you need to temporarily use Node 20, you can set the ACTIONS_ALLOW_USE_UNSECURE_NODE_VERSION=true environment variable. For more information see: https://github.blog/changelog/2025-09-19-deprecation-of-node-20-on-github-actions-runners/
export-reader	Post Run actions/setup-node@49933ea5288caeca8642d1e84afbd3f7d6820020	2026-09-14T16:28:41.2398335Z Post job cleanup.
export-reader	Post Run actions/setup-node@49933ea5288caeca8642d1e84afbd3f7d6820020	2026-09-14T16:28:41.3669533Z (node:2326) [DEP0040] DeprecationWarning: The `punycode` module is deprecated. Please use a userland alternative instead.
export-reader	Post Run actions/setup-node@49933ea5288caeca8642d1e84afbd3f7d6820020	2026-09-14T16:28:41.3671404Z (Use `node --trace-deprecation ...` to show where the warning was created)
export-reader	Post Run actions/checkout@34e114876b0b11c390a56381ad16ebd13914f8d5	﻿2026-09-14T16:28:41.3822114Z Node 20 is being deprecated. This workflow is running with Node 24 by default. If you need to temporarily use Node 20, you can set the ACTIONS_ALLOW_USE_UNSECURE_NODE_VERSION=true environment variable. For more information see: https://github.blog/changelog/2025-09-19-deprecation-of-node-20-on-github-actions-runners/
export-reader	Post Run actions/checkout@34e114876b0b11c390a56381ad16ebd13914f8d5	2026-09-14T16:28:41.3823413Z Post job cleanup.
export-reader	Post Run actions/checkout@34e114876b0b11c390a56381ad16ebd13914f8d5	2026-09-14T16:28:41.4675562Z [command]/usr/bin/git version
export-reader	Post Run actions/checkout@34e114876b0b11c390a56381ad16ebd13914f8d5	2026-09-14T16:28:41.4713404Z git version 2.55.0
export-reader	Post Run actions/checkout@34e114876b0b11c390a56381ad16ebd13914f8d5	2026-09-14T16:28:41.4751675Z Temporarily overriding HOME='/home/runner/work/_temp/5000dba4-d882-42c5-855a-6ecccbbd02e9' before making global git config changes
export-reader	Post Run actions/checkout@34e114876b0b11c390a56381ad16ebd13914f8d5	2026-09-14T16:28:41.4753002Z Adding repository directory to the temporary git global config as a safe directory
export-reader	Post Run actions/checkout@34e114876b0b11c390a56381ad16ebd13914f8d5	2026-09-14T16:28:41.4756829Z [command]/usr/bin/git config --global --add safe.directory /home/runner/work/keepling/keepling
export-reader	Post Run actions/checkout@34e114876b0b11c390a56381ad16ebd13914f8d5	2026-09-14T16:28:41.4794462Z [command]/usr/bin/git config --local --name-only --get-regexp core\.sshCommand
export-reader	Post Run actions/checkout@34e114876b0b11c390a56381ad16ebd13914f8d5	2026-09-14T16:28:41.4827604Z [command]/usr/bin/git submodule foreach --recursive sh -c "git config --local --name-only --get-regexp 'core\.sshCommand' && git config --local --unset-all 'core.sshCommand' || :"
export-reader	Post Run actions/checkout@34e114876b0b11c390a56381ad16ebd13914f8d5	2026-09-14T16:28:41.5055136Z [command]/usr/bin/git config --local --name-only --get-regexp http\.https\:\/\/github\.com\/\.extraheader
export-reader	Post Run actions/checkout@34e114876b0b11c390a56381ad16ebd13914f8d5	2026-09-14T16:28:41.5083118Z http.https://github.com/.extraheader
export-reader	Post Run actions/checkout@34e114876b0b11c390a56381ad16ebd13914f8d5	2026-09-14T16:28:41.5093790Z [command]/usr/bin/git config --local --unset-all http.https://github.com/.extraheader
export-reader	Post Run actions/checkout@34e114876b0b11c390a56381ad16ebd13914f8d5	2026-09-14T16:28:41.5124899Z [command]/usr/bin/git submodule foreach --recursive sh -c "git config --local --name-only --get-regexp 'http\.https\:\/\/github\.com\/\.extraheader' && git config --local --unset-all 'http.https://github.com/.extraheader' || :"
export-reader	Post Run actions/checkout@34e114876b0b11c390a56381ad16ebd13914f8d5	2026-09-14T16:28:41.5358494Z [command]/usr/bin/git config --local --name-only --get-regexp ^includeIf\.gitdir:
export-reader	Post Run actions/checkout@34e114876b0b11c390a56381ad16ebd13914f8d5	2026-09-14T16:28:41.5392540Z [command]/usr/bin/git submodule foreach --recursive git config --local --show-origin --name-only --get-regexp remote.origin.url
export-reader	Complete job	﻿2026-09-14T16:28:41.5763547Z Cleaning up orphan processes
export-reader	Complete job	2026-09-14T16:28:41.6078610Z ##[warning]Node.js 20 is deprecated. The following actions target Node.js 20 but are being forced to run on Node.js 24: actions/checkout@34e114876b0b11c390a56381ad16ebd13914f8d5, actions/setup-node@49933ea5288caeca8642d1e84afbd3f7d6820020, actions/upload-artifact@ea165f8d65b6e75b540449e92b4886f43607fa02. For more information see: https://github.blog/changelog/2025-09-19-deprecation-of-node-20-on-github-actions-runners/
