repository-integrity	Set up job	﻿2026-09-14T16:28:33.4091447Z Current runner version: '2.337.0'
repository-integrity	Set up job	2026-09-14T16:28:33.4119275Z ##[group]Runner Image Provisioner
repository-integrity	Set up job	2026-09-14T16:28:33.4120656Z Hosted Compute Agent
repository-integrity	Set up job	2026-09-14T16:28:33.4121265Z Version: 20260828.587
repository-integrity	Set up job	2026-09-14T16:28:33.4122017Z Commit: abac92662cab4cc7352de4f9f9d2e2419aad9c29
repository-integrity	Set up job	2026-09-14T16:28:33.4122753Z Build Date: 2026-08-28T16:44:25Z
repository-integrity	Set up job	2026-09-14T16:28:33.4123430Z Worker ID: {13e0bef2-6c35-4f06-95fa-d42ab9c09b38}
repository-integrity	Set up job	2026-09-14T16:28:33.4124237Z Azure Region: eastus
repository-integrity	Set up job	2026-09-14T16:28:33.4124812Z ##[endgroup]
repository-integrity	Set up job	2026-09-14T16:28:33.4126488Z ##[group]Operating System
repository-integrity	Set up job	2026-09-14T16:28:33.4127161Z Ubuntu
repository-integrity	Set up job	2026-09-14T16:28:33.4127676Z 24.04.5
repository-integrity	Set up job	2026-09-14T16:28:33.4128255Z LTS
repository-integrity	Set up job	2026-09-14T16:28:33.4128773Z ##[endgroup]
repository-integrity	Set up job	2026-09-14T16:28:33.4129593Z ##[group]Runner Image
repository-integrity	Set up job	2026-09-14T16:28:33.4130317Z Image: ubuntu-24.04
repository-integrity	Set up job	2026-09-14T16:28:33.4130886Z Version: 20260907.300.1
repository-integrity	Set up job	2026-09-14T16:28:33.4132010Z Included Software: https://github.com/actions/runner-images/blob/ubuntu24/20260907.300/images/ubuntu/Ubuntu2404-Readme.md
repository-integrity	Set up job	2026-09-14T16:28:33.4134429Z Image Release: https://github.com/actions/runner-images/releases/tag/ubuntu24%2F20260907.300
repository-integrity	Set up job	2026-09-14T16:28:33.4135507Z ##[endgroup]
repository-integrity	Set up job	2026-09-14T16:28:33.4136679Z ##[group]GITHUB_TOKEN Permissions
repository-integrity	Set up job	2026-09-14T16:28:33.4138900Z Contents: read
repository-integrity	Set up job	2026-09-14T16:28:33.4139949Z Metadata: read
repository-integrity	Set up job	2026-09-14T16:28:33.4140656Z ##[endgroup]
repository-integrity	Set up job	2026-09-14T16:28:33.4142833Z Secret source: Actions
repository-integrity	Set up job	2026-09-14T16:28:33.4143873Z Cache mode: write
repository-integrity	Set up job	2026-09-14T16:28:33.4144893Z Prepare workflow directory
repository-integrity	Set up job	2026-09-14T16:28:33.4549136Z Prepare all required actions
repository-integrity	Set up job	2026-09-14T16:28:33.4600230Z Getting action download info
repository-integrity	Set up job	2026-09-14T16:28:33.6866618Z Download action repository 'actions/checkout@34e114876b0b11c390a56381ad16ebd13914f8d5' (SHA:34e114876b0b11c390a56381ad16ebd13914f8d5)
repository-integrity	Set up job	2026-09-14T16:28:33.8173170Z Download action repository 'actions/upload-artifact@ea165f8d65b6e75b540449e92b4886f43607fa02' (SHA:ea165f8d65b6e75b540449e92b4886f43607fa02)
repository-integrity	Set up job	2026-09-14T16:28:34.0663760Z Complete job name: repository-integrity
repository-integrity	Run actions/checkout@34e114876b0b11c390a56381ad16ebd13914f8d5	﻿2026-09-14T16:28:34.1403368Z Node 20 is being deprecated. This workflow is running with Node 24 by default. If you need to temporarily use Node 20, you can set the ACTIONS_ALLOW_USE_UNSECURE_NODE_VERSION=true environment variable. For more information see: https://github.blog/changelog/2025-09-19-deprecation-of-node-20-on-github-actions-runners/
repository-integrity	Run actions/checkout@34e114876b0b11c390a56381ad16ebd13914f8d5	2026-09-14T16:28:34.1411996Z ##[group]Run actions/checkout@34e114876b0b11c390a56381ad16ebd13914f8d5
repository-integrity	Run actions/checkout@34e114876b0b11c390a56381ad16ebd13914f8d5	2026-09-14T16:28:34.1413022Z with:
repository-integrity	Run actions/checkout@34e114876b0b11c390a56381ad16ebd13914f8d5	2026-09-14T16:28:34.1413483Z   repository: szTheory/keepling
repository-integrity	Run actions/checkout@34e114876b0b11c390a56381ad16ebd13914f8d5	2026-09-14T16:28:34.1417092Z   token: ***
repository-integrity	Run actions/checkout@34e114876b0b11c390a56381ad16ebd13914f8d5	2026-09-14T16:28:34.1417533Z   ssh-strict: true
repository-integrity	Run actions/checkout@34e114876b0b11c390a56381ad16ebd13914f8d5	2026-09-14T16:28:34.1418075Z   ssh-user: git
repository-integrity	Run actions/checkout@34e114876b0b11c390a56381ad16ebd13914f8d5	2026-09-14T16:28:34.1418534Z   persist-credentials: true
repository-integrity	Run actions/checkout@34e114876b0b11c390a56381ad16ebd13914f8d5	2026-09-14T16:28:34.1419026Z   clean: true
repository-integrity	Run actions/checkout@34e114876b0b11c390a56381ad16ebd13914f8d5	2026-09-14T16:28:34.1419716Z   sparse-checkout-cone-mode: true
repository-integrity	Run actions/checkout@34e114876b0b11c390a56381ad16ebd13914f8d5	2026-09-14T16:28:34.1420248Z   fetch-depth: 1
repository-integrity	Run actions/checkout@34e114876b0b11c390a56381ad16ebd13914f8d5	2026-09-14T16:28:34.1420684Z   fetch-tags: false
repository-integrity	Run actions/checkout@34e114876b0b11c390a56381ad16ebd13914f8d5	2026-09-14T16:28:34.1421139Z   show-progress: true
repository-integrity	Run actions/checkout@34e114876b0b11c390a56381ad16ebd13914f8d5	2026-09-14T16:28:34.1421604Z   lfs: false
repository-integrity	Run actions/checkout@34e114876b0b11c390a56381ad16ebd13914f8d5	2026-09-14T16:28:34.1422085Z   submodules: false
repository-integrity	Run actions/checkout@34e114876b0b11c390a56381ad16ebd13914f8d5	2026-09-14T16:28:34.1422549Z   set-safe-directory: true
repository-integrity	Run actions/checkout@34e114876b0b11c390a56381ad16ebd13914f8d5	2026-09-14T16:28:34.1423595Z env:
repository-integrity	Run actions/checkout@34e114876b0b11c390a56381ad16ebd13914f8d5	2026-09-14T16:28:34.1424066Z   KEEPLING_PHASE2_SEED: 20260901
repository-integrity	Run actions/checkout@34e114876b0b11c390a56381ad16ebd13914f8d5	2026-09-14T16:28:34.1424802Z   KEEPLING_FLAKE_POLICY: no-retry; quarantine-requires-owner-issue-expiry
repository-integrity	Run actions/checkout@34e114876b0b11c390a56381ad16ebd13914f8d5	2026-09-14T16:28:34.1425568Z ##[endgroup]
repository-integrity	Run actions/checkout@34e114876b0b11c390a56381ad16ebd13914f8d5	2026-09-14T16:28:34.2445248Z Syncing repository: szTheory/keepling
repository-integrity	Run actions/checkout@34e114876b0b11c390a56381ad16ebd13914f8d5	2026-09-14T16:28:34.2447084Z ##[group]Getting Git version info
repository-integrity	Run actions/checkout@34e114876b0b11c390a56381ad16ebd13914f8d5	2026-09-14T16:28:34.2447872Z Working directory is '/home/runner/work/keepling/keepling'
repository-integrity	Run actions/checkout@34e114876b0b11c390a56381ad16ebd13914f8d5	2026-09-14T16:28:34.2448932Z [command]/usr/bin/git version
repository-integrity	Run actions/checkout@34e114876b0b11c390a56381ad16ebd13914f8d5	2026-09-14T16:28:34.2511959Z git version 2.55.0
repository-integrity	Run actions/checkout@34e114876b0b11c390a56381ad16ebd13914f8d5	2026-09-14T16:28:34.2532774Z ##[endgroup]
repository-integrity	Run actions/checkout@34e114876b0b11c390a56381ad16ebd13914f8d5	2026-09-14T16:28:34.2549133Z Temporarily overriding HOME='/home/runner/work/_temp/c5c740d2-ca44-4d19-8eda-671a7d89d34e' before making global git config changes
repository-integrity	Run actions/checkout@34e114876b0b11c390a56381ad16ebd13914f8d5	2026-09-14T16:28:34.2551850Z Adding repository directory to the temporary git global config as a safe directory
repository-integrity	Run actions/checkout@34e114876b0b11c390a56381ad16ebd13914f8d5	2026-09-14T16:28:34.2555282Z [command]/usr/bin/git config --global --add safe.directory /home/runner/work/keepling/keepling
repository-integrity	Run actions/checkout@34e114876b0b11c390a56381ad16ebd13914f8d5	2026-09-14T16:28:34.2604941Z Deleting the contents of '/home/runner/work/keepling/keepling'
repository-integrity	Run actions/checkout@34e114876b0b11c390a56381ad16ebd13914f8d5	2026-09-14T16:28:34.2609286Z ##[group]Initializing the repository
repository-integrity	Run actions/checkout@34e114876b0b11c390a56381ad16ebd13914f8d5	2026-09-14T16:28:34.2613638Z [command]/usr/bin/git init /home/runner/work/keepling/keepling
repository-integrity	Run actions/checkout@34e114876b0b11c390a56381ad16ebd13914f8d5	2026-09-14T16:28:34.2715942Z hint: Using 'master' as the name for the initial branch. This default branch name
repository-integrity	Run actions/checkout@34e114876b0b11c390a56381ad16ebd13914f8d5	2026-09-14T16:28:34.2717831Z hint: will change to "main" in Git 3.0. To configure the initial branch name
repository-integrity	Run actions/checkout@34e114876b0b11c390a56381ad16ebd13914f8d5	2026-09-14T16:28:34.2720105Z hint: to use in all of your new repositories, which will suppress this warning,
repository-integrity	Run actions/checkout@34e114876b0b11c390a56381ad16ebd13914f8d5	2026-09-14T16:28:34.2721714Z hint: call:
repository-integrity	Run actions/checkout@34e114876b0b11c390a56381ad16ebd13914f8d5	2026-09-14T16:28:34.2722860Z hint:
repository-integrity	Run actions/checkout@34e114876b0b11c390a56381ad16ebd13914f8d5	2026-09-14T16:28:34.2724288Z hint: 	git config --global init.defaultBranch <name>
repository-integrity	Run actions/checkout@34e114876b0b11c390a56381ad16ebd13914f8d5	2026-09-14T16:28:34.2725609Z hint:
repository-integrity	Run actions/checkout@34e114876b0b11c390a56381ad16ebd13914f8d5	2026-09-14T16:28:34.2726329Z hint: Names commonly chosen instead of 'master' are 'main', 'trunk' and
repository-integrity	Run actions/checkout@34e114876b0b11c390a56381ad16ebd13914f8d5	2026-09-14T16:28:34.2727599Z hint: 'development'. The just-created branch can be renamed via this command:
repository-integrity	Run actions/checkout@34e114876b0b11c390a56381ad16ebd13914f8d5	2026-09-14T16:28:34.2728923Z hint:
repository-integrity	Run actions/checkout@34e114876b0b11c390a56381ad16ebd13914f8d5	2026-09-14T16:28:34.2729839Z hint: 	git branch -m <name>
repository-integrity	Run actions/checkout@34e114876b0b11c390a56381ad16ebd13914f8d5	2026-09-14T16:28:34.2730435Z hint:
repository-integrity	Run actions/checkout@34e114876b0b11c390a56381ad16ebd13914f8d5	2026-09-14T16:28:34.2731203Z hint: Disable this message with "git config set advice.defaultBranchName false"
repository-integrity	Run actions/checkout@34e114876b0b11c390a56381ad16ebd13914f8d5	2026-09-14T16:28:34.2732472Z Initialized empty Git repository in /home/runner/work/keepling/keepling/.git/
repository-integrity	Run actions/checkout@34e114876b0b11c390a56381ad16ebd13914f8d5	2026-09-14T16:28:34.2734526Z [command]/usr/bin/git remote add origin https://github.com/szTheory/keepling
repository-integrity	Run actions/checkout@34e114876b0b11c390a56381ad16ebd13914f8d5	2026-09-14T16:28:34.2806411Z ##[endgroup]
repository-integrity	Run actions/checkout@34e114876b0b11c390a56381ad16ebd13914f8d5	2026-09-14T16:28:34.2807374Z ##[group]Disabling automatic garbage collection
repository-integrity	Run actions/checkout@34e114876b0b11c390a56381ad16ebd13914f8d5	2026-09-14T16:28:34.2810229Z [command]/usr/bin/git config --local gc.auto 0
repository-integrity	Run actions/checkout@34e114876b0b11c390a56381ad16ebd13914f8d5	2026-09-14T16:28:34.2839126Z ##[endgroup]
repository-integrity	Run actions/checkout@34e114876b0b11c390a56381ad16ebd13914f8d5	2026-09-14T16:28:34.2840049Z ##[group]Setting up auth
repository-integrity	Run actions/checkout@34e114876b0b11c390a56381ad16ebd13914f8d5	2026-09-14T16:28:34.2846541Z [command]/usr/bin/git config --local --name-only --get-regexp core\.sshCommand
repository-integrity	Run actions/checkout@34e114876b0b11c390a56381ad16ebd13914f8d5	2026-09-14T16:28:34.2877158Z [command]/usr/bin/git submodule foreach --recursive sh -c "git config --local --name-only --get-regexp 'core\.sshCommand' && git config --local --unset-all 'core.sshCommand' || :"
repository-integrity	Run actions/checkout@34e114876b0b11c390a56381ad16ebd13914f8d5	2026-09-14T16:28:34.3211402Z [command]/usr/bin/git config --local --name-only --get-regexp http\.https\:\/\/github\.com\/\.extraheader
repository-integrity	Run actions/checkout@34e114876b0b11c390a56381ad16ebd13914f8d5	2026-09-14T16:28:34.3243279Z [command]/usr/bin/git submodule foreach --recursive sh -c "git config --local --name-only --get-regexp 'http\.https\:\/\/github\.com\/\.extraheader' && git config --local --unset-all 'http.https://github.com/.extraheader' || :"
repository-integrity	Run actions/checkout@34e114876b0b11c390a56381ad16ebd13914f8d5	2026-09-14T16:28:34.3461328Z [command]/usr/bin/git config --local --name-only --get-regexp ^includeIf\.gitdir:
repository-integrity	Run actions/checkout@34e114876b0b11c390a56381ad16ebd13914f8d5	2026-09-14T16:28:34.3491801Z [command]/usr/bin/git submodule foreach --recursive git config --local --show-origin --name-only --get-regexp remote.origin.url
repository-integrity	Run actions/checkout@34e114876b0b11c390a56381ad16ebd13914f8d5	2026-09-14T16:28:34.3715533Z [command]/usr/bin/git config --local http.https://github.com/.extraheader AUTHORIZATION: basic ***
repository-integrity	Run actions/checkout@34e114876b0b11c390a56381ad16ebd13914f8d5	2026-09-14T16:28:34.3755091Z ##[endgroup]
repository-integrity	Run actions/checkout@34e114876b0b11c390a56381ad16ebd13914f8d5	2026-09-14T16:28:34.3755931Z ##[group]Fetching the repository
repository-integrity	Run actions/checkout@34e114876b0b11c390a56381ad16ebd13914f8d5	2026-09-14T16:28:34.3770251Z [command]/usr/bin/git -c protocol.version=2 fetch --no-tags --prune --no-recurse-submodules --depth=1 origin +4f5954104c839dbec57188607829fdc7b975e0cc:refs/remotes/origin/main
repository-integrity	Run actions/checkout@34e114876b0b11c390a56381ad16ebd13914f8d5	2026-09-14T16:28:35.8650273Z From https://github.com/szTheory/keepling
repository-integrity	Run actions/checkout@34e114876b0b11c390a56381ad16ebd13914f8d5	2026-09-14T16:28:35.8671280Z  * [new ref]         4f5954104c839dbec57188607829fdc7b975e0cc -> origin/main
repository-integrity	Run actions/checkout@34e114876b0b11c390a56381ad16ebd13914f8d5	2026-09-14T16:28:35.8684516Z ##[endgroup]
repository-integrity	Run actions/checkout@34e114876b0b11c390a56381ad16ebd13914f8d5	2026-09-14T16:28:35.8686022Z ##[group]Determining the checkout info
repository-integrity	Run actions/checkout@34e114876b0b11c390a56381ad16ebd13914f8d5	2026-09-14T16:28:35.8687580Z ##[endgroup]
repository-integrity	Run actions/checkout@34e114876b0b11c390a56381ad16ebd13914f8d5	2026-09-14T16:28:35.8688526Z [command]/usr/bin/git sparse-checkout disable
repository-integrity	Run actions/checkout@34e114876b0b11c390a56381ad16ebd13914f8d5	2026-09-14T16:28:35.8717974Z [command]/usr/bin/git config --local --unset-all extensions.worktreeConfig
repository-integrity	Run actions/checkout@34e114876b0b11c390a56381ad16ebd13914f8d5	2026-09-14T16:28:35.8747061Z ##[group]Checking out the ref
repository-integrity	Run actions/checkout@34e114876b0b11c390a56381ad16ebd13914f8d5	2026-09-14T16:28:35.8752055Z [command]/usr/bin/git checkout --progress --force -B main refs/remotes/origin/main
repository-integrity	Run actions/checkout@34e114876b0b11c390a56381ad16ebd13914f8d5	2026-09-14T16:28:36.0222295Z Switched to a new branch 'main'
repository-integrity	Run actions/checkout@34e114876b0b11c390a56381ad16ebd13914f8d5	2026-09-14T16:28:36.0225071Z branch 'main' set up to track 'origin/main'.
repository-integrity	Run actions/checkout@34e114876b0b11c390a56381ad16ebd13914f8d5	2026-09-14T16:28:36.0239242Z ##[endgroup]
repository-integrity	Run actions/checkout@34e114876b0b11c390a56381ad16ebd13914f8d5	2026-09-14T16:28:36.0288782Z [command]/usr/bin/git log -1 --format=%H
repository-integrity	Run actions/checkout@34e114876b0b11c390a56381ad16ebd13914f8d5	2026-09-14T16:28:36.0313101Z 4f5954104c839dbec57188607829fdc7b975e0cc
repository-integrity	Run exact repository lane	﻿2026-09-14T16:28:36.0561481Z ##[group]Run set -o pipefail
repository-integrity	Run exact repository lane	2026-09-14T16:28:36.0563169Z ^[[36;1mset -o pipefail^[[0m
repository-integrity	Run exact repository lane	2026-09-14T16:28:36.0565397Z ^[[36;1m./tooling/test-phase-2.sh --lane repository-integrity | tee "$RUNNER_TEMP/repository-integrity.txt"^[[0m
repository-integrity	Run exact repository lane	2026-09-14T16:28:36.0568244Z ^[[36;1m./tooling/verify-privacy.sh "$RUNNER_TEMP/repository-integrity.txt"^[[0m
repository-integrity	Run exact repository lane	2026-09-14T16:28:36.0611128Z shell: /usr/bin/bash -e {0}
repository-integrity	Run exact repository lane	2026-09-14T16:28:36.0612356Z env:
repository-integrity	Run exact repository lane	2026-09-14T16:28:36.0613332Z   KEEPLING_PHASE2_SEED: 20260901
repository-integrity	Run exact repository lane	2026-09-14T16:28:36.0615046Z   KEEPLING_FLAKE_POLICY: no-retry; quarantine-requires-owner-issue-expiry
repository-integrity	Run exact repository lane	2026-09-14T16:28:36.0616866Z ##[endgroup]
repository-integrity	Run exact repository lane	2026-09-14T16:28:38.0860164Z lane=repository-integrity status=RUNNING command=./tooling/check-repository-integrity.sh cases=3 seed=none inputs_sha256=39f25664f283d163c68ea163c3b95726abf70ab4d1de85ad6edd7099c632cbb1
repository-integrity	Run exact repository lane	2026-09-14T16:28:38.6661506Z lane=repository-integrity status=PASS command=./tooling/check-repository-integrity.sh cases=3 seed=none elapsed_ms=586 inputs_sha256=39f25664f283d163c68ea163c3b95726abf70ab4d1de85ad6edd7099c632cbb1
repository-integrity	Run exact repository lane	2026-09-14T16:28:38.6803152Z Privacy verification passed: artifacts=1 sentinels=7
repository-integrity	Run actions/upload-artifact@ea165f8d65b6e75b540449e92b4886f43607fa02	﻿2026-09-14T16:28:38.6912862Z Node 20 is being deprecated. This workflow is running with Node 24 by default. If you need to temporarily use Node 20, you can set the ACTIONS_ALLOW_USE_UNSECURE_NODE_VERSION=true environment variable. For more information see: https://github.blog/changelog/2025-09-19-deprecation-of-node-20-on-github-actions-runners/
repository-integrity	Run actions/upload-artifact@ea165f8d65b6e75b540449e92b4886f43607fa02	2026-09-14T16:28:38.6914806Z ##[group]Run actions/upload-artifact@ea165f8d65b6e75b540449e92b4886f43607fa02
repository-integrity	Run actions/upload-artifact@ea165f8d65b6e75b540449e92b4886f43607fa02	2026-09-14T16:28:38.6915256Z with:
repository-integrity	Run actions/upload-artifact@ea165f8d65b6e75b540449e92b4886f43607fa02	2026-09-14T16:28:38.6915541Z   name: repository-integrity-timing
repository-integrity	Run actions/upload-artifact@ea165f8d65b6e75b540449e92b4886f43607fa02	2026-09-14T16:28:38.6915945Z   path: /home/runner/work/_temp/repository-integrity.txt
repository-integrity	Run actions/upload-artifact@ea165f8d65b6e75b540449e92b4886f43607fa02	2026-09-14T16:28:38.6916320Z   if-no-files-found: error
repository-integrity	Run actions/upload-artifact@ea165f8d65b6e75b540449e92b4886f43607fa02	2026-09-14T16:28:38.6916601Z   retention-days: 14
repository-integrity	Run actions/upload-artifact@ea165f8d65b6e75b540449e92b4886f43607fa02	2026-09-14T16:28:38.6916886Z   compression-level: 6
repository-integrity	Run actions/upload-artifact@ea165f8d65b6e75b540449e92b4886f43607fa02	2026-09-14T16:28:38.6917160Z   overwrite: false
repository-integrity	Run actions/upload-artifact@ea165f8d65b6e75b540449e92b4886f43607fa02	2026-09-14T16:28:38.6917422Z   include-hidden-files: false
repository-integrity	Run actions/upload-artifact@ea165f8d65b6e75b540449e92b4886f43607fa02	2026-09-14T16:28:38.6917706Z env:
repository-integrity	Run actions/upload-artifact@ea165f8d65b6e75b540449e92b4886f43607fa02	2026-09-14T16:28:38.6917944Z   KEEPLING_PHASE2_SEED: 20260901
repository-integrity	Run actions/upload-artifact@ea165f8d65b6e75b540449e92b4886f43607fa02	2026-09-14T16:28:38.6918377Z   KEEPLING_FLAKE_POLICY: no-retry; quarantine-requires-owner-issue-expiry
repository-integrity	Run actions/upload-artifact@ea165f8d65b6e75b540449e92b4886f43607fa02	2026-09-14T16:28:38.6918849Z ##[endgroup]
repository-integrity	Run actions/upload-artifact@ea165f8d65b6e75b540449e92b4886f43607fa02	2026-09-14T16:28:38.8545874Z (node:2432) [DEP0040] DeprecationWarning: The `punycode` module is deprecated. Please use a userland alternative instead.
repository-integrity	Run actions/upload-artifact@ea165f8d65b6e75b540449e92b4886f43607fa02	2026-09-14T16:28:38.8546888Z (Use `node --trace-deprecation ...` to show where the warning was created)
repository-integrity	Run actions/upload-artifact@ea165f8d65b6e75b540449e92b4886f43607fa02	2026-09-14T16:28:38.8591812Z With the provided path, there will be 1 file uploaded
repository-integrity	Run actions/upload-artifact@ea165f8d65b6e75b540449e92b4886f43607fa02	2026-09-14T16:28:38.8597064Z Artifact name is valid!
repository-integrity	Run actions/upload-artifact@ea165f8d65b6e75b540449e92b4886f43607fa02	2026-09-14T16:28:38.8597879Z Root directory input is valid!
repository-integrity	Run actions/upload-artifact@ea165f8d65b6e75b540449e92b4886f43607fa02	2026-09-14T16:28:39.0946580Z Beginning upload of artifact content to blob storage
repository-integrity	Run actions/upload-artifact@ea165f8d65b6e75b540449e92b4886f43607fa02	2026-09-14T16:28:39.1078001Z (node:2432) [DEP0169] DeprecationWarning: `url.parse()` behavior is not standardized and prone to errors that have security implications. Use the WHATWG URL API instead. CVEs are not issued for `url.parse()` vulnerabilities.
repository-integrity	Run actions/upload-artifact@ea165f8d65b6e75b540449e92b4886f43607fa02	2026-09-14T16:28:39.1485140Z Uploaded bytes 337
repository-integrity	Run actions/upload-artifact@ea165f8d65b6e75b540449e92b4886f43607fa02	2026-09-14T16:28:39.1690581Z Finished uploading artifact content to blob storage!
repository-integrity	Run actions/upload-artifact@ea165f8d65b6e75b540449e92b4886f43607fa02	2026-09-14T16:28:39.1691641Z SHA256 digest of uploaded artifact zip is 11f2572b5a2816eeacaff0823a02cbc4a3a2610d57f00f302c55bebbac8d158d
repository-integrity	Run actions/upload-artifact@ea165f8d65b6e75b540449e92b4886f43607fa02	2026-09-14T16:28:39.1693399Z Finalizing artifact upload
repository-integrity	Run actions/upload-artifact@ea165f8d65b6e75b540449e92b4886f43607fa02	2026-09-14T16:28:39.3861646Z Artifact repository-integrity-timing.zip successfully finalized. Artifact ID 10358531268
repository-integrity	Run actions/upload-artifact@ea165f8d65b6e75b540449e92b4886f43607fa02	2026-09-14T16:28:39.3863796Z Artifact repository-integrity-timing has been successfully uploaded! Final size is 337 bytes. Artifact ID is 10358531268
repository-integrity	Run actions/upload-artifact@ea165f8d65b6e75b540449e92b4886f43607fa02	2026-09-14T16:28:39.3866105Z Artifact download URL: https://github.com/szTheory/keepling/actions/runs/34868832053/artifacts/10358531268
repository-integrity	Post Run actions/checkout@34e114876b0b11c390a56381ad16ebd13914f8d5	﻿2026-09-14T16:28:39.4069131Z Node 20 is being deprecated. This workflow is running with Node 24 by default. If you need to temporarily use Node 20, you can set the ACTIONS_ALLOW_USE_UNSECURE_NODE_VERSION=true environment variable. For more information see: https://github.blog/changelog/2025-09-19-deprecation-of-node-20-on-github-actions-runners/
repository-integrity	Post Run actions/checkout@34e114876b0b11c390a56381ad16ebd13914f8d5	2026-09-14T16:28:39.4070972Z Post job cleanup.
repository-integrity	Post Run actions/checkout@34e114876b0b11c390a56381ad16ebd13914f8d5	2026-09-14T16:28:39.4908669Z [command]/usr/bin/git version
repository-integrity	Post Run actions/checkout@34e114876b0b11c390a56381ad16ebd13914f8d5	2026-09-14T16:28:39.4946468Z git version 2.55.0
repository-integrity	Post Run actions/checkout@34e114876b0b11c390a56381ad16ebd13914f8d5	2026-09-14T16:28:39.4985642Z Temporarily overriding HOME='/home/runner/work/_temp/01f0c739-4b64-43c1-8b93-36c8e5c4d279' before making global git config changes
repository-integrity	Post Run actions/checkout@34e114876b0b11c390a56381ad16ebd13914f8d5	2026-09-14T16:28:39.4987107Z Adding repository directory to the temporary git global config as a safe directory
repository-integrity	Post Run actions/checkout@34e114876b0b11c390a56381ad16ebd13914f8d5	2026-09-14T16:28:39.4992507Z [command]/usr/bin/git config --global --add safe.directory /home/runner/work/keepling/keepling
repository-integrity	Post Run actions/checkout@34e114876b0b11c390a56381ad16ebd13914f8d5	2026-09-14T16:28:39.5031227Z [command]/usr/bin/git config --local --name-only --get-regexp core\.sshCommand
repository-integrity	Post Run actions/checkout@34e114876b0b11c390a56381ad16ebd13914f8d5	2026-09-14T16:28:39.5066786Z [command]/usr/bin/git submodule foreach --recursive sh -c "git config --local --name-only --get-regexp 'core\.sshCommand' && git config --local --unset-all 'core.sshCommand' || :"
repository-integrity	Post Run actions/checkout@34e114876b0b11c390a56381ad16ebd13914f8d5	2026-09-14T16:28:39.5294564Z [command]/usr/bin/git config --local --name-only --get-regexp http\.https\:\/\/github\.com\/\.extraheader
repository-integrity	Post Run actions/checkout@34e114876b0b11c390a56381ad16ebd13914f8d5	2026-09-14T16:28:39.5321037Z http.https://github.com/.extraheader
repository-integrity	Post Run actions/checkout@34e114876b0b11c390a56381ad16ebd13914f8d5	2026-09-14T16:28:39.5332698Z [command]/usr/bin/git config --local --unset-all http.https://github.com/.extraheader
repository-integrity	Post Run actions/checkout@34e114876b0b11c390a56381ad16ebd13914f8d5	2026-09-14T16:28:39.5364322Z [command]/usr/bin/git submodule foreach --recursive sh -c "git config --local --name-only --get-regexp 'http\.https\:\/\/github\.com\/\.extraheader' && git config --local --unset-all 'http.https://github.com/.extraheader' || :"
repository-integrity	Post Run actions/checkout@34e114876b0b11c390a56381ad16ebd13914f8d5	2026-09-14T16:28:39.5593523Z [command]/usr/bin/git config --local --name-only --get-regexp ^includeIf\.gitdir:
repository-integrity	Post Run actions/checkout@34e114876b0b11c390a56381ad16ebd13914f8d5	2026-09-14T16:28:39.5625951Z [command]/usr/bin/git submodule foreach --recursive git config --local --show-origin --name-only --get-regexp remote.origin.url
repository-integrity	Complete job	﻿2026-09-14T16:28:39.5991571Z Cleaning up orphan processes
repository-integrity	Complete job	2026-09-14T16:28:39.6298427Z ##[warning]Node.js 20 is deprecated. The following actions target Node.js 20 but are being forced to run on Node.js 24: actions/checkout@34e114876b0b11c390a56381ad16ebd13914f8d5, actions/upload-artifact@ea165f8d65b6e75b540449e92b4886f43607fa02. For more information see: https://github.blog/changelog/2025-09-19-deprecation-of-node-20-on-github-actions-runners/
