weekly-historical-pitr	Set up job	﻿2026-09-14T17:13:01.8817440Z Current runner version: '2.337.0'
weekly-historical-pitr	Set up job	2026-09-14T17:13:01.8862260Z ##[group]Runner Image Provisioner
weekly-historical-pitr	Set up job	2026-09-14T17:13:01.8863940Z Hosted Compute Agent
weekly-historical-pitr	Set up job	2026-09-14T17:13:01.8864980Z Version: 20260828.587
weekly-historical-pitr	Set up job	2026-09-14T17:13:01.8866140Z Commit: abac92662cab4cc7352de4f9f9d2e2419aad9c29
weekly-historical-pitr	Set up job	2026-09-14T17:13:01.8867540Z Build Date: 2026-08-28T16:44:25Z
weekly-historical-pitr	Set up job	2026-09-14T17:13:01.8868780Z Worker ID: {50f30ab8-1cfb-4685-80fb-627ab65545fc}
weekly-historical-pitr	Set up job	2026-09-14T17:13:01.8870600Z Azure Region: westus
weekly-historical-pitr	Set up job	2026-09-14T17:13:01.8871470Z ##[endgroup]
weekly-historical-pitr	Set up job	2026-09-14T17:13:01.8872910Z ##[group]Operating System
weekly-historical-pitr	Set up job	2026-09-14T17:13:01.8873390Z macOS
weekly-historical-pitr	Set up job	2026-09-14T17:13:01.8873770Z 15.7.9
weekly-historical-pitr	Set up job	2026-09-14T17:13:01.8874180Z 24G830
weekly-historical-pitr	Set up job	2026-09-14T17:13:01.8874610Z ##[endgroup]
weekly-historical-pitr	Set up job	2026-09-14T17:13:01.8875020Z ##[group]Runner Image
weekly-historical-pitr	Set up job	2026-09-14T17:13:01.8875460Z Image: macos-15-arm64
weekly-historical-pitr	Set up job	2026-09-14T17:13:01.8875870Z Version: 20260907.0337.1
weekly-historical-pitr	Set up job	2026-09-14T17:13:01.8877720Z Included Software: https://github.com/actions/runner-images/blob/macos-15-arm64/20260907.0337/images/macos/macos-15-arm64-Readme.md
weekly-historical-pitr	Set up job	2026-09-14T17:13:01.8879080Z Image Release: https://github.com/actions/runner-images/releases/tag/macos-15-arm64%2F20260907.0337
weekly-historical-pitr	Set up job	2026-09-14T17:13:01.8879880Z ##[endgroup]
weekly-historical-pitr	Set up job	2026-09-14T17:13:01.8880710Z ##[group]GITHUB_TOKEN Permissions
weekly-historical-pitr	Set up job	2026-09-14T17:13:01.8883210Z Contents: read
weekly-historical-pitr	Set up job	2026-09-14T17:13:01.8883630Z Metadata: read
weekly-historical-pitr	Set up job	2026-09-14T17:13:01.8884160Z ##[endgroup]
weekly-historical-pitr	Set up job	2026-09-14T17:13:01.8886390Z Secret source: Actions
weekly-historical-pitr	Set up job	2026-09-14T17:13:01.8887040Z Cache mode: write
weekly-historical-pitr	Set up job	2026-09-14T17:13:01.8887560Z Prepare workflow directory
weekly-historical-pitr	Set up job	2026-09-14T17:13:01.9466900Z Prepare all required actions
weekly-historical-pitr	Set up job	2026-09-14T17:13:01.9523790Z Getting action download info
weekly-historical-pitr	Set up job	2026-09-14T17:13:02.5071760Z Download action repository 'actions/checkout@34e114876b0b11c390a56381ad16ebd13914f8d5' (SHA:34e114876b0b11c390a56381ad16ebd13914f8d5)
weekly-historical-pitr	Set up job	2026-09-14T17:13:02.8170970Z Download action repository 'actions/cache@0400d5f644dc74513175e3cd8d07132dd4860809' (SHA:0400d5f644dc74513175e3cd8d07132dd4860809)
weekly-historical-pitr	Set up job	2026-09-14T17:13:02.9781170Z Download action repository 'actions/upload-artifact@ea165f8d65b6e75b540449e92b4886f43607fa02' (SHA:ea165f8d65b6e75b540449e92b4886f43607fa02)
weekly-historical-pitr	Set up job	2026-09-14T17:13:04.9053370Z Complete job name: weekly-historical-pitr
weekly-historical-pitr	Run actions/checkout@34e114876b0b11c390a56381ad16ebd13914f8d5	﻿2026-09-14T17:13:05.0824270Z Node 20 is being deprecated. This workflow is running with Node 24 by default. If you need to temporarily use Node 20, you can set the ACTIONS_ALLOW_USE_UNSECURE_NODE_VERSION=true environment variable. For more information see: https://github.blog/changelog/2025-09-19-deprecation-of-node-20-on-github-actions-runners/
weekly-historical-pitr	Run actions/checkout@34e114876b0b11c390a56381ad16ebd13914f8d5	2026-09-14T17:13:05.0833850Z ##[group]Run actions/checkout@34e114876b0b11c390a56381ad16ebd13914f8d5
weekly-historical-pitr	Run actions/checkout@34e114876b0b11c390a56381ad16ebd13914f8d5	2026-09-14T17:13:05.0835050Z with:
weekly-historical-pitr	Run actions/checkout@34e114876b0b11c390a56381ad16ebd13914f8d5	2026-09-14T17:13:05.0835700Z   repository: szTheory/keepling
weekly-historical-pitr	Run actions/checkout@34e114876b0b11c390a56381ad16ebd13914f8d5	2026-09-14T17:13:05.0841680Z   token: ***
weekly-historical-pitr	Run actions/checkout@34e114876b0b11c390a56381ad16ebd13914f8d5	2026-09-14T17:13:05.0842330Z   ssh-strict: true
weekly-historical-pitr	Run actions/checkout@34e114876b0b11c390a56381ad16ebd13914f8d5	2026-09-14T17:13:05.0843430Z   ssh-user: git
weekly-historical-pitr	Run actions/checkout@34e114876b0b11c390a56381ad16ebd13914f8d5	2026-09-14T17:13:05.0844200Z   persist-credentials: true
weekly-historical-pitr	Run actions/checkout@34e114876b0b11c390a56381ad16ebd13914f8d5	2026-09-14T17:13:05.0844920Z   clean: true
weekly-historical-pitr	Run actions/checkout@34e114876b0b11c390a56381ad16ebd13914f8d5	2026-09-14T17:13:05.0845590Z   sparse-checkout-cone-mode: true
weekly-historical-pitr	Run actions/checkout@34e114876b0b11c390a56381ad16ebd13914f8d5	2026-09-14T17:13:05.0846570Z   fetch-depth: 1
weekly-historical-pitr	Run actions/checkout@34e114876b0b11c390a56381ad16ebd13914f8d5	2026-09-14T17:13:05.0847350Z   fetch-tags: false
weekly-historical-pitr	Run actions/checkout@34e114876b0b11c390a56381ad16ebd13914f8d5	2026-09-14T17:13:05.0848060Z   show-progress: true
weekly-historical-pitr	Run actions/checkout@34e114876b0b11c390a56381ad16ebd13914f8d5	2026-09-14T17:13:05.0848850Z   lfs: false
weekly-historical-pitr	Run actions/checkout@34e114876b0b11c390a56381ad16ebd13914f8d5	2026-09-14T17:13:05.0849810Z   submodules: false
weekly-historical-pitr	Run actions/checkout@34e114876b0b11c390a56381ad16ebd13914f8d5	2026-09-14T17:13:05.0851180Z   set-safe-directory: true
weekly-historical-pitr	Run actions/checkout@34e114876b0b11c390a56381ad16ebd13914f8d5	2026-09-14T17:13:05.0854300Z env:
weekly-historical-pitr	Run actions/checkout@34e114876b0b11c390a56381ad16ebd13914f8d5	2026-09-14T17:13:05.0855050Z   KEEPLING_RESTORE_SEED: 20260901
weekly-historical-pitr	Run actions/checkout@34e114876b0b11c390a56381ad16ebd13914f8d5	2026-09-14T17:13:05.0856340Z   KEEPLING_FLAKE_POLICY: single-attempt; no-retry; teardown-required
weekly-historical-pitr	Run actions/checkout@34e114876b0b11c390a56381ad16ebd13914f8d5	2026-09-14T17:13:05.0875630Z   KEEPLING_BACKUP_PRIMARY_ENDPOINT: ***
weekly-historical-pitr	Run actions/checkout@34e114876b0b11c390a56381ad16ebd13914f8d5	2026-09-14T17:13:05.0876810Z   KEEPLING_BACKUP_PRIMARY_REGION: ***
weekly-historical-pitr	Run actions/checkout@34e114876b0b11c390a56381ad16ebd13914f8d5	2026-09-14T17:13:05.0877820Z   KEEPLING_BACKUP_PRIMARY_ACCESS_KEY: ***
weekly-historical-pitr	Run actions/checkout@34e114876b0b11c390a56381ad16ebd13914f8d5	2026-09-14T17:13:05.0878930Z   KEEPLING_BACKUP_PRIMARY_SECRET_KEY: ***
weekly-historical-pitr	Run actions/checkout@34e114876b0b11c390a56381ad16ebd13914f8d5	2026-09-14T17:13:05.0879760Z ##[endgroup]
weekly-historical-pitr	Run actions/checkout@34e114876b0b11c390a56381ad16ebd13914f8d5	2026-09-14T17:13:06.9316900Z Syncing repository: szTheory/keepling
weekly-historical-pitr	Run actions/checkout@34e114876b0b11c390a56381ad16ebd13914f8d5	2026-09-14T17:13:06.9319800Z ##[group]Getting Git version info
weekly-historical-pitr	Run actions/checkout@34e114876b0b11c390a56381ad16ebd13914f8d5	2026-09-14T17:13:06.9320510Z Working directory is '/Users/runner/work/keepling/keepling'
weekly-historical-pitr	Run actions/checkout@34e114876b0b11c390a56381ad16ebd13914f8d5	2026-09-14T17:13:06.9322520Z [command]/opt/homebrew/bin/git version
weekly-historical-pitr	Run actions/checkout@34e114876b0b11c390a56381ad16ebd13914f8d5	2026-09-14T17:13:07.0247600Z git version 2.55.0
weekly-historical-pitr	Run actions/checkout@34e114876b0b11c390a56381ad16ebd13914f8d5	2026-09-14T17:13:07.0285520Z ##[endgroup]
weekly-historical-pitr	Run actions/checkout@34e114876b0b11c390a56381ad16ebd13914f8d5	2026-09-14T17:13:07.0298780Z Copying '/Users/runner/.gitconfig' to '/Users/runner/work/_temp/1001481b-9dce-414f-bbad-ad2b4c99aa78/.gitconfig'
weekly-historical-pitr	Run actions/checkout@34e114876b0b11c390a56381ad16ebd13914f8d5	2026-09-14T17:13:07.0307430Z Temporarily overriding HOME='/Users/runner/work/_temp/1001481b-9dce-414f-bbad-ad2b4c99aa78' before making global git config changes
weekly-historical-pitr	Run actions/checkout@34e114876b0b11c390a56381ad16ebd13914f8d5	2026-09-14T17:13:07.0310120Z Adding repository directory to the temporary git global config as a safe directory
weekly-historical-pitr	Run actions/checkout@34e114876b0b11c390a56381ad16ebd13914f8d5	2026-09-14T17:13:07.0312730Z [command]/opt/homebrew/bin/git config --global --add safe.directory /Users/runner/work/keepling/keepling
weekly-historical-pitr	Run actions/checkout@34e114876b0b11c390a56381ad16ebd13914f8d5	2026-09-14T17:13:07.0455950Z Deleting the contents of '/Users/runner/work/keepling/keepling'
weekly-historical-pitr	Run actions/checkout@34e114876b0b11c390a56381ad16ebd13914f8d5	2026-09-14T17:13:07.0460510Z ##[group]Initializing the repository
weekly-historical-pitr	Run actions/checkout@34e114876b0b11c390a56381ad16ebd13914f8d5	2026-09-14T17:13:07.0462440Z [command]/opt/homebrew/bin/git init /Users/runner/work/keepling/keepling
weekly-historical-pitr	Run actions/checkout@34e114876b0b11c390a56381ad16ebd13914f8d5	2026-09-14T17:13:07.0763250Z hint: Using 'master' as the name for the initial branch. This default branch name
weekly-historical-pitr	Run actions/checkout@34e114876b0b11c390a56381ad16ebd13914f8d5	2026-09-14T17:13:07.0825890Z hint: will change to "main" in Git 3.0. To configure the initial branch name
weekly-historical-pitr	Run actions/checkout@34e114876b0b11c390a56381ad16ebd13914f8d5	2026-09-14T17:13:07.0829740Z hint: to use in all of your new repositories, which will suppress this warning,
weekly-historical-pitr	Run actions/checkout@34e114876b0b11c390a56381ad16ebd13914f8d5	2026-09-14T17:13:07.0831380Z hint: call:
weekly-historical-pitr	Run actions/checkout@34e114876b0b11c390a56381ad16ebd13914f8d5	2026-09-14T17:13:07.0831870Z hint:
weekly-historical-pitr	Run actions/checkout@34e114876b0b11c390a56381ad16ebd13914f8d5	2026-09-14T17:13:07.0833080Z hint: 	git config --global init.defaultBranch <name>
weekly-historical-pitr	Run actions/checkout@34e114876b0b11c390a56381ad16ebd13914f8d5	2026-09-14T17:13:07.0833920Z hint:
weekly-historical-pitr	Run actions/checkout@34e114876b0b11c390a56381ad16ebd13914f8d5	2026-09-14T17:13:07.0834520Z hint: Names commonly chosen instead of 'master' are 'main', 'trunk' and
weekly-historical-pitr	Run actions/checkout@34e114876b0b11c390a56381ad16ebd13914f8d5	2026-09-14T17:13:07.0835800Z hint: 'development'. The just-created branch can be renamed via this command:
weekly-historical-pitr	Run actions/checkout@34e114876b0b11c390a56381ad16ebd13914f8d5	2026-09-14T17:13:07.0836570Z hint:
weekly-historical-pitr	Run actions/checkout@34e114876b0b11c390a56381ad16ebd13914f8d5	2026-09-14T17:13:07.0837020Z hint: 	git branch -m <name>
weekly-historical-pitr	Run actions/checkout@34e114876b0b11c390a56381ad16ebd13914f8d5	2026-09-14T17:13:07.0837710Z hint:
weekly-historical-pitr	Run actions/checkout@34e114876b0b11c390a56381ad16ebd13914f8d5	2026-09-14T17:13:07.0838350Z hint: Disable this message with "git config set advice.defaultBranchName false"
weekly-historical-pitr	Run actions/checkout@34e114876b0b11c390a56381ad16ebd13914f8d5	2026-09-14T17:13:07.0839180Z Initialized empty Git repository in /Users/runner/work/keepling/keepling/.git/
weekly-historical-pitr	Run actions/checkout@34e114876b0b11c390a56381ad16ebd13914f8d5	2026-09-14T17:13:07.0842170Z [command]/opt/homebrew/bin/git remote add origin https://github.com/szTheory/keepling
weekly-historical-pitr	Run actions/checkout@34e114876b0b11c390a56381ad16ebd13914f8d5	2026-09-14T17:13:07.1231330Z ##[endgroup]
weekly-historical-pitr	Run actions/checkout@34e114876b0b11c390a56381ad16ebd13914f8d5	2026-09-14T17:13:07.1232310Z ##[group]Disabling automatic garbage collection
weekly-historical-pitr	Run actions/checkout@34e114876b0b11c390a56381ad16ebd13914f8d5	2026-09-14T17:13:07.1237760Z [command]/opt/homebrew/bin/git config --local gc.auto 0
weekly-historical-pitr	Run actions/checkout@34e114876b0b11c390a56381ad16ebd13914f8d5	2026-09-14T17:13:07.1401760Z ##[endgroup]
weekly-historical-pitr	Run actions/checkout@34e114876b0b11c390a56381ad16ebd13914f8d5	2026-09-14T17:13:07.1403680Z ##[group]Setting up auth
weekly-historical-pitr	Run actions/checkout@34e114876b0b11c390a56381ad16ebd13914f8d5	2026-09-14T17:13:07.1405260Z [command]/opt/homebrew/bin/git config --local --name-only --get-regexp core\.sshCommand
weekly-historical-pitr	Run actions/checkout@34e114876b0b11c390a56381ad16ebd13914f8d5	2026-09-14T17:13:07.1505840Z [command]/opt/homebrew/bin/git submodule foreach --recursive sh -c "git config --local --name-only --get-regexp 'core\.sshCommand' && git config --local --unset-all 'core.sshCommand' || :"
weekly-historical-pitr	Run actions/checkout@34e114876b0b11c390a56381ad16ebd13914f8d5	2026-09-14T17:13:07.3858910Z [command]/opt/homebrew/bin/git config --local --name-only --get-regexp http\.https\:\/\/github\.com\/\.extraheader
weekly-historical-pitr	Run actions/checkout@34e114876b0b11c390a56381ad16ebd13914f8d5	2026-09-14T17:13:07.3990910Z [command]/opt/homebrew/bin/git submodule foreach --recursive sh -c "git config --local --name-only --get-regexp 'http\.https\:\/\/github\.com\/\.extraheader' && git config --local --unset-all 'http.https://github.com/.extraheader' || :"
weekly-historical-pitr	Run actions/checkout@34e114876b0b11c390a56381ad16ebd13914f8d5	2026-09-14T17:13:07.5498930Z [command]/opt/homebrew/bin/git config --local --name-only --get-regexp ^includeIf\.gitdir:
weekly-historical-pitr	Run actions/checkout@34e114876b0b11c390a56381ad16ebd13914f8d5	2026-09-14T17:13:07.5597980Z [command]/opt/homebrew/bin/git submodule foreach --recursive git config --local --show-origin --name-only --get-regexp remote.origin.url
weekly-historical-pitr	Run actions/checkout@34e114876b0b11c390a56381ad16ebd13914f8d5	2026-09-14T17:13:07.7348380Z [command]/opt/homebrew/bin/git config --local http.https://github.com/.extraheader AUTHORIZATION: basic ***
weekly-historical-pitr	Run actions/checkout@34e114876b0b11c390a56381ad16ebd13914f8d5	2026-09-14T17:13:07.7435030Z ##[endgroup]
weekly-historical-pitr	Run actions/checkout@34e114876b0b11c390a56381ad16ebd13914f8d5	2026-09-14T17:13:07.7436060Z ##[group]Fetching the repository
weekly-historical-pitr	Run actions/checkout@34e114876b0b11c390a56381ad16ebd13914f8d5	2026-09-14T17:13:07.7437110Z [command]/opt/homebrew/bin/git -c protocol.version=2 fetch --no-tags --prune --no-recurse-submodules --depth=1 origin +4f5954104c839dbec57188607829fdc7b975e0cc:refs/remotes/origin/main
weekly-historical-pitr	Run actions/checkout@34e114876b0b11c390a56381ad16ebd13914f8d5	2026-09-14T17:13:09.4998330Z From https://github.com/szTheory/keepling
weekly-historical-pitr	Run actions/checkout@34e114876b0b11c390a56381ad16ebd13914f8d5	2026-09-14T17:13:09.5000910Z  * [new ref]         4f5954104c839dbec57188607829fdc7b975e0cc -> origin/main
weekly-historical-pitr	Run actions/checkout@34e114876b0b11c390a56381ad16ebd13914f8d5	2026-09-14T17:13:09.5011740Z ##[endgroup]
weekly-historical-pitr	Run actions/checkout@34e114876b0b11c390a56381ad16ebd13914f8d5	2026-09-14T17:13:09.5012490Z ##[group]Determining the checkout info
weekly-historical-pitr	Run actions/checkout@34e114876b0b11c390a56381ad16ebd13914f8d5	2026-09-14T17:13:09.5013350Z ##[endgroup]
weekly-historical-pitr	Run actions/checkout@34e114876b0b11c390a56381ad16ebd13914f8d5	2026-09-14T17:13:09.5013940Z [command]/opt/homebrew/bin/git sparse-checkout disable
weekly-historical-pitr	Run actions/checkout@34e114876b0b11c390a56381ad16ebd13914f8d5	2026-09-14T17:13:09.5122550Z [command]/opt/homebrew/bin/git config --local --unset-all extensions.worktreeConfig
weekly-historical-pitr	Run actions/checkout@34e114876b0b11c390a56381ad16ebd13914f8d5	2026-09-14T17:13:09.5212990Z ##[group]Checking out the ref
weekly-historical-pitr	Run actions/checkout@34e114876b0b11c390a56381ad16ebd13914f8d5	2026-09-14T17:13:09.5213920Z [command]/opt/homebrew/bin/git checkout --progress --force -B main refs/remotes/origin/main
weekly-historical-pitr	Run actions/checkout@34e114876b0b11c390a56381ad16ebd13914f8d5	2026-09-14T17:13:09.7958750Z Switched to a new branch 'main'
weekly-historical-pitr	Run actions/checkout@34e114876b0b11c390a56381ad16ebd13914f8d5	2026-09-14T17:13:09.7972430Z branch 'main' set up to track 'origin/main'.
weekly-historical-pitr	Run actions/checkout@34e114876b0b11c390a56381ad16ebd13914f8d5	2026-09-14T17:13:09.8048210Z ##[endgroup]
weekly-historical-pitr	Run actions/checkout@34e114876b0b11c390a56381ad16ebd13914f8d5	2026-09-14T17:13:09.8113760Z [command]/opt/homebrew/bin/git log -1 --format=%H
weekly-historical-pitr	Run actions/checkout@34e114876b0b11c390a56381ad16ebd13914f8d5	2026-09-14T17:13:09.8195540Z 4f5954104c839dbec57188607829fdc7b975e0cc
weekly-historical-pitr	Run actions/cache@0400d5f644dc74513175e3cd8d07132dd4860809	﻿2026-09-14T17:13:10.2733130Z Node 20 is being deprecated. This workflow is running with Node 24 by default. If you need to temporarily use Node 20, you can set the ACTIONS_ALLOW_USE_UNSECURE_NODE_VERSION=true environment variable. For more information see: https://github.blog/changelog/2025-09-19-deprecation-of-node-20-on-github-actions-runners/
weekly-historical-pitr	Run actions/cache@0400d5f644dc74513175e3cd8d07132dd4860809	2026-09-14T17:13:10.2735490Z ##[group]Run actions/cache@0400d5f644dc74513175e3cd8d07132dd4860809
weekly-historical-pitr	Run actions/cache@0400d5f644dc74513175e3cd8d07132dd4860809	2026-09-14T17:13:10.2736110Z with:
weekly-historical-pitr	Run actions/cache@0400d5f644dc74513175e3cd8d07132dd4860809	2026-09-14T17:13:10.2736650Z   path: ~/.asdf/installs
weekly-historical-pitr	Run actions/cache@0400d5f644dc74513175e3cd8d07132dd4860809	apps/server/deps
weekly-historical-pitr	Run actions/cache@0400d5f644dc74513175e3cd8d07132dd4860809	apps/server/_build
weekly-historical-pitr	Run actions/cache@0400d5f644dc74513175e3cd8d07132dd4860809	
weekly-historical-pitr	Run actions/cache@0400d5f644dc74513175e3cd8d07132dd4860809	2026-09-14T17:13:10.2737480Z   key: recovery-macOS-b64baa56e0ddc791bb7f6084868bfc400318216624a22f148f82dc313f3f1ab1
weekly-historical-pitr	Run actions/cache@0400d5f644dc74513175e3cd8d07132dd4860809	2026-09-14T17:13:10.2737920Z   enableCrossOsArchive: false
weekly-historical-pitr	Run actions/cache@0400d5f644dc74513175e3cd8d07132dd4860809	2026-09-14T17:13:10.2738210Z   fail-on-cache-miss: false
weekly-historical-pitr	Run actions/cache@0400d5f644dc74513175e3cd8d07132dd4860809	2026-09-14T17:13:10.2738710Z   lookup-only: false
weekly-historical-pitr	Run actions/cache@0400d5f644dc74513175e3cd8d07132dd4860809	2026-09-14T17:13:10.2738940Z   save-always: false
weekly-historical-pitr	Run actions/cache@0400d5f644dc74513175e3cd8d07132dd4860809	2026-09-14T17:13:10.2739340Z env:
weekly-historical-pitr	Run actions/cache@0400d5f644dc74513175e3cd8d07132dd4860809	2026-09-14T17:13:10.2739570Z   KEEPLING_RESTORE_SEED: 20260901
weekly-historical-pitr	Run actions/cache@0400d5f644dc74513175e3cd8d07132dd4860809	2026-09-14T17:13:10.2740110Z   KEEPLING_FLAKE_POLICY: single-attempt; no-retry; teardown-required
weekly-historical-pitr	Run actions/cache@0400d5f644dc74513175e3cd8d07132dd4860809	2026-09-14T17:13:10.2740910Z   KEEPLING_BACKUP_PRIMARY_ENDPOINT: ***
weekly-historical-pitr	Run actions/cache@0400d5f644dc74513175e3cd8d07132dd4860809	2026-09-14T17:13:10.2741220Z   KEEPLING_BACKUP_PRIMARY_REGION: ***
weekly-historical-pitr	Run actions/cache@0400d5f644dc74513175e3cd8d07132dd4860809	2026-09-14T17:13:10.2741550Z   KEEPLING_BACKUP_PRIMARY_ACCESS_KEY: ***
weekly-historical-pitr	Run actions/cache@0400d5f644dc74513175e3cd8d07132dd4860809	2026-09-14T17:13:10.2741930Z   KEEPLING_BACKUP_PRIMARY_SECRET_KEY: ***
weekly-historical-pitr	Run actions/cache@0400d5f644dc74513175e3cd8d07132dd4860809	2026-09-14T17:13:10.2742180Z ##[endgroup]
weekly-historical-pitr	Run actions/cache@0400d5f644dc74513175e3cd8d07132dd4860809	2026-09-14T17:13:10.4878330Z (node:1790) [DEP0040] DeprecationWarning: The `punycode` module is deprecated. Please use a userland alternative instead.
weekly-historical-pitr	Run actions/cache@0400d5f644dc74513175e3cd8d07132dd4860809	2026-09-14T17:13:10.4879810Z (Use `node --trace-deprecation ...` to show where the warning was created)
weekly-historical-pitr	Run actions/cache@0400d5f644dc74513175e3cd8d07132dd4860809	2026-09-14T17:13:10.8552380Z (node:1790) [DEP0169] DeprecationWarning: `url.parse()` behavior is not standardized and prone to errors that have security implications. Use the WHATWG URL API instead. CVEs are not issued for `url.parse()` vulnerabilities.
weekly-historical-pitr	Run actions/cache@0400d5f644dc74513175e3cd8d07132dd4860809	2026-09-14T17:13:10.8733120Z Cache hit for: recovery-macOS-b64baa56e0ddc791bb7f6084868bfc400318216624a22f148f82dc313f3f1ab1
weekly-historical-pitr	Run actions/cache@0400d5f644dc74513175e3cd8d07132dd4860809	2026-09-14T17:13:12.1300820Z Received 4194304 of 78000949 (5.4%), 4.0 MBs/sec
weekly-historical-pitr	Run actions/cache@0400d5f644dc74513175e3cd8d07132dd4860809	2026-09-14T17:13:12.7858070Z Received 78000949 of 78000949 (100.0%), 44.9 MBs/sec
weekly-historical-pitr	Run actions/cache@0400d5f644dc74513175e3cd8d07132dd4860809	2026-09-14T17:13:12.7864110Z Cache Size: ~74 MB (78000949 B)
weekly-historical-pitr	Run actions/cache@0400d5f644dc74513175e3cd8d07132dd4860809	2026-09-14T17:13:12.7976980Z [command]/opt/homebrew/bin/gtar -xf /Users/runner/work/_temp/6d4bbad1-f780-48c5-9b6f-bd155d9a2274/cache.tzst -P -C /Users/runner/work/keepling/keepling --delay-directory-restore --use-compress-program unzstd
weekly-historical-pitr	Run actions/cache@0400d5f644dc74513175e3cd8d07132dd4860809	2026-09-14T17:13:14.0734730Z Cache restored successfully
weekly-historical-pitr	Run actions/cache@0400d5f644dc74513175e3cd8d07132dd4860809	2026-09-14T17:13:14.1012690Z Cache restored from key: recovery-macOS-b64baa56e0ddc791bb7f6084868bfc400318216624a22f148f82dc313f3f1ab1
weekly-historical-pitr	Provision exact repository runtimes	﻿2026-09-14T17:13:14.1117370Z ##[group]Run brew list asdf >/dev/null 2>&1 || brew install asdf
weekly-historical-pitr	Provision exact repository runtimes	2026-09-14T17:13:14.1117840Z ^[[36;1mbrew list asdf >/dev/null 2>&1 || brew install asdf^[[0m
weekly-historical-pitr	Provision exact repository runtimes	2026-09-14T17:13:14.1118290Z ^[[36;1m./tooling/runtime-preflight.sh --provision^[[0m
weekly-historical-pitr	Provision exact repository runtimes	2026-09-14T17:13:14.1118880Z ^[[36;1m./tooling/runtime-preflight.sh --exec -- sh -c 'cd apps/server && mix deps.get --check-locked'^[[0m
weekly-historical-pitr	Provision exact repository runtimes	2026-09-14T17:13:14.1168040Z shell: /bin/bash -e {0}
weekly-historical-pitr	Provision exact repository runtimes	2026-09-14T17:13:14.1168410Z env:
weekly-historical-pitr	Provision exact repository runtimes	2026-09-14T17:13:14.1174310Z   KEEPLING_RESTORE_SEED: 20260901
weekly-historical-pitr	Provision exact repository runtimes	2026-09-14T17:13:14.1174860Z   KEEPLING_FLAKE_POLICY: single-attempt; no-retry; teardown-required
weekly-historical-pitr	Provision exact repository runtimes	2026-09-14T17:13:14.1175910Z   KEEPLING_BACKUP_PRIMARY_ENDPOINT: ***
weekly-historical-pitr	Provision exact repository runtimes	2026-09-14T17:13:14.1176380Z   KEEPLING_BACKUP_PRIMARY_REGION: ***
weekly-historical-pitr	Provision exact repository runtimes	2026-09-14T17:13:14.1176830Z   KEEPLING_BACKUP_PRIMARY_ACCESS_KEY: ***
weekly-historical-pitr	Provision exact repository runtimes	2026-09-14T17:13:14.1177220Z   KEEPLING_BACKUP_PRIMARY_SECRET_KEY: ***
weekly-historical-pitr	Provision exact repository runtimes	2026-09-14T17:13:14.1177650Z ##[endgroup]
weekly-historical-pitr	Provision exact repository runtimes	2026-09-14T17:13:16.4994190Z ^[[32m==>^[[0m ^[[1mDownloading bottle manifests^[[0m
weekly-historical-pitr	Provision exact repository runtimes	2026-09-14T17:13:16.5194830Z ✔︎ Bottle Manifest asdf (0.20.0)
weekly-historical-pitr	Provision exact repository runtimes	2026-09-14T17:13:16.5195340Z ^[[34m==>^[[0m ^[[1mWould install 1 formula:^[[0m
weekly-historical-pitr	Provision exact repository runtimes	2026-09-14T17:13:16.5294880Z asdf
weekly-historical-pitr	Provision exact repository runtimes	2026-09-14T17:13:16.5495610Z ^[[32m==>^[[0m ^[[1mFetching downloads for: ^[[32masdf^[[39m^[[0m
weekly-historical-pitr	Provision exact repository runtimes	2026-09-14T17:13:16.8906800Z ✔︎ Bottle asdf (0.20.0)
weekly-historical-pitr	Provision exact repository runtimes	2026-09-14T17:13:16.8925760Z ^[[34m==>^[[0m ^[[1mPouring asdf--0.20.0.arm64_sequoia.bottle.tar.gz^[[0m
weekly-historical-pitr	Provision exact repository runtimes	2026-09-14T17:13:16.9762810Z 🍺  /opt/homebrew/Cellar/asdf/0.20.0: 10 files, 4.4MB
weekly-historical-pitr	Provision exact repository runtimes	2026-09-14T17:13:16.9763890Z ^[[32m==>^[[0m ^[[1mCaveats^[[0m
weekly-historical-pitr	Provision exact repository runtimes	2026-09-14T17:13:16.9764620Z Bash completion has been installed to:
weekly-historical-pitr	Provision exact repository runtimes	2026-09-14T17:13:16.9765070Z   /opt/homebrew/etc/bash_completion.d
weekly-historical-pitr	Provision exact repository runtimes	2026-09-14T17:13:19.4041480Z version 29.0.5 of erlang is already installed
weekly-historical-pitr	Provision exact repository runtimes	2026-09-14T17:13:19.4076800Z version 1.20.2-otp-29 of elixir is already installed
weekly-historical-pitr	Provision exact repository runtimes	2026-09-14T17:13:19.7841660Z ^[[32m==>^[[0m ^[[1mDownloading bottle manifests^[[0m
weekly-historical-pitr	Provision exact repository runtimes	2026-09-14T17:13:20.0827780Z ✔︎ Bottle Manifest postgresql@18 (18.6)
weekly-historical-pitr	Provision exact repository runtimes	2026-09-14T17:13:20.0829010Z ^[[34m==>^[[0m ^[[1mWould install 1 formula:^[[0m
weekly-historical-pitr	Provision exact repository runtimes	2026-09-14T17:13:20.0830270Z postgresql@18
weekly-historical-pitr	Provision exact repository runtimes	2026-09-14T17:13:20.1505070Z ^[[32m==>^[[0m ^[[1mFetching downloads for: ^[[32mpostgresql@18^[[39m^[[0m
weekly-historical-pitr	Provision exact repository runtimes	2026-09-14T17:13:21.4071890Z ✔︎ Bottle postgresql@18 (18.6)
weekly-historical-pitr	Provision exact repository runtimes	2026-09-14T17:13:21.4380700Z ^[[34m==>^[[0m ^[[1mPouring postgresql@18--18.6.arm64_sequoia.bottle.tar.gz^[[0m
weekly-historical-pitr	Provision exact repository runtimes	2026-09-14T17:13:23.3472910Z The files belonging to this database system will be owned by user "runner".
weekly-historical-pitr	Provision exact repository runtimes	2026-09-14T17:13:23.3473880Z This user must also own the server process.
weekly-historical-pitr	Provision exact repository runtimes	2026-09-14T17:13:23.3474320Z 
weekly-historical-pitr	Provision exact repository runtimes	2026-09-14T17:13:23.3474700Z The database cluster will be initialized with locale "en_US.UTF-8".
weekly-historical-pitr	Provision exact repository runtimes	2026-09-14T17:13:23.3475140Z The default text search configuration will be set to "english".
weekly-historical-pitr	Provision exact repository runtimes	2026-09-14T17:13:23.3475500Z 
weekly-historical-pitr	Provision exact repository runtimes	2026-09-14T17:13:23.3475650Z Data page checksums are enabled.
weekly-historical-pitr	Provision exact repository runtimes	2026-09-14T17:13:23.3476900Z 
weekly-historical-pitr	Provision exact repository runtimes	2026-09-14T17:13:23.3477770Z fixing permissions on existing directory /opt/homebrew/var/postgresql@18 ... ok
weekly-historical-pitr	Provision exact repository runtimes	2026-09-14T17:13:23.3478340Z creating subdirectories ... ok
weekly-historical-pitr	Provision exact repository runtimes	2026-09-14T17:13:23.3478950Z selecting dynamic shared memory implementation ... posix
weekly-historical-pitr	Provision exact repository runtimes	2026-09-14T17:13:23.3915770Z selecting default "max_connections" ... 100
weekly-historical-pitr	Provision exact repository runtimes	2026-09-14T17:13:23.4123880Z selecting default "shared_buffers" ... 128MB
weekly-historical-pitr	Provision exact repository runtimes	2026-09-14T17:13:23.4147700Z selecting default time zone ... UTC
weekly-historical-pitr	Provision exact repository runtimes	2026-09-14T17:13:23.4158500Z creating configuration files ... ok
weekly-historical-pitr	Provision exact repository runtimes	2026-09-14T17:13:23.5714580Z running bootstrap script ... ok
weekly-historical-pitr	Provision exact repository runtimes	2026-09-14T17:13:23.9684850Z performing post-bootstrap initialization ... ok
weekly-historical-pitr	Provision exact repository runtimes	2026-09-14T17:13:23.9792720Z syncing data to disk ... ok
weekly-historical-pitr	Provision exact repository runtimes	2026-09-14T17:13:23.9795250Z 
weekly-historical-pitr	Provision exact repository runtimes	2026-09-14T17:13:23.9795390Z 
weekly-historical-pitr	Provision exact repository runtimes	2026-09-14T17:13:23.9795770Z Success. You can now start the database server using:
weekly-historical-pitr	Provision exact repository runtimes	2026-09-14T17:13:23.9796440Z 
weekly-historical-pitr	Provision exact repository runtimes	2026-09-14T17:13:23.9796780Z     '/opt/homebrew/Cellar/postgresql@18/18.6/bin/pg_ctl' -D '/opt/homebrew/var/postgresql@18' -l logfile start
weekly-historical-pitr	Provision exact repository runtimes	2026-09-14T17:13:23.9797150Z 
weekly-historical-pitr	Provision exact repository runtimes	2026-09-14T17:13:23.9797320Z initdb: warning: enabling "trust" authentication for local connections
weekly-historical-pitr	Provision exact repository runtimes	2026-09-14T17:13:23.9798750Z initdb: hint: You can change this by editing pg_hba.conf or using the option -A, or --auth-local and --auth-host, the next time you run initdb.
weekly-historical-pitr	Provision exact repository runtimes	2026-09-14T17:13:24.4991650Z 🍺  /opt/homebrew/Cellar/postgresql@18/18.6: 3,873 files, 77.7MB
weekly-historical-pitr	Provision exact repository runtimes	2026-09-14T17:13:24.4996180Z ^[[32m==>^[[0m ^[[1mCaveats^[[0m
weekly-historical-pitr	Provision exact repository runtimes	2026-09-14T17:13:24.4996740Z ^[[34m==>^[[0m ^[[1mpostgresql@18^[[0m
weekly-historical-pitr	Provision exact repository runtimes	2026-09-14T17:13:24.4997090Z This formula has created a default database cluster with:
weekly-historical-pitr	Provision exact repository runtimes	2026-09-14T17:13:24.5005130Z   initdb --locale=en_US.UTF-8 -E UTF-8 /opt/homebrew/var/postgresql@18
weekly-historical-pitr	Provision exact repository runtimes	2026-09-14T17:13:24.5005460Z 
weekly-historical-pitr	Provision exact repository runtimes	2026-09-14T17:13:24.5005750Z When uninstalling, some dead symlinks are left behind so you may want to run:
weekly-historical-pitr	Provision exact repository runtimes	2026-09-14T17:13:24.5006230Z   brew cleanup --prune-prefix
weekly-historical-pitr	Provision exact repository runtimes	2026-09-14T17:13:24.5006420Z 
weekly-historical-pitr	Provision exact repository runtimes	2026-09-14T17:13:24.5006590Z To start postgresql@18 now and restart at login:
weekly-historical-pitr	Provision exact repository runtimes	2026-09-14T17:13:24.5006890Z   brew services start postgresql@18
weekly-historical-pitr	Provision exact repository runtimes	2026-09-14T17:13:24.5007310Z Or, if you don't want/need a background service you can just run:
weekly-historical-pitr	Provision exact repository runtimes	2026-09-14T17:13:24.5007880Z   LC_ALL="en_US.UTF-8" /opt/homebrew/opt/postgresql@18/bin/postgres -D /opt/homebrew/var/postgresql@18
weekly-historical-pitr	Provision exact repository runtimes	2026-09-14T17:13:25.0067660Z Runtime preflight passed: Elixir 1.20.2, OTP 29.0.5, PostgreSQL 18.6
weekly-historical-pitr	Provision exact repository runtimes	2026-09-14T17:13:25.5695390Z Runtime preflight passed: Elixir 1.20.2, OTP 29.0.5, PostgreSQL 18.6
weekly-historical-pitr	Provision exact repository runtimes	2026-09-14T17:13:26.3636980Z * creating /Users/runner/.mix/archives/hex-2.5.1
weekly-historical-pitr	Provision exact repository runtimes	2026-09-14T17:13:26.8794360Z Resolving Hex dependencies...
weekly-historical-pitr	Provision exact repository runtimes	2026-09-14T17:13:26.9739290Z Resolution completed in 0.092s
weekly-historical-pitr	Provision exact repository runtimes	2026-09-14T17:13:26.9868130Z Unchanged:
weekly-historical-pitr	Provision exact repository runtimes	2026-09-14T17:13:26.9868570Z   argon2_elixir 4.1.3
weekly-historical-pitr	Provision exact repository runtimes	2026-09-14T17:13:26.9876400Z   bandit 1.12.5
weekly-historical-pitr	Provision exact repository runtimes	2026-09-14T17:13:26.9876710Z   certifi 2.17.0
weekly-historical-pitr	Provision exact repository runtimes	2026-09-14T17:13:26.9877370Z   comeonin 5.5.1
weekly-historical-pitr	Provision exact repository runtimes	2026-09-14T17:13:26.9877840Z   db_connection 2.10.2
weekly-historical-pitr	Provision exact repository runtimes	2026-09-14T17:13:26.9878370Z   decimal 3.1.1
weekly-historical-pitr	Provision exact repository runtimes	2026-09-14T17:13:26.9878710Z   dns_cluster 0.2.0
weekly-historical-pitr	Provision exact repository runtimes	2026-09-14T17:13:26.9879330Z   ecto 3.14.2
weekly-historical-pitr	Provision exact repository runtimes	2026-09-14T17:13:26.9879620Z   ecto_sql 3.14.0
weekly-historical-pitr	Provision exact repository runtimes	2026-09-14T17:13:26.9880070Z   elixir_make 0.10.0
weekly-historical-pitr	Provision exact repository runtimes	2026-09-14T17:13:26.9880610Z   expo 1.1.1
weekly-historical-pitr	Provision exact repository runtimes	2026-09-14T17:13:26.9881180Z   gettext 1.0.2
weekly-historical-pitr	Provision exact repository runtimes	2026-09-14T17:13:26.9881610Z   h2 0.12.0
weekly-historical-pitr	Provision exact repository runtimes	2026-09-14T17:13:26.9882280Z   hackney 4.7.4
weekly-historical-pitr	Provision exact repository runtimes	2026-09-14T17:13:26.9882650Z   hammer 7.4.1
weekly-historical-pitr	Provision exact repository runtimes	2026-09-14T17:13:26.9882880Z   hex_core 0.15.0
weekly-historical-pitr	Provision exact repository runtimes	2026-09-14T17:13:26.9883280Z   hpax 1.0.4
weekly-historical-pitr	Provision exact repository runtimes	2026-09-14T17:13:26.9883770Z   idna 7.1.0
weekly-historical-pitr	Provision exact repository runtimes	2026-09-14T17:13:26.9884080Z   jason 1.4.5
weekly-historical-pitr	Provision exact repository runtimes	2026-09-14T17:13:26.9884640Z   mime 2.0.7
weekly-historical-pitr	Provision exact repository runtimes	2026-09-14T17:13:26.9885040Z   mimerl 1.5.0
weekly-historical-pitr	Provision exact repository runtimes	2026-09-14T17:13:26.9885450Z   optimus 0.6.1
weekly-historical-pitr	Provision exact repository runtimes	2026-09-14T17:13:26.9885920Z   parse_trans 3.4.2
weekly-historical-pitr	Provision exact repository runtimes	2026-09-14T17:13:26.9886460Z   phoenix 1.8.13
weekly-historical-pitr	Provision exact repository runtimes	2026-09-14T17:13:26.9886760Z   phoenix_ecto 4.7.0
weekly-historical-pitr	Provision exact repository runtimes	2026-09-14T17:13:26.9887380Z   phoenix_pubsub 2.3.0
weekly-historical-pitr	Provision exact repository runtimes	2026-09-14T17:13:26.9887690Z   phoenix_template 1.0.4
weekly-historical-pitr	Provision exact repository runtimes	2026-09-14T17:13:26.9888300Z   plug 1.20.3
weekly-historical-pitr	Provision exact repository runtimes	2026-09-14T17:13:26.9888790Z   plug_crypto 2.2.0
weekly-historical-pitr	Provision exact repository runtimes	2026-09-14T17:13:26.9889310Z   postgrex 0.22.4
weekly-historical-pitr	Provision exact repository runtimes	2026-09-14T17:13:26.9889640Z   protobuf 0.16.1
weekly-historical-pitr	Provision exact repository runtimes	2026-09-14T17:13:26.9890380Z   purl 0.3.0
weekly-historical-pitr	Provision exact repository runtimes	2026-09-14T17:13:26.9890920Z   quic 1.8.2
weekly-historical-pitr	Provision exact repository runtimes	2026-09-14T17:13:26.9891300Z   sbom 0.10.0
weekly-historical-pitr	Provision exact repository runtimes	2026-09-14T17:13:26.9892010Z   ssl_verify_fun 1.1.7
weekly-historical-pitr	Provision exact repository runtimes	2026-09-14T17:13:26.9892440Z   stream_data 1.4.0
weekly-historical-pitr	Provision exact repository runtimes	2026-09-14T17:13:26.9892980Z   telemetry 1.4.2
weekly-historical-pitr	Provision exact repository runtimes	2026-09-14T17:13:26.9893360Z   telemetry_metrics 1.2.0
weekly-historical-pitr	Provision exact repository runtimes	2026-09-14T17:13:26.9893810Z   telemetry_poller 1.3.0
weekly-historical-pitr	Provision exact repository runtimes	2026-09-14T17:13:26.9894220Z   thousand_island 1.5.0
weekly-historical-pitr	Provision exact repository runtimes	2026-09-14T17:13:26.9894610Z   tzdata 1.1.5
weekly-historical-pitr	Provision exact repository runtimes	2026-09-14T17:13:26.9895850Z   websock 0.5.3
weekly-historical-pitr	Provision exact repository runtimes	2026-09-14T17:13:26.9896180Z   websock_adapter 0.6.0
weekly-historical-pitr	Provision exact repository runtimes	2026-09-14T17:13:26.9896670Z   webtransport 0.4.5
weekly-historical-pitr	Provision exact repository runtimes	2026-09-14T17:13:27.0525800Z * creating /Users/runner/.mix/elixir/1-20-otp-29/rebar3
weekly-historical-pitr	Provision exact repository runtimes	2026-09-14T17:13:27.0725990Z All dependencies have been fetched
weekly-historical-pitr	Run one seeded historical PITR fixture	﻿2026-09-14T17:13:27.1004820Z ##[group]Run set -eu
weekly-historical-pitr	Run one seeded historical PITR fixture	2026-09-14T17:13:27.1005260Z ^[[36;1mset -eu^[[0m
weekly-historical-pitr	Run one seeded historical PITR fixture	2026-09-14T17:13:27.1005720Z ^[[36;1mevidence="$RUNNER_TEMP/historical-pitr.json"^[[0m
weekly-historical-pitr	Run one seeded historical PITR fixture	2026-09-14T17:13:27.1006060Z ^[[36;1mmissing=0^[[0m
weekly-historical-pitr	Run one seeded historical PITR fixture	2026-09-14T17:13:27.1006680Z ^[[36;1mfor name in KEEPLING_BACKUP_PRIMARY_ENDPOINT KEEPLING_BACKUP_PRIMARY_REGION KEEPLING_BACKUP_PRIMARY_ACCESS_KEY KEEPLING_BACKUP_PRIMARY_SECRET_KEY; do^[[0m
weekly-historical-pitr	Run one seeded historical PITR fixture	2026-09-14T17:13:27.1007290Z ^[[36;1m  test -n "$(printenv "$name")" || missing=1^[[0m
weekly-historical-pitr	Run one seeded historical PITR fixture	2026-09-14T17:13:27.1007600Z ^[[36;1mdone^[[0m
weekly-historical-pitr	Run one seeded historical PITR fixture	2026-09-14T17:13:27.1007870Z ^[[36;1mif test "$missing" -ne 0; then^[[0m
weekly-historical-pitr	Run one seeded historical PITR fixture	2026-09-14T17:13:27.1008360Z ^[[36;1m  jq -n '{version:1,fixture:"historical-pitr",result:"NON_PASSING",reason:"missing_protected_credentials",seed:20260901}' >"$evidence"^[[0m
weekly-historical-pitr	Run one seeded historical PITR fixture	2026-09-14T17:13:27.1009160Z ^[[36;1m  ./tooling/verify-privacy.sh "$evidence"^[[0m
weekly-historical-pitr	Run one seeded historical PITR fixture	2026-09-14T17:13:27.1009420Z ^[[36;1m  exit 1^[[0m
weekly-historical-pitr	Run one seeded historical PITR fixture	2026-09-14T17:13:27.1009630Z ^[[36;1mfi^[[0m
weekly-historical-pitr	Run one seeded historical PITR fixture	2026-09-14T17:13:27.1009860Z ^[[36;1mstarted=$(date +%s)^[[0m
weekly-historical-pitr	Run one seeded historical PITR fixture	2026-09-14T17:13:27.1010210Z ^[[36;1m./tooling/verify-restore.sh --fixture historical-pitr^[[0m
weekly-historical-pitr	Run one seeded historical PITR fixture	2026-09-14T17:13:27.1010550Z ^[[36;1melapsed=$(( $(date +%s) - started ))^[[0m
weekly-historical-pitr	Run one seeded historical PITR fixture	2026-09-14T17:13:27.1011370Z ^[[36;1mjq -n --arg revision "$GITHUB_SHA" --argjson elapsed "$elapsed" '{version:1,fixture:"historical-pitr",result:"PASS",revision:$revision,elapsed_seconds:$elapsed,seed:20260901,semantic:"complete"}' >"$evidence"^[[0m
weekly-historical-pitr	Run one seeded historical PITR fixture	2026-09-14T17:13:27.1012190Z ^[[36;1m./tooling/verify-privacy.sh "$evidence"^[[0m
weekly-historical-pitr	Run one seeded historical PITR fixture	2026-09-14T17:13:27.1059020Z shell: /bin/bash -e {0}
weekly-historical-pitr	Run one seeded historical PITR fixture	2026-09-14T17:13:27.1059350Z env:
weekly-historical-pitr	Run one seeded historical PITR fixture	2026-09-14T17:13:27.1059540Z   KEEPLING_RESTORE_SEED: 20260901
weekly-historical-pitr	Run one seeded historical PITR fixture	2026-09-14T17:13:27.1059910Z   KEEPLING_FLAKE_POLICY: single-attempt; no-retry; teardown-required
weekly-historical-pitr	Run one seeded historical PITR fixture	2026-09-14T17:13:27.1060580Z   KEEPLING_BACKUP_PRIMARY_ENDPOINT: ***
weekly-historical-pitr	Run one seeded historical PITR fixture	2026-09-14T17:13:27.1060850Z   KEEPLING_BACKUP_PRIMARY_REGION: ***
weekly-historical-pitr	Run one seeded historical PITR fixture	2026-09-14T17:13:27.1061180Z   KEEPLING_BACKUP_PRIMARY_ACCESS_KEY: ***
weekly-historical-pitr	Run one seeded historical PITR fixture	2026-09-14T17:13:27.1061550Z   KEEPLING_BACKUP_PRIMARY_SECRET_KEY: ***
weekly-historical-pitr	Run one seeded historical PITR fixture	2026-09-14T17:13:27.1061900Z ##[endgroup]
weekly-historical-pitr	Run one seeded historical PITR fixture	2026-09-14T17:13:29.4631680Z Runtime preflight passed: Elixir 1.20.2, OTP 29.0.5, PostgreSQL 18.6
weekly-historical-pitr	Run one seeded historical PITR fixture	2026-09-14T17:13:33.6943700Z Restore verification passed: fixture=historical-pitr kind=pitr clean_target=true manifest=verified semantic=complete epoch=rotated rpo_seconds=240 duration_seconds=1260 selection_seed=20260901 selection_offset_seconds=302501
weekly-historical-pitr	Run one seeded historical PITR fixture	2026-09-14T17:13:34.4044020Z Privacy verification passed: artifacts=1 sentinels=7
weekly-historical-pitr	Run actions/upload-artifact@ea165f8d65b6e75b540449e92b4886f43607fa02	﻿2026-09-14T17:13:34.4199630Z Node 20 is being deprecated. This workflow is running with Node 24 by default. If you need to temporarily use Node 20, you can set the ACTIONS_ALLOW_USE_UNSECURE_NODE_VERSION=true environment variable. For more information see: https://github.blog/changelog/2025-09-19-deprecation-of-node-20-on-github-actions-runners/
weekly-historical-pitr	Run actions/upload-artifact@ea165f8d65b6e75b540449e92b4886f43607fa02	2026-09-14T17:13:34.4200790Z ##[group]Run actions/upload-artifact@ea165f8d65b6e75b540449e92b4886f43607fa02
weekly-historical-pitr	Run actions/upload-artifact@ea165f8d65b6e75b540449e92b4886f43607fa02	2026-09-14T17:13:34.4201150Z with:
weekly-historical-pitr	Run actions/upload-artifact@ea165f8d65b6e75b540449e92b4886f43607fa02	2026-09-14T17:13:34.4201360Z   name: recovery-historical-pitr-bounded
weekly-historical-pitr	Run actions/upload-artifact@ea165f8d65b6e75b540449e92b4886f43607fa02	2026-09-14T17:13:34.4201730Z   path: /Users/runner/work/_temp/historical-pitr.json
weekly-historical-pitr	Run actions/upload-artifact@ea165f8d65b6e75b540449e92b4886f43607fa02	2026-09-14T17:13:34.4202040Z   if-no-files-found: error
weekly-historical-pitr	Run actions/upload-artifact@ea165f8d65b6e75b540449e92b4886f43607fa02	2026-09-14T17:13:34.4202250Z   retention-days: 90
weekly-historical-pitr	Run actions/upload-artifact@ea165f8d65b6e75b540449e92b4886f43607fa02	2026-09-14T17:13:34.4202450Z   compression-level: 6
weekly-historical-pitr	Run actions/upload-artifact@ea165f8d65b6e75b540449e92b4886f43607fa02	2026-09-14T17:13:34.4202650Z   overwrite: false
weekly-historical-pitr	Run actions/upload-artifact@ea165f8d65b6e75b540449e92b4886f43607fa02	2026-09-14T17:13:34.4202840Z   include-hidden-files: false
weekly-historical-pitr	Run actions/upload-artifact@ea165f8d65b6e75b540449e92b4886f43607fa02	2026-09-14T17:13:34.4203070Z env:
weekly-historical-pitr	Run actions/upload-artifact@ea165f8d65b6e75b540449e92b4886f43607fa02	2026-09-14T17:13:34.4203250Z   KEEPLING_RESTORE_SEED: 20260901
weekly-historical-pitr	Run actions/upload-artifact@ea165f8d65b6e75b540449e92b4886f43607fa02	2026-09-14T17:13:34.4203660Z   KEEPLING_FLAKE_POLICY: single-attempt; no-retry; teardown-required
weekly-historical-pitr	Run actions/upload-artifact@ea165f8d65b6e75b540449e92b4886f43607fa02	2026-09-14T17:13:34.4204360Z   KEEPLING_BACKUP_PRIMARY_ENDPOINT: ***
weekly-historical-pitr	Run actions/upload-artifact@ea165f8d65b6e75b540449e92b4886f43607fa02	2026-09-14T17:13:34.4204670Z   KEEPLING_BACKUP_PRIMARY_REGION: ***
weekly-historical-pitr	Run actions/upload-artifact@ea165f8d65b6e75b540449e92b4886f43607fa02	2026-09-14T17:13:34.4204970Z   KEEPLING_BACKUP_PRIMARY_ACCESS_KEY: ***
weekly-historical-pitr	Run actions/upload-artifact@ea165f8d65b6e75b540449e92b4886f43607fa02	2026-09-14T17:13:34.4205300Z   KEEPLING_BACKUP_PRIMARY_SECRET_KEY: ***
weekly-historical-pitr	Run actions/upload-artifact@ea165f8d65b6e75b540449e92b4886f43607fa02	2026-09-14T17:13:34.4205540Z ##[endgroup]
weekly-historical-pitr	Run actions/upload-artifact@ea165f8d65b6e75b540449e92b4886f43607fa02	2026-09-14T17:13:34.7149500Z (node:3036) [DEP0040] DeprecationWarning: The `punycode` module is deprecated. Please use a userland alternative instead.
weekly-historical-pitr	Run actions/upload-artifact@ea165f8d65b6e75b540449e92b4886f43607fa02	2026-09-14T17:13:34.7150280Z (Use `node --trace-deprecation ...` to show where the warning was created)
weekly-historical-pitr	Run actions/upload-artifact@ea165f8d65b6e75b540449e92b4886f43607fa02	2026-09-14T17:13:34.7188150Z With the provided path, there will be 1 file uploaded
weekly-historical-pitr	Run actions/upload-artifact@ea165f8d65b6e75b540449e92b4886f43607fa02	2026-09-14T17:13:34.7191840Z Artifact name is valid!
weekly-historical-pitr	Run actions/upload-artifact@ea165f8d65b6e75b540449e92b4886f43607fa02	2026-09-14T17:13:34.7192240Z Root directory input is valid!
weekly-historical-pitr	Run actions/upload-artifact@ea165f8d65b6e75b540449e92b4886f43607fa02	2026-09-14T17:13:35.2632800Z (node:3036) [DEP0169] DeprecationWarning: `url.parse()` behavior is not standardized and prone to errors that have security implications. Use the WHATWG URL API instead. CVEs are not issued for `url.parse()` vulnerabilities.
weekly-historical-pitr	Run actions/upload-artifact@ea165f8d65b6e75b540449e92b4886f43607fa02	2026-09-14T17:13:35.2644230Z Beginning upload of artifact content to blob storage
weekly-historical-pitr	Run actions/upload-artifact@ea165f8d65b6e75b540449e92b4886f43607fa02	2026-09-14T17:13:35.5098830Z Uploaded bytes 306
weekly-historical-pitr	Run actions/upload-artifact@ea165f8d65b6e75b540449e92b4886f43607fa02	2026-09-14T17:13:35.5825340Z Finished uploading artifact content to blob storage!
weekly-historical-pitr	Run actions/upload-artifact@ea165f8d65b6e75b540449e92b4886f43607fa02	2026-09-14T17:13:35.5830690Z SHA256 digest of uploaded artifact zip is e88caa48ea7440a1b044f50f91e2edc94ea22198fc02d1f99f86f9fc7f960c26
weekly-historical-pitr	Run actions/upload-artifact@ea165f8d65b6e75b540449e92b4886f43607fa02	2026-09-14T17:13:35.5831870Z Finalizing artifact upload
weekly-historical-pitr	Run actions/upload-artifact@ea165f8d65b6e75b540449e92b4886f43607fa02	2026-09-14T17:13:35.8776020Z Artifact recovery-historical-pitr-bounded.zip successfully finalized. Artifact ID 10359429467
weekly-historical-pitr	Run actions/upload-artifact@ea165f8d65b6e75b540449e92b4886f43607fa02	2026-09-14T17:13:35.8780800Z Artifact recovery-historical-pitr-bounded has been successfully uploaded! Final size is 306 bytes. Artifact ID is 10359429467
weekly-historical-pitr	Run actions/upload-artifact@ea165f8d65b6e75b540449e92b4886f43607fa02	2026-09-14T17:13:35.8787140Z Artifact download URL: https://github.com/szTheory/keepling/actions/runs/34873365684/artifacts/10359429467
weekly-historical-pitr	Post Run actions/cache@0400d5f644dc74513175e3cd8d07132dd4860809	﻿2026-09-14T17:13:36.1065630Z Node 20 is being deprecated. This workflow is running with Node 24 by default. If you need to temporarily use Node 20, you can set the ACTIONS_ALLOW_USE_UNSECURE_NODE_VERSION=true environment variable. For more information see: https://github.blog/changelog/2025-09-19-deprecation-of-node-20-on-github-actions-runners/
weekly-historical-pitr	Post Run actions/cache@0400d5f644dc74513175e3cd8d07132dd4860809	2026-09-14T17:13:36.1066720Z Post job cleanup.
weekly-historical-pitr	Post Run actions/cache@0400d5f644dc74513175e3cd8d07132dd4860809	2026-09-14T17:13:36.2246580Z Cache hit occurred on the primary key recovery-macOS-b64baa56e0ddc791bb7f6084868bfc400318216624a22f148f82dc313f3f1ab1, not saving cache.
weekly-historical-pitr	Post Run actions/cache@0400d5f644dc74513175e3cd8d07132dd4860809	2026-09-14T17:13:36.2247680Z (node:3043) [DEP0040] DeprecationWarning: The `punycode` module is deprecated. Please use a userland alternative instead.
weekly-historical-pitr	Post Run actions/cache@0400d5f644dc74513175e3cd8d07132dd4860809	2026-09-14T17:13:36.2248380Z (Use `node --trace-deprecation ...` to show where the warning was created)
weekly-historical-pitr	Post Run actions/checkout@34e114876b0b11c390a56381ad16ebd13914f8d5	﻿2026-09-14T17:13:36.2332210Z Node 20 is being deprecated. This workflow is running with Node 24 by default. If you need to temporarily use Node 20, you can set the ACTIONS_ALLOW_USE_UNSECURE_NODE_VERSION=true environment variable. For more information see: https://github.blog/changelog/2025-09-19-deprecation-of-node-20-on-github-actions-runners/
weekly-historical-pitr	Post Run actions/checkout@34e114876b0b11c390a56381ad16ebd13914f8d5	2026-09-14T17:13:36.2333240Z Post job cleanup.
weekly-historical-pitr	Post Run actions/checkout@34e114876b0b11c390a56381ad16ebd13914f8d5	2026-09-14T17:13:36.3178800Z [command]/opt/homebrew/bin/git version
weekly-historical-pitr	Post Run actions/checkout@34e114876b0b11c390a56381ad16ebd13914f8d5	2026-09-14T17:13:36.3239800Z git version 2.55.0
weekly-historical-pitr	Post Run actions/checkout@34e114876b0b11c390a56381ad16ebd13914f8d5	2026-09-14T17:13:36.3255040Z Copying '/Users/runner/.gitconfig' to '/Users/runner/work/_temp/07571e13-e667-46c3-ae25-84e575caf98a/.gitconfig'
weekly-historical-pitr	Post Run actions/checkout@34e114876b0b11c390a56381ad16ebd13914f8d5	2026-09-14T17:13:36.3260970Z Temporarily overriding HOME='/Users/runner/work/_temp/07571e13-e667-46c3-ae25-84e575caf98a' before making global git config changes
weekly-historical-pitr	Post Run actions/checkout@34e114876b0b11c390a56381ad16ebd13914f8d5	2026-09-14T17:13:36.3261770Z Adding repository directory to the temporary git global config as a safe directory
weekly-historical-pitr	Post Run actions/checkout@34e114876b0b11c390a56381ad16ebd13914f8d5	2026-09-14T17:13:36.3264250Z [command]/opt/homebrew/bin/git config --global --add safe.directory /Users/runner/work/keepling/keepling
weekly-historical-pitr	Post Run actions/checkout@34e114876b0b11c390a56381ad16ebd13914f8d5	2026-09-14T17:13:36.3319720Z [command]/opt/homebrew/bin/git config --local --name-only --get-regexp core\.sshCommand
weekly-historical-pitr	Post Run actions/checkout@34e114876b0b11c390a56381ad16ebd13914f8d5	2026-09-14T17:13:36.3372610Z [command]/opt/homebrew/bin/git submodule foreach --recursive sh -c "git config --local --name-only --get-regexp 'core\.sshCommand' && git config --local --unset-all 'core.sshCommand' || :"
weekly-historical-pitr	Post Run actions/checkout@34e114876b0b11c390a56381ad16ebd13914f8d5	2026-09-14T17:13:36.4156750Z [command]/opt/homebrew/bin/git config --local --name-only --get-regexp http\.https\:\/\/github\.com\/\.extraheader
weekly-historical-pitr	Post Run actions/checkout@34e114876b0b11c390a56381ad16ebd13914f8d5	2026-09-14T17:13:36.4225020Z http.https://github.com/.extraheader
weekly-historical-pitr	Post Run actions/checkout@34e114876b0b11c390a56381ad16ebd13914f8d5	2026-09-14T17:13:36.4234720Z [command]/opt/homebrew/bin/git config --local --unset-all http.https://github.com/.extraheader
weekly-historical-pitr	Post Run actions/checkout@34e114876b0b11c390a56381ad16ebd13914f8d5	2026-09-14T17:13:36.4296860Z [command]/opt/homebrew/bin/git submodule foreach --recursive sh -c "git config --local --name-only --get-regexp 'http\.https\:\/\/github\.com\/\.extraheader' && git config --local --unset-all 'http.https://github.com/.extraheader' || :"
weekly-historical-pitr	Post Run actions/checkout@34e114876b0b11c390a56381ad16ebd13914f8d5	2026-09-14T17:13:36.4975490Z [command]/opt/homebrew/bin/git config --local --name-only --get-regexp ^includeIf\.gitdir:
weekly-historical-pitr	Post Run actions/checkout@34e114876b0b11c390a56381ad16ebd13914f8d5	2026-09-14T17:13:36.5043210Z [command]/opt/homebrew/bin/git submodule foreach --recursive git config --local --show-origin --name-only --get-regexp remote.origin.url
weekly-historical-pitr	Complete job	﻿2026-09-14T17:13:36.5832230Z Cleaning up orphan processes
weekly-historical-pitr	Complete job	2026-09-14T17:13:37.0989320Z ##[warning]Node.js 20 is deprecated. The following actions target Node.js 20 but are being forced to run on Node.js 24: actions/cache@0400d5f644dc74513175e3cd8d07132dd4860809, actions/checkout@34e114876b0b11c390a56381ad16ebd13914f8d5, actions/upload-artifact@ea165f8d65b6e75b540449e92b4886f43607fa02. For more information see: https://github.blog/changelog/2025-09-19-deprecation-of-node-20-on-github-actions-runners/
