# Declarative map of every credential the protected release lanes need.
#
# FORMAT (whitespace separated, four columns):
#   <github-environment>  <secret-name>  <source>  <required|optional>
#
# A source is either an `op://<vault>/<item-uuid>/<field>` 1Password reference,
# or a `derive:` rule the script computes.
#
# ITEMS ARE ADDRESSED BY UUID, NEVER BY TITLE. `op read` accepts only its own
# reference grammar and rejects anything outside it, and every title here uses
# an en dash, so the title form cannot resolve at all. A UUID also survives the
# item being renamed. Run `--fields` to regenerate these references.
#
# NOTHING IN THIS FILE IS A CREDENTIAL. It names where credentials come from,
# not what they are, and a UUID is useless without access to the vault. It is
# committed deliberately so the credential surface of this repository is
# reviewable in the tree.

# Keepling - B2 Primary Backup.
# The endpoint and region are DERIVED, not stored. They are not independent
# facts -- they are determined by the account the application key belongs to,
# and b2_authorize_account states them. A transcribed copy would just be a
# second place for them to be wrong.
recovery-protected  KEEPLING_BACKUP_PRIMARY_ENDPOINT    derive:b2-s3-endpoint                                    required
recovery-protected  KEEPLING_BACKUP_PRIMARY_REGION      derive:b2-s3-region                                      required
recovery-protected  KEEPLING_BACKUP_PRIMARY_ACCESS_KEY  op://Personal/pvdsx37purgqzwndrokc5pif4a/keyID           required
recovery-protected  KEEPLING_BACKUP_PRIMARY_SECRET_KEY  op://Personal/pvdsx37purgqzwndrokc5pif4a/applicationKey  required

# Keepling - Hetzner Provisioning.
recovery-live       HCLOUD_TOKEN                        op://Personal/oi7dzaxhzlqtynnmdypmkzaa6y/token           required

# Keepling - Cloudflare DNS Cutover.
recovery-live       CLOUDFLARE_API_TOKEN                op://Personal/n4aewxzk6kbcqlmwsoearpmcti/token           required

# NOT YET LISTED, deliberately. The live host-replacement lane also needs
# KEEPLING_DNS_ZONE_ID, KEEPLING_DNS_RECORD_NAME, an SSH public key, the R2
# mirror credential (phsuyqlsbtm5x7yro5axoqugpm) and the backup cipher
# (qeqfg3v7tpavtmsj7ifkln7sma). No workflow consumes any of them today, because
# that lane is hardcoded NON_PASSING and never reads a credential. Uploading
# live credentials that no code path can use is not preparation, it is
# exposure. They go in with the lane wiring.
